--------- beginning of main
07-08 21:28:02.581  1654  1654 W VvmPkgInstalledRcvr: carrierVvmPkgAdded: carrier vvm packages doesn't contain app.quickiefix
07-08 21:28:02.582  6743  6743 I Finsky  : [2] Memory trim requested to level 40
07-08 21:28:02.582  6743  6743 I Finsky  : [2] Flushing in-memory image cache
07-08 21:28:02.586  1017  1017 D ControlsListingControllerImpl: ServiceConfig reloaded, count: 0
07-08 21:28:02.586  1654  2327 I SatelliteAppTracker: onPackageModified : app.quickiefix
07-08 21:28:02.588  6743  6743 I Finsky  : [2] Memory trim requested to level 40
07-08 21:28:02.589  6743  6743 I Finsky  : [2] Flushing in-memory image cache
07-08 21:28:02.589  6743  6743 I Finsky  : [2] akvm - Received: android.intent.action.PACKAGE_ADDED, [C1Lf0WUagwQMhQ3LOxqMFUA1QP7S4kTM4pFPIJIKwrc]
07-08 21:28:02.593   654   654 D AppSearchAppsIndexerManagerS: userid in package receiver: 10219
07-08 21:28:02.596  6037  6037 I Finsky:background: [2] Memory trim requested to level 40
07-08 21:28:02.599  6037  6037 I Finsky:background: [2] Memory trim requested to level 40
07-08 21:28:02.599  6037  6037 I Finsky:background: [2] akvc - Received: android.intent.action.PACKAGE_ADDED, [C1Lf0WUagwQMhQ3LOxqMFUA1QP7S4kTM4pFPIJIKwrc]
07-08 21:28:02.608   654  1121 I Role    : com.google.android.gms not qualified for android.app.role.SYSTEM_DEPENDENCY_INSTALLER due to missing RequiredComponent{mIntentFilterData=IntentFilterData{mAction='android.content.pm.action.INSTALL_DEPENDENCY', mCategories='[]', mDataScheme='null', mDataType='null'}, mMinTargetSdkVersion=1, mFlags='0', mPermission='android.permission.BIND_DEPENDENCY_INSTALLER', mQueryFlags=0, mMetaData=[]}
07-08 21:28:02.612  1654  1654 D CarrierSvcBindHelper: onPackageModified: app.quickiefix
07-08 21:28:02.613  1019  3489 I PermissionControllerServiceImpl: Updating user sensitive for uid 10219
07-08 21:28:02.613  1654  1654 D CarrierSvcBindHelper: No carrier app for: 0
07-08 21:28:02.631   654  1121 E RoleControllerServiceImpl: Default/fallback role holder package doesn't qualify for the role, package: com.google.android.gms, role: android.app.role.SYSTEM_DEPENDENCY_INSTALLER
07-08 21:28:02.634  6743  6743 I Finsky  : [2] Do not start WearSupportService due to Wear service optimization
07-08 21:28:02.638  1654  1654 E SmsApplication: com.google.android.apps.messaging lost android:read_cell_broadcasts:  (fixing)
--------- beginning of system
07-08 21:28:02.638   654  1915 W AppOpService: Ignored setUidMode call for runtime permission app op: uid = 10145, code = READ_CELL_BROADCASTS, mode = allow, callingUid = 1001, oldMode = allow
07-08 21:28:02.639  6743  6743 I Finsky  : [2] Clearing split related stale data.
07-08 21:28:02.648  6743  6743 I Finsky  : [2] DTU: Received onPackageAdded, replacing: false
07-08 21:28:02.648  6743  6743 I Finsky  : [2] akvm - Received: android.intent.action.PACKAGE_CHANGED, [C1Lf0WUagwQMhQ3LOxqMFUA1QP7S4kTM4pFPIJIKwrc]
07-08 21:28:02.649  6743  6801 I Finsky  : [63] AIM: AppInfoManager-Perf > OnDeviceAppInfo > cacheHitCount=0, cacheMissCount=1. Missed  in cache (limit 10) : [app.quickiefix]
07-08 21:28:02.649  6743  8454 I Finsky  : [181] [ContentSync] finished, scheduled=false
07-08 21:28:02.651  6037  6037 I Finsky:background: [2] akvc - Received: android.intent.action.PACKAGE_CHANGED, [C1Lf0WUagwQMhQ3LOxqMFUA1QP7S4kTM4pFPIJIKwrc]
07-08 21:28:02.653   654   788 V AccessibilityManagerService: onUserStateChangedLocked for userId: 0, forceUpdate: false
07-08 21:28:02.656  6743  6806 I Finsky  : [64] AIM: Got app ownership map. App counts: . Unique apps: 0
07-08 21:28:02.656  6743  6806 E Finsky  : [64] [Counters] attempted to use a non-positive increment for: 4752
07-08 21:28:02.656  6743  6806 E Finsky  : [64] [Counters] attempted to use a non-positive increment for: 4753
07-08 21:28:02.679   654  1653 W AppOpService: Ignored setUidMode call for runtime permission app op: uid = 1001, code = READ_SMS, mode = allow, callingUid = 1001, oldMode = allow
07-08 21:28:02.693  6743  6794 I Finsky  : [57] AIM: AppInfoManager-Perf > OnDeviceAppInfo > cacheHitCount=0, cacheMissCount=1. Missed  in cache (limit 10) : [app.quickiefix]
07-08 21:28:02.693  6743  6794 I Finsky  : [57] AIM: Got app ownership map. App counts: . Unique apps: 0
07-08 21:28:02.693  6743  6794 E Finsky  : [57] [Counters] attempted to use a non-positive increment for: 4752
07-08 21:28:02.696  6743  6782 I Finsky  : [48] RECEIVER_PACKAGE_MONITOR#logWorkEndAndFinishGoAsync: SUCCESS
07-08 21:28:02.712  6037  6130 I Finsky:background: [55] RECEIVER_PACKAGE_MONITOR_BACKGROUND#logWorkEndAndFinishGoAsync: SUCCESS
07-08 21:28:02.714   654  2560 W AppOpService: Ignored setUidMode call for runtime permission app op: uid = 1001, code = RECEIVE_SMS, mode = allow, callingUid = 1001, oldMode = allow
07-08 21:28:02.714   654  2560 W AppOpService: Ignored setUidMode call for runtime permission app op: uid = 1001, code = RECEIVE_WAP_PUSH, mode = allow, callingUid = 1001, oldMode = allow
07-08 21:28:02.715   654  2560 W AppOpService: Ignored setUidMode call for runtime permission app op: uid = 1001, code = SEND_SMS, mode = allow, callingUid = 1001, oldMode = allow
07-08 21:28:02.716   654  2561 W AppOpService: Ignored setUidMode call for runtime permission app op: uid = 1001, code = READ_CELL_BROADCASTS, mode = allow, callingUid = 1001, oldMode = allow
07-08 21:28:02.718  6037  8435 I Finsky:background: [137] Wrote row to frosting DB: 328
07-08 21:28:02.718  6743  6801 E Finsky  : [63] [Counters] attempted to use a non-positive increment for: 4753
07-08 21:28:02.719  6743  6801 I Finsky  : [63] AIM: AppInfoManager-Perf > ItemModel > CacheSize=0, cacheHitCount=0, cacheMissCount=1, total appsWithNoServerDataCount=0. Missed  in cache (limit 10) : [app.quickiefix]
07-08 21:28:02.720  6743  6801 I Finsky  : [63] AIM: AppInfoManager-Perf > ItemModel > ItemStore Called 1 apps cacheOptions = USE_CACHE
07-08 21:28:02.720  6743  6801 I Finsky  : [63] AIM: ItemModel fetch - unauth(1), auth()
07-08 21:28:02.764  6743  6806 I Finsky  : [64] ItemStore: Not cached: app.quickiefix
07-08 21:28:02.768  1654  1654 D SatelliteController: packageStateChanged: package:app.quickiefix DefaultSmsPackageName:com.google.android.apps.messaging
07-08 21:28:02.768  1654  1654 V SatelliteController: Neither SMS or SatelliteGateway package
07-08 21:28:02.772  6600  8459 I Fitness : (REDACTED) OnPackageChangedOperation got intent: %s
07-08 21:28:02.773  1654  2309 D ImsResolver: maybeAddedImsService, packageName: app.quickiefix
07-08 21:28:02.773  1654  2309 V ImsResolver: searchForImsServices: package=app.quickiefix, users=[UserHandle{0}]
07-08 21:28:02.775  6743  6743 E Finsky  : [2] bsgo failed GRPC call!
07-08 21:28:02.775  6743  6743 E Finsky  : java.lang.UnsupportedOperationException: Unauth not supported in gRPC BrowseService.
07-08 21:28:02.775  6743  6743 E Finsky  : 	at ablg.c(PG:175)
07-08 21:28:02.775  6743  6743 E Finsky  : 	at able.b(PG:310)
07-08 21:28:02.775  6743  6743 E Finsky  : 	at able.a(PG:54)
07-08 21:28:02.775  6743  6743 E Finsky  : 	at org.chromium.net.AndroidNetworkLibrary.v(PG:14)
07-08 21:28:02.775  6743  6743 E Finsky  : 	at internal.org.jni_zero.CommonApis.aj(PG:29)
07-08 21:28:02.775  6743  6743 E Finsky  : 	at internal.org.jni_zero.CommonApis.ak(PG:12)
07-08 21:28:02.775  6743  6743 E Finsky  : 	at ablf.b(PG:37)
07-08 21:28:02.775  6743  6743 E Finsky  : 	at ablf.kz(PG:23)
07-08 21:28:02.775  6743  6743 E Finsky  : 	at spc.b(PG:25)
07-08 21:28:02.775  6743  6743 E Finsky  : 	at cefe.x(PG:5)
07-08 21:28:02.775  6743  6743 E Finsky  : 	at cemo.run(PG:109)
07-08 21:28:02.775  6743  6743 E Finsky  : 	at java.util.concurrent.ThreadPoolExecutor.runWorker(ThreadPoolExecutor.java:1156)
07-08 21:28:02.775  6743  6743 E Finsky  : 	at java.util.concurrent.ThreadPoolExecutor$Worker.run(ThreadPoolExecutor.java:651)
07-08 21:28:02.775  6743  6743 E Finsky  : 	at wja.run(PG:618)
07-08 21:28:02.775  6743  6743 E Finsky  : 	at java.lang.Thread.run(Thread.java:1119)
07-08 21:28:02.778  6037  8435 I Finsky:background: [137] Wrote row to frosting DB: 329
07-08 21:28:02.783  6743  6798 E Finsky  : [61] ItemStore: getItems RPC failed for item app.quickiefix
07-08 21:28:02.787  1654  1654 E SmsApplication: com.google.android.apps.messaging lost android:read_cell_broadcasts:  (fixing)
07-08 21:28:02.791  1654  2309 V ImsResolver: searchForImsServices: package=app.quickiefix, users=[UserHandle{0}]
07-08 21:28:02.807  6743  6801 I Finsky  : [63] AIM: AppInfoManager-Perf > ItemModel > CacheSize=0, cacheHitCount=0, cacheMissCount=1, total appsWithNoServerDataCount=0. Missed  in cache (limit 10) : [app.quickiefix]
07-08 21:28:02.807  6743  6801 I Finsky  : [63] AIM: AppInfoManager-Perf > ItemModel > ItemStore Called 1 apps cacheOptions = USE_CACHE
07-08 21:28:02.808  6743  6801 I Finsky  : [63] AIM: ItemModel fetch - unauth(1), auth()
07-08 21:28:02.808  6743  6801 I Finsky  : [63] ItemStore: Not cached: app.quickiefix
07-08 21:28:02.811   654   694 D LauncherAppsService: onPackageAdded: triggering onPackageAdded for user=UserHandle{0}, packageName=app.quickiefix
07-08 21:28:02.813   654   694 D LauncherAppsService: onPackageAdded: triggering onPackageAdded for user=UserHandle{0}, packageName=app.quickiefix
07-08 21:28:02.813   654   694 D LauncherAppsService: onPackageAdded: Skipping - package filtered for user=UserHandle{0}, packageName=app.quickiefix
07-08 21:28:02.813   654   694 D LauncherAppsService: onPackageAdded: triggering onPackageAdded for user=UserHandle{0}, packageName=app.quickiefix
07-08 21:28:02.813   654   694 W PackageManager: Failed registering loading progress callback. Package is fully loaded.
07-08 21:28:02.813  1310  1340 D LauncherAppsCallbackImpl: onPackageAdded triggered for packageName=app.quickiefix, user=UserHandle{0}
07-08 21:28:02.813  1310  1340 D PackageUpdatedTask: Package updated: mOp=ADD packages=[app.quickiefix], user=UserHandle{0}
07-08 21:28:02.815  1310  1340 I s.nexuslauncher: AssetManager2(0x7df5cfe9d538) locale list changing from [] to [en-US]
07-08 21:28:02.820  1310  1340 W HWUI    : Image decoding logging dropped!
07-08 21:28:02.827   654  2556 W AppOpService: Ignored setUidMode call for runtime permission app op: uid = 10145, code = READ_CELL_BROADCASTS, mode = allow, callingUid = 1001, oldMode = allow
07-08 21:28:02.861  6743  6743 E Finsky  : [2] bsgo failed GRPC call!
07-08 21:28:02.861  6743  6743 E Finsky  : java.lang.UnsupportedOperationException: Unauth not supported in gRPC BrowseService.
07-08 21:28:02.861  6743  6743 E Finsky  : 	at ablg.c(PG:175)
07-08 21:28:02.861  6743  6743 E Finsky  : 	at able.b(PG:310)
07-08 21:28:02.861  6743  6743 E Finsky  : 	at able.a(PG:54)
07-08 21:28:02.861  6743  6743 E Finsky  : 	at org.chromium.net.AndroidNetworkLibrary.v(PG:14)
07-08 21:28:02.861  6743  6743 E Finsky  : 	at internal.org.jni_zero.CommonApis.aj(PG:29)
07-08 21:28:02.861  6743  6743 E Finsky  : 	at internal.org.jni_zero.CommonApis.ak(PG:12)
07-08 21:28:02.861  6743  6743 E Finsky  : 	at ablf.b(PG:37)
07-08 21:28:02.861  6743  6743 E Finsky  : 	at ablf.kz(PG:23)
07-08 21:28:02.861  6743  6743 E Finsky  : 	at spc.b(PG:25)
07-08 21:28:02.861  6743  6743 E Finsky  : 	at cefe.x(PG:5)
07-08 21:28:02.861  6743  6743 E Finsky  : 	at cemo.run(PG:109)
07-08 21:28:02.861  6743  6743 E Finsky  : 	at java.util.concurrent.ThreadPoolExecutor.runWorker(ThreadPoolExecutor.java:1156)
07-08 21:28:02.861  6743  6743 E Finsky  : 	at java.util.concurrent.ThreadPoolExecutor$Worker.run(ThreadPoolExecutor.java:651)
07-08 21:28:02.861  6743  6743 E Finsky  : 	at wja.run(PG:618)
07-08 21:28:02.861  6743  6743 E Finsky  : 	at java.lang.Thread.run(Thread.java:1119)
07-08 21:28:02.866  6743  6798 E Finsky  : [61] ItemStore: getItems RPC failed for item app.quickiefix
07-08 21:28:02.869  1530  1530 I AiAiEcho: AppFetcherImplV2 updateApps package:[app.quickiefix], userId:[0], reason:[package is added.].
07-08 21:28:02.889  1530  8492 I ogle.android.as: AssetManager2(0x7df5cfeaacd8) locale list changing from [] to [en-US]
07-08 21:28:02.889  6037  8435 I Finsky:background: [137] Wrote row to frosting DB: 330
07-08 21:28:02.891  1530  8510 I AiAiEcho: AppIndexer Package:[app.quickiefix] UserProfile:[0] Enabled:[true].
07-08 21:28:02.891  1530  8510 I AiAiEcho: AppFetcherImplV2 updateApps package:[app.quickiefix], userId:[0], reason:[package is updated.].
07-08 21:28:02.891  1310  2393 W HWUI    : Failed to initialize 101010-2 format, error = EGL_SUCCESS
07-08 21:28:02.897   654  1121 E RoleControllerServiceImpl: Default/fallback role holder package doesn't qualify for the role, package: com.google.android.gms, role: android.app.role.WALLET
07-08 21:28:02.920  1310  1340 W HWUI    : Image decoding logging dropped!
07-08 21:28:02.921  1310  1340 D AlphabeticIndexCompat: computeSectionName: cs: QuickieFix sectionName: Q
07-08 21:28:02.922  1310  1310 D AllAppsStore: setApps: apps.length=20
07-08 21:28:02.922  1310  1310 D AllAppsStore: notifyUpdate: notifying listeners
07-08 21:28:02.922  1310  1310 D ActivityAllAppsContainerView: onAppsUpdated; number of apps: 20
07-08 21:28:02.922  1310  1310 D ActivityAllAppsContainerView: rebindAdapters: force: false
07-08 21:28:02.922  1310  1310 D ActivityAllAppsContainerView: rebindAdapters: Not needed.
07-08 21:28:02.922  1310  1310 D StatsLog: LAUNCHER_ALLAPPS_COUNT
07-08 21:28:02.922  1310  1310 D AlphabeticalAppsList: Clearing FastScrollerSections.
07-08 21:28:02.922  1310  1310 D AlphabeticalAppsList: Adding apps with sections. HasPrivateApps: false
07-08 21:28:02.922  1310  1310 D AlphabeticalAppsList: addAppsWithSections: adding sectionName: C with appInfoTitle: Calendar
07-08 21:28:02.922  1310  1310 D AlphabeticalAppsList: addAppsWithSections: adding sectionName: D with appInfoTitle: Drive
07-08 21:28:02.922  1310  1310 D AlphabeticalAppsList: addAppsWithSections: adding sectionName: F with appInfoTitle: Files
07-08 21:28:02.922  1310  1310 D AlphabeticalAppsList: addAppsWithSections: adding sectionName: G with appInfoTitle: Gmail
07-08 21:28:02.922  1310  1310 D AlphabeticalAppsList: addAppsWithSections: adding sectionName: M with appInfoTitle: Maps
07-08 21:28:02.922  1310  1310 D AlphabeticalAppsList: addAppsWithSections: adding sectionName: P with appInfoTitle: Phone
07-08 21:28:02.922  1310  1310 D AlphabeticalAppsList: addAppsWithSections: adding sectionName: Q with appInfoTitle: QuickieFix
07-08 21:28:02.922  1310  1310 D AlphabeticalAppsList: addAppsWithSections: adding sectionName: S with appInfoTitle: Safety
07-08 21:28:02.922  1310  1310 D AlphabeticalAppsList: addAppsWithSections: adding sectionName: T with appInfoTitle: TMoble
07-08 21:28:02.922  1310  1310 D AlphabeticalAppsList: addAppsWithSections: adding sectionName: Y with appInfoTitle: YouTube
07-08 21:28:02.922  1310  1310 D AlphabeticalAppsList: Adding FastScrollSection duplicate to scroll to the bottom.
07-08 21:28:02.923  1310  1310 D AlphabeticalAppsList: Clearing FastScrollerSections.
07-08 21:28:02.923  1310  1310 D AlphabeticalAppsList: Adding apps with sections. HasPrivateApps: false
07-08 21:28:02.923  1310  1310 D AlphabeticalAppsList: addAppsWithSections: adding sectionName: C with appInfoTitle: Calendar
07-08 21:28:02.923  1310  1310 D AlphabeticalAppsList: addAppsWithSections: adding sectionName: D with appInfoTitle: Drive
07-08 21:28:02.923  1310  1310 D AlphabeticalAppsList: addAppsWithSections: adding sectionName: F with appInfoTitle: Files
07-08 21:28:02.923  1310  1310 D AlphabeticalAppsList: addAppsWithSections: adding sectionName: G with appInfoTitle: Gmail
07-08 21:28:02.923  1310  1310 D AlphabeticalAppsList: addAppsWithSections: adding sectionName: M with appInfoTitle: Maps
07-08 21:28:02.923  1310  1310 D AlphabeticalAppsList: addAppsWithSections: adding sectionName: P with appInfoTitle: Phone
07-08 21:28:02.923  1310  1310 D AlphabeticalAppsList: addAppsWithSections: adding sectionName: Q with appInfoTitle: QuickieFix
07-08 21:28:02.923  1310  1310 D AlphabeticalAppsList: addAppsWithSections: adding sectionName: S with appInfoTitle: Safety
07-08 21:28:02.923  1310  1310 D AlphabeticalAppsList: addAppsWithSections: adding sectionName: T with appInfoTitle: TMoble
07-08 21:28:02.923  1310  1310 D AlphabeticalAppsList: addAppsWithSections: adding sectionName: Y with appInfoTitle: YouTube
07-08 21:28:02.923  1310  1310 D AlphabeticalAppsList: Adding FastScrollSection duplicate to scroll to the bottom.
07-08 21:28:02.939  6600  8466 I Fitness : (REDACTED) FitCleanupIntentOperation received Intent %s
07-08 21:28:02.939  6037  8435 I Finsky:background: [137] Wrote row to frosting DB: 331
07-08 21:28:02.951   654  2556 W AppOpService: Ignored setUidMode call for runtime permission app op: uid = 1001, code = READ_SMS, mode = allow, callingUid = 1001, oldMode = allow
07-08 21:28:02.951  1310  1340 W HWUI    : Image decoding logging dropped!
07-08 21:28:02.955  1577  1577 I faht    : (REDACTED) O received %s
07-08 21:28:02.974   654   788 W MagnificationConnectionManager: requestConnection duplicated request: connect=false, mConnectionState=DISCONNECTED
07-08 21:28:02.976   654   788 V AccessibilityManagerService: onUserStateChangedLocked for userId: 0, forceUpdate: false
07-08 21:28:02.983   654   744 V SafetySourceDataValidat: Package: com.android.vending has expected signature
07-08 21:28:02.984   654   744 V SafetySourceDataValidat: Package: com.android.vending has expected signature
07-08 21:28:02.992  6600  8480 I ProximityAuth: [RecentAppsMediator] Package added: (user=UserHandle{0}) app.quickiefix
07-08 21:28:02.997  1310  1340 D AlphabeticIndexCompat: computeSectionName: cs: Settings sectionName: S
07-08 21:28:03.000  6037  6130 I Finsky:background: [55] RECEIVER_ENGAGE_PACKAGE_CHANGED#logWorkEndAndFinishGoAsync: SKIPPED_PRECONDITIONS_UNMET
07-08 21:28:03.002  1310  1340 D AlphabeticIndexCompat: computeSectionName: cs: Photos sectionName: P
07-08 21:28:03.002  1310  1340 D AlphabeticIndexCompat: computeSectionName: cs: Battery sectionName: B
07-08 21:28:03.003  1310  1340 D AlphabeticIndexCompat: computeSectionName: cs: Chrome sectionName: C
07-08 21:28:03.003  1310  1340 D AlphabeticIndexCompat: computeSectionName: cs: Gmail sectionName: G
07-08 21:28:03.004  1310  1340 D AlphabeticIndexCompat: computeSectionName: cs: Drive sectionName: D
07-08 21:28:03.004  1310  1340 D AlphabeticIndexCompat: computeSectionName: cs: Clock sectionName: C
07-08 21:28:03.004  1310  1340 D AlphabeticIndexCompat: computeSectionName: cs: Contacts sectionName: C
07-08 21:28:03.005  1310  1340 D AlphabeticIndexCompat: computeSectionName: cs: Calendar sectionName: C
07-08 21:28:03.005  1310  1340 D AlphabeticIndexCompat: computeSectionName: cs: Maps sectionName: M
07-08 21:28:03.005  1310  1340 D AlphabeticIndexCompat: computeSectionName: cs: YouTube Music sectionName: Y
07-08 21:28:03.006  1310  1340 D AlphabeticIndexCompat: computeSectionName: cs: YouTube sectionName: Y
07-08 21:28:03.011   654  3205 W AppOpService: Ignored setUidMode call for runtime permission app op: uid = 1001, code = RECEIVE_SMS, mode = allow, callingUid = 1001, oldMode = allow
07-08 21:28:03.011   654  3205 W AppOpService: Ignored setUidMode call for runtime permission app op: uid = 1001, code = RECEIVE_WAP_PUSH, mode = allow, callingUid = 1001, oldMode = allow
07-08 21:28:03.012  1310  1340 D AlphabeticIndexCompat: computeSectionName: cs: Google sectionName: G
07-08 21:28:03.013  1310  1340 D AlphabeticIndexCompat: computeSectionName: cs: Android System Intelligence sectionName: A
07-08 21:28:03.013  1310  1340 D AlphabeticIndexCompat: computeSectionName: cs: Digital Wellbeing sectionName: D
07-08 21:28:03.014  1310  1340 D AlphabeticIndexCompat: computeSectionName: cs: Conversations sectionName: C
07-08 21:28:03.015   654   978 D BackgroundInstallControlService: Package event received: 0
07-08 21:28:03.023  1310  1340 D PackageUpdatedTask: Package updated: mOp=UPDATE packages=[app.quickiefix], user=UserHandle{0}
07-08 21:28:03.025   654  1121 I system_server: AssetManager2(0x7df5cff2d458) locale list changing from [] to [en-US]
07-08 21:28:03.036  6600  8480 I .gms.persistent: AssetManager2(0x7df5cfeb9418) locale list changing from [] to [en-US]
07-08 21:28:03.039  7417  8458 I Auth    : (REDACTED) [SupervisedAccountIntentOperation] onHandleIntent: %s
07-08 21:28:03.050  6600  8467 W GCM     : Unexpected forwarded intent: Intent { act=android.intent.action.PACKAGE_ADDED dat=package: flg=0x4000010 pkg=com.google.android.gms cmp=com.google.android.gms/.chimera.PersistentIntentOperationService (has extras) }
07-08 21:28:03.055  1310  1340 W HWUI    : Image decoding logging dropped!
07-08 21:28:03.059   654  2560 W AppOpService: Ignored setUidMode call for runtime permission app op: uid = 1001, code = SEND_SMS, mode = allow, callingUid = 1001, oldMode = allow
07-08 21:28:03.061  6037  6042 W ding:background: Reducing the number of considered missed Gc histogram windows from 256 to 100
07-08 21:28:03.068   654   744 W AppOpService: Ignored setUidMode call for runtime permission app op: uid = 1001, code = READ_CELL_BROADCASTS, mode = allow, callingUid = 1001, oldMode = allow
07-08 21:28:03.068  1654  1654 D SatelliteAccessController: Current default SMS app:ComponentInfo{com.google.android.apps.messaging/com.google.android.apps.messaging.shared.receiver.SmsDeliverReceiver}
07-08 21:28:03.068  1654  1654 D SatelliteController: getSelectedSatelliteSubId: subId=-1
07-08 21:28:03.075  6743  6743 I Finsky  : [2] Memory trim requested to level 40
07-08 21:28:03.076  6743  6743 I Finsky  : [2] Flushing in-memory image cache
07-08 21:28:03.076  1654  1654 D SatelliteAccessController: supportedMsgApps:com.google.android.apps.messaging
07-08 21:28:03.078  6037  6037 I Finsky:background: [2] Memory trim requested to level 40
07-08 21:28:03.090  7417  8485 I gle.android.gms: AssetManager2(0x7df5cfe94898) locale list changing from [] to [en-US]
07-08 21:28:03.095   654  1605 I system_server: AssetManager2(0x7df5cff2f398) locale list changing from [] to [en-US]
07-08 21:28:03.108  6600  8466 I Fitness : (REDACTED) OnPackageChangedOperation got intent: %s
07-08 21:28:03.115  6600  8471 W NetworkScheduler: Unexpected forwarded intent: Intent { act=android.intent.action.PACKAGE_ADDED dat=package: flg=0x4000010 pkg=com.google.android.gms cmp=com.google.android.gms/.chimera.PersistentIntentOperationService (has extras) }
07-08 21:28:03.116  1310  1340 W HWUI    : Image decoding logging dropped!
07-08 21:28:03.116  1310  1340 D AlphabeticIndexCompat: computeSectionName: cs: QuickieFix sectionName: Q
07-08 21:28:03.117  1310  1310 D AllAppsStore: setApps: apps.length=20
07-08 21:28:03.117  1310  1310 D AllAppsStore: notifyUpdate: notifying listeners
07-08 21:28:03.117  1310  1310 D ActivityAllAppsContainerView: onAppsUpdated; number of apps: 20
07-08 21:28:03.117  1310  1310 D ActivityAllAppsContainerView: rebindAdapters: force: false
07-08 21:28:03.117  1310  1310 D ActivityAllAppsContainerView: rebindAdapters: Not needed.
07-08 21:28:03.117  1310  1310 D StatsLog: LAUNCHER_ALLAPPS_COUNT
07-08 21:28:03.117  1310  1310 D AlphabeticalAppsList: Clearing FastScrollerSections.
07-08 21:28:03.117  1310  1310 D AlphabeticalAppsList: Adding apps with sections. HasPrivateApps: false
07-08 21:28:03.117  1310  1310 D AlphabeticalAppsList: addAppsWithSections: adding sectionName: C with appInfoTitle: Calendar
07-08 21:28:03.117  1310  1310 D AlphabeticalAppsList: addAppsWithSections: adding sectionName: D with appInfoTitle: Drive
07-08 21:28:03.117  1310  1310 D AlphabeticalAppsList: addAppsWithSections: adding sectionName: F with appInfoTitle: Files
07-08 21:28:03.117  1310  1310 D AlphabeticalAppsList: addAppsWithSections: adding sectionName: G with appInfoTitle: Gmail
07-08 21:28:03.117  1310  1310 D AlphabeticalAppsList: addAppsWithSections: adding sectionName: M with appInfoTitle: Maps
07-08 21:28:03.117  1310  1310 D AlphabeticalAppsList: addAppsWithSections: adding sectionName: P with appInfoTitle: Phone
07-08 21:28:03.117  1310  1310 D AlphabeticalAppsList: addAppsWithSections: adding sectionName: Q with appInfoTitle: QuickieFix
07-08 21:28:03.117  1310  1310 D AlphabeticalAppsList: addAppsWithSections: adding sectionName: S with appInfoTitle: Safety
07-08 21:28:03.117  1310  1310 D AlphabeticalAppsList: addAppsWithSections: adding sectionName: T with appInfoTitle: TMoble
07-08 21:28:03.117  1310  1310 D AlphabeticalAppsList: addAppsWithSections: adding sectionName: Y with appInfoTitle: YouTube
07-08 21:28:03.117  1310  1310 D AlphabeticalAppsList: Adding FastScrollSection duplicate to scroll to the bottom.
07-08 21:28:03.117  1310  1310 D AlphabeticalAppsList: Clearing FastScrollerSections.
07-08 21:28:03.117  1310  1310 D AlphabeticalAppsList: Adding apps with sections. HasPrivateApps: false
07-08 21:28:03.117  1310  1310 D AlphabeticalAppsList: addAppsWithSections: adding sectionName: C with appInfoTitle: Calendar
07-08 21:28:03.117  1310  1310 D AlphabeticalAppsList: addAppsWithSections: adding sectionName: D with appInfoTitle: Drive
07-08 21:28:03.117  1310  1310 D AlphabeticalAppsList: addAppsWithSections: adding sectionName: F with appInfoTitle: Files
07-08 21:28:03.117  1310  1310 D AlphabeticalAppsList: addAppsWithSections: adding sectionName: G with appInfoTitle: Gmail
07-08 21:28:03.117  1310  1310 D AlphabeticalAppsList: addAppsWithSections: adding sectionName: M with appInfoTitle: Maps
07-08 21:28:03.117  1310  1310 D AlphabeticalAppsList: addAppsWithSections: adding sectionName: P with appInfoTitle: Phone
07-08 21:28:03.117  1310  1310 D AlphabeticalAppsList: addAppsWithSections: adding sectionName: Q with appInfoTitle: QuickieFix
07-08 21:28:03.117  1310  1310 D AlphabeticalAppsList: addAppsWithSections: adding sectionName: S with appInfoTitle: Safety
07-08 21:28:03.117  1310  1310 D AlphabeticalAppsList: addAppsWithSections: adding sectionName: T with appInfoTitle: TMoble
07-08 21:28:03.117  1310  1310 D AlphabeticalAppsList: addAppsWithSections: adding sectionName: Y with appInfoTitle: YouTube
07-08 21:28:03.117  1310  1310 D AlphabeticalAppsList: Adding FastScrollSection duplicate to scroll to the bottom.
07-08 21:28:03.123   654  1121 W SignedPackage: Cannot get ApplicationInfo for package: com.google.android.devicelockcontroller
07-08 21:28:03.172  6600  8459 I Fitness : (REDACTED) FitCleanupIntentOperation received Intent %s
07-08 21:28:03.172   654  2560 W ParceledListSlice: Element #26 is 19620 bytes.
07-08 21:28:03.172   654  2560 W ParceledListSlice: Element #27 is 19656 bytes.
07-08 21:28:03.172   654  2560 W ParceledListSlice: Element #28 is 19496 bytes.
07-08 21:28:03.172   654  2560 W ParceledListSlice: Element #29 is 19584 bytes.
07-08 21:28:03.172   654  2560 W ParceledListSlice: Element #30 is 19520 bytes.
07-08 21:28:03.176  8508  8508 D AndroidRuntime: >>>>>> START com.android.internal.os.RuntimeInit uid 2000 <<<<<<
07-08 21:28:03.183  8508  8508 I AndroidRuntime: Using default boot image
07-08 21:28:03.183  8508  8508 I AndroidRuntime: Leaving lock profiling enabled
07-08 21:28:03.186  8508  8508 I app_process: Using CollectorTypeCMC GC.
07-08 21:28:03.209  1530  2061 I AiAiEcho: EchoSearch: WidgetFetcherImpl is initialized with [34] widgets [reason=package added for userId: 0]
07-08 21:28:03.238  7417  8458 W AppInstallOperation: FDL Migration::InstallIntentOperation by FDL Module [CONTEXT service_id=77 ]
07-08 21:28:03.239  7417  8468 I Blockstore: (REDACTED) [DataStoreImpl] Clearing Blockstore Data for package %s
07-08 21:28:03.239  7417  8468 I Blockstore: [DataStoreImpl] Keyless data not found or its IsLastInstallationData = false. [CONTEXT service_id=258 ]
07-08 21:28:03.239  7417  8468 I FraudProtectUtils: Not in testing population, skipping local test bank apps. [CONTEXT service_id=469 ]
07-08 21:28:03.239  7417  8468 I FraudProtectUtils: (REDACTED) Latest bank app list size: %d, %s isBankApp: false
07-08 21:28:03.239  7417  8468 I PackageInstallIntentOp: (REDACTED) Package %s is not a bank app. Skipping updates.
07-08 21:28:03.256  7417  8458 I NearbyDiscovery: (REDACTED) processGrantSlicePermission: %s
07-08 21:28:03.259  7417  8469 I Dck     : (REDACTED) disableDckSupport: %s
07-08 21:28:03.260  7417  8469 E Dck     : Could not get ProviderInfo when resolving the content provider authority. [CONTEXT service_id=289 ]
07-08 21:28:03.276   654   788 W MagnificationConnectionManager: requestConnection duplicated request: connect=false, mConnectionState=DISCONNECTED
07-08 21:28:03.268  7417  8469 I Dck     : Samsung Content Provider failed app verification [CONTEXT service_id=289 ]
07-08 21:28:03.278  7417  8469 I Dck     : [WirelessCapabilitiesFeatures] wccSysProp: 0 [CONTEXT service_id=289 ]
07-08 21:28:03.280  7417  8469 I Dck     : [WirelessCapabilitiesFeatures] wccOverride: not set [CONTEXT service_id=289 ]
07-08 21:28:03.280   654   654 W Looper  : Slow dispatch took 301ms main app=system_server main=true group=FOREGROUND h=com.android.server.accessibility.AccessibilityManagerService$MainHandler c=<recycled PooledLambda@8835515> m=0
07-08 21:28:03.280   654   654 W Looper  : Slow delivery took 306ms main app=system_server main=true group=FOREGROUND h=com.android.server.accessibility.AccessibilityManagerService$MainHandler c=<recycled PooledLambda@715d02a> m=0
07-08 21:28:03.280   654   654 W IPCThreadState: Sending oneway calls to frozen process.
07-08 21:28:03.280   654   654 W IPCThreadState: Sending oneway calls to frozen process.
07-08 21:28:03.280   654   654 W IPCThreadState: Sending oneway calls to frozen process.
07-08 21:28:03.280   654   654 W IPCThreadState: Sending oneway calls to frozen process.
07-08 21:28:03.281   654   654 W IPCThreadState: Sending oneway calls to frozen process.
07-08 21:28:03.281   654   654 W Looper  : Drained
07-08 21:28:03.281   654   654 W IPCThreadState: Sending oneway calls to frozen process.
07-08 21:28:03.281   654   654 W IPCThreadState: Sending oneway calls to frozen process.
07-08 21:28:03.281   654   654 W IPCThreadState: Sending oneway calls to frozen process.
07-08 21:28:03.281   654   654 W IPCThreadState: Sending oneway calls to frozen process.
07-08 21:28:03.281   654   654 W IPCThreadState: Sending oneway calls to frozen process.
07-08 21:28:03.292  7417  8469 I Dck     : (REDACTED) [WirelessCapabilitiesFeatures] returned wcc: %s
07-08 21:28:03.292  7417  8469 I Dck     : Dck module condition - hasWccSupport: false [CONTEXT service_id=289 ]
07-08 21:28:03.292  7417  8469 I Dck     : Dck module condition - downloadAllowed: false [CONTEXT service_id=289 ]
07-08 21:28:03.292  7417  8469 I Dck     : Dck module not eligible for asynchronous downloading [CONTEXT service_id=289 ]
07-08 21:28:03.488  7417  8484 I Icing   : Indexing com.google.android.gms-apps from com.google.android.gms
07-08 21:28:03.563  8508  8508 D nativeloader: InitDefaultPublicLibraries for_preload=1: libandroid.so:libaaudio.so:libamidi.so:libbinder_ndk.so:libc.so:libcamera2ndk.so:libdl.so:libEGL.so:libGLESv1_CM.so:libGLESv2.so:libGLESv3.so:libicu.so:libicui18n.so:libicuuc.so:libjnigraphics.so:liblog.so:libmediandk.so:libm.so:libnativehelper.so:libnativewindow.so:libOpenMAXAL.so:libOpenSLES.so:libRS.so:libstdc++.so:libsync.so:libvulkan.so:libwebviewchromium_plat_support.so:libz.so
07-08 21:28:03.579  8508  8508 D nativeloader: Load libicu_jni.so using APEX ns com_android_art for caller /apex/com.android.art/javalib/core-oj.jar: ok
07-08 21:28:03.580  8508  8508 D app_process: u_setTimeZoneFilesDirectory("/apex/com.android.tzdata/etc/tz/versioned/9/icu") succeeded. 
07-08 21:28:03.580  8508  8508 D app_process: I18n APEX ICU file found: /apex/com.android.i18n/etc/icu/icudt76l.dat
07-08 21:28:03.581  8508  8508 D nativeloader: Load libjavacore.so using APEX ns com_android_art for caller /apex/com.android.art/javalib/core-oj.jar: ok
07-08 21:28:03.582  8508  8508 D nativeloader: Load libopenjdk.so using APEX ns com_android_art for caller /apex/com.android.art/javalib/core-oj.jar: ok
07-08 21:28:03.585  8508  8508 W app_process: Unexpected CPU variant for x86: x86_64.
07-08 21:28:03.585  8508  8508 W app_process: Known variants: atom, sandybridge, silvermont, goldmont, goldmont-plus, goldmont-without-sha-xsaves, tremont, kabylake, alderlake, default
07-08 21:28:03.613  8508  8508 D nativeloader: Load libframework-connectivity-tiramisu-jni.so using APEX ns com_android_tethering for caller /apex/com.android.tethering/javalib/framework-connectivity-t.jar: ok
07-08 21:28:03.614  8508  8508 D AndroidRuntime: Calling main entry com.android.commands.monkey.Monkey
07-08 21:28:03.615  8508  8508 D nativeloader: Load /system/lib64/libmonkey_jni.so using ns default for caller /system/framework/monkey.jar in same partition (is_bridged=0): ok
07-08 21:28:03.617  8508  8508 W Monkey  : args: [-p, app.quickiefix, -c, android.intent.category.LAUNCHER, 1]
07-08 21:28:03.622  8508  8508 I AconfigPackage: android.media.swcodec.flags is mapped to com.android.media.swcodec
07-08 21:28:03.622  8508  8508 I AconfigPackage: com.google.android.settings.simplemode.flags is mapped to system_ext
07-08 21:28:03.622  8508  8508 I AconfigPackage: com.google.android.systemui is mapped to system_ext
07-08 21:28:03.622  8508  8508 I AconfigPackage: com.google.android.apps.nexuslauncher is mapped to system_ext
07-08 21:28:03.622  8508  8508 I AconfigPackage: com.android.settings.accessibility is mapped to system_ext
07-08 21:28:03.622  8508  8508 I AconfigPackage: com.android.settings.flags is mapped to system_ext
07-08 21:28:03.622  8508  8508 I AconfigPackage: com.google.android.apps.miphone.aiai.matchmaker.overview.ui is mapped to system_ext
07-08 21:28:03.622  8508  8508 I AconfigPackage: com.google.android.settings.flags is mapped to system_ext
07-08 21:28:03.622  8508  8508 I AconfigPackage: com.android.launcher3 is mapped to system_ext
07-08 21:28:03.622  8508  8508 I AconfigPackage: com.android.wallpaper is mapped to system_ext
07-08 21:28:03.622  8508  8508 I AconfigPackage: com.android.settings.media_drm is mapped to system_ext
07-08 21:28:03.622  8508  8508 I AconfigPackage: com.android.systemui.accessibility.accessibilitymenu is mapped to system_ext
07-08 21:28:03.622  8508  8508 I AconfigPackage: com.android.settings.keyboard is mapped to system_ext
07-08 21:28:03.622  8508  8508 I AconfigPackage: com.android.server.policy.feature.flags is mapped to system_ext
07-08 21:28:03.622  8508  8508 I AconfigPackage: com.android.settings.factory_reset is mapped to system_ext
07-08 21:28:03.622  8508  8508 I AconfigPackage: com.google.android.haptics.flags is mapped to system_ext
07-08 21:28:03.622  8508  8508 I AconfigPackage: com.android.permission.flags is mapped to com.android.permission
07-08 21:28:03.622  8508  8508 I AconfigPackage: com.android.icu is mapped to com.android.i18n
07-08 21:28:03.622  8508  8508 I AconfigPackage: com.android.appsearch.flags is mapped to com.android.appsearch
07-08 21:28:03.622  8508  8508 I AconfigPackage: android.uprobestats.mainline.flags is mapped to com.android.uprobestats
07-08 21:28:03.622  8508  8508 I AconfigPackage: android.provider.flags is mapped to com.android.configinfrastructure
07-08 21:28:03.622  8508  8508 I AconfigPackage: com.android.server.deviceconfig is mapped to com.android.configinfrastructure
07-08 21:28:03.623  8508  8508 I AconfigPackage: com.android.nfc.flags is mapped to system
07-08 21:28:03.623  8508  8508 I AconfigPackage: android.app.admin.flags is mapped to system
07-08 21:28:03.623  8508  8508 I AconfigPackage: android.database.sqlite is mapped to system
07-08 21:28:03.623  8508  8508 I AconfigPackage: com.android.providers.calendar is mapped to system
07-08 21:28:03.623  8508  8508 I AconfigPackage: com.android.server.power.feature.flags is mapped to system
07-08 21:28:03.623  8508  8508 I AconfigPackage: com.android.media.performance.flags is mapped to system
07-08 21:28:03.623  8508  8508 I AconfigPackage: android.app.contextualsearch.flags is mapped to system
07-08 21:28:03.623  8508  8508 I AconfigPackage: android.app.ondeviceintelligence.flags is mapped to system
07-08 21:28:03.623  8508  8508 I AconfigPackage: com.android.media.projection.flags is mapped to system
07-08 21:28:03.623  8508  8508 I AconfigPackage: android.companion is mapped to system
07-08 21:28:03.623  8508  8508 I AconfigPackage: android.service.controls.flags is mapped to system
07-08 21:28:03.623  8508  8508 I AconfigPackage: com.android.text.flags is mapped to system
07-08 21:28:03.623  8508  8508 I AconfigPackage: com.android.providers.contactkeys.flags is mapped to system
07-08 21:28:03.623  8508  8508 I AconfigPackage: com.android.intentresolver is mapped to system
07-08 21:28:03.623  8508  8508 I AconfigPackage: android.companion.virtualdevice.flags is mapped to system
07-08 21:28:03.623  8508  8508 I AconfigPackage: android.uprobestats.flags is mapped to system
07-08 21:28:03.623  8508  8508 I AconfigPackage: com.android.net.thread.platform.flags is mapped to system
07-08 21:28:03.623  8508  8508 I AconfigPackage: android.view.contentprotection.flags is mapped to system
07-08 21:28:03.623  8508  8508 I AconfigPackage: com.android.server.dreams is mapped to system
07-08 21:28:03.623  8508  8508 I AconfigPackage: com.android.graphics.surfaceflinger.flags is mapped to system
07-08 21:28:03.623  8508  8508 I AconfigPackage: com.android.hardware.input is mapped to system
07-08 21:28:03.623  8508  8508 I AconfigPackage: android.sdk is mapped to system
07-08 21:28:03.623  8508  8508 I AconfigPackage: com.android.input.flags is mapped to system
07-08 21:28:03.623  8508  8508 I AconfigPackage: android.tracing is mapped to system
07-08 21:28:03.623  8508  8508 I AconfigPackage: com.android.server.biometrics is mapped to system
07-08 21:28:03.623  8508  8508 I AconfigPackage: android.view.contentcapture.flags is mapped to system
07-08 21:28:03.623  8508  8508 I AconfigPackage: android.app.job is mapped to system
07-08 21:28:03.623  8508  8508 I AconfigPackage: android.content.res is mapped to system
07-08 21:28:03.623  8508  8508 I AconfigPackage: android.net.platform.flags is mapped to system
07-08 21:28:03.623  8508  8508 I AconfigPackage: com.android.aconfig.flags is mapped to system
07-08 21:28:03.623  8508  8508 I AconfigPackage: com.android.graphics.flags is mapped to system
07-08 21:28:03.623  8508  8508 I AconfigPackage: android.server.app is mapped to system
07-08 21:28:03.623  8508  8508 I AconfigPackage: android.speech.flags is mapped to system
07-08 21:28:03.623  8508  8508 I AconfigPackage: com.android.server.stats is mapped to system
07-08 21:28:03.623  8508  8508 I AconfigPackage: android.hardware.biometrics is mapped to system
07-08 21:28:03.623  8508  8508 I AconfigPackage: android.car.feature is mapped to system
07-08 21:28:03.623  8508  8508 I AconfigPackage: android.adpf is mapped to system
07-08 21:28:03.623  8508  8508 I AconfigPackage: android.location.flags is mapped to system
07-08 21:28:03.623  8508  8508 I AconfigPackage: com.android.settingslib.flags is mapped to system
07-08 21:28:03.623  8508  8508 I AconfigPackage: com.android.managedprovisioning.flags is mapped to system
07-08 21:28:03.623  8508  8508 I AconfigPackage: android.app.assist.flags is mapped to system
07-08 21:28:03.623  8508  8508 I AconfigPackage: com.android.server.net is mapped to system
07-08 21:28:03.623  8508  8508 I AconfigPackage: com.android.settingslib.widget.flags is mapped to system
07-08 21:28:03.623  8508  8508 I AconfigPackage: com.android.internal.camera.flags is mapped to system
07-08 21:28:03.624  8508  8508 I AconfigPackage: com.android.hardware.libsensor.flags is mapped to system
07-08 21:28:03.624  8508  8508 I AconfigPackage: com.android.internal.jank is mapped to system
07-08 21:28:03.624  8508  8508 I AconfigPackage: com.android.providers.settings is mapped to system
07-08 21:28:03.624  8508  8508 I AconfigPackage: android.multiuser is mapped to system
07-08 21:28:03.624  8508  8508 I AconfigPackage: com.android.server.power.optimization is mapped to system
07-08 21:28:03.624  8508  8508 I AconfigPackage: com.android.calllogbackup is mapped to system
07-08 21:28:03.624  8508  8508 I AconfigPackage: com.android.media.flags is mapped to system
07-08 21:28:03.624  8508  8508 I AconfigPackage: com.android.server.flags is mapped to system
07-08 21:28:03.624  8508  8508 I AconfigPackage: com.android.graphics.libvulkan.flags is mapped to system
07-08 21:28:03.624  8508  8508 I AconfigPackage: android.app.appfunctions.flags is mapped to system
07-08 21:28:03.624  8508  8508 I AconfigPackage: android.app.smartspace.flags is mapped to system
07-08 21:28:03.624  8508  8508 I AconfigPackage: com.android.providers.contacts.flags is mapped to system
07-08 21:28:03.624  8508  8508 I AconfigPackage: com.android.shell.flags is mapped to system
07-08 21:28:03.624  8508  8508 I AconfigPackage: com.android.media.aaudio is mapped to system
07-08 21:28:03.624  8508  8508 I AconfigPackage: android.hardware.radio is mapped to system
07-08 21:28:03.624  8508  8508 I AconfigPackage: com.google.wear.services.infra.flags is mapped to system
07-08 21:28:03.624  8508  8508 I AconfigPackage: suspend_service.flags is mapped to system
07-08 21:28:03.624  8508  8508 I AconfigPackage: android.media.midi is mapped to system
07-08 21:28:03.624  8508  8508 I AconfigPackage: com.android.libcore.readonly is mapped to system
07-08 21:28:03.624  8508  8508 I AconfigPackage: com.android.settingslib.widget.selectorwithwidgetpreference.flags is mapped to system
07-08 21:28:03.624  8508  8508 I AconfigPackage: android.service.notification is mapped to system
07-08 21:28:03.624  8508  8508 I AconfigPackage: com.android.systemui.shared is mapped to system
07-08 21:28:03.624  8508  8508 I AconfigPackage: android.app.jank is mapped to system
07-08 21:28:03.624  8508  8508 I AconfigPackage: android.app.wearable is mapped to system
07-08 21:28:03.624  8508  8508 I AconfigPackage: com.android.media.audio is mapped to system
07-08 21:28:03.624  8508  8508 I AconfigPackage: android.service.chooser is mapped to system
07-08 21:28:03.624  8508  8508 I AconfigPackage: com.android.server.compat is mapped to system
07-08 21:28:03.624  8508  8508 I AconfigPackage: com.android.server.alarm is mapped to system
07-08 21:28:03.624  8508  8508 I AconfigPackage: com.android.apex.flags is mapped to system
07-08 21:28:03.624  8508  8508 I AconfigPackage: android.service.quickaccesswallet is mapped to system
07-08 21:28:03.624  8508  8508 I AconfigPackage: android.app.usage is mapped to system
07-08 21:28:03.624  8508  8508 I AconfigPackage: com.android.server.accessibility is mapped to system
07-08 21:28:03.624  8508  8508 I AconfigPackage: android.app.supervision.flags is mapped to system
07-08 21:28:03.624  8508  8508 I AconfigPackage: com.android.server.utils is mapped to system
07-08 21:28:03.624  8508  8508 I AconfigPackage: android.chre.flags is mapped to system
07-08 21:28:03.624  8508  8508 I AconfigPackage: android.content.flags is mapped to system
07-08 21:28:03.624  8508  8508 I AconfigPackage: android.media.codec is mapped to system
07-08 21:28:03.624  8508  8508 I AconfigPackage: com.android.internal.os is mapped to system
07-08 21:28:03.624  8508  8508 I AconfigPackage: com.android.nfc.nci.flags is mapped to system
07-08 21:28:03.624  8508  8508 I AconfigPackage: android.app is mapped to system
07-08 21:28:03.624  8508  8508 I AconfigPackage: android.security.keystore2 is mapped to system
07-08 21:28:03.624  8508  8508 I AconfigPackage: android.crashrecovery.flags is mapped to system
07-08 21:28:03.624  8508  8508 I AconfigPackage: com.android.tradeinmode.flags is mapped to system
07-08 21:28:03.624  8508  8508 I AconfigPackage: android.hardware.flags is mapped to system
07-08 21:28:03.624  8508  8508 I AconfigPackage: com.android.server.telecom.flags is mapped to system
07-08 21:28:03.624  8508  8508 I AconfigPackage: com.android.settingslib.media.flags is mapped to system
07-08 21:28:03.624  8508  8508 I AconfigPackage: com.android.server.policy is mapped to system
07-08 21:28:03.624  8508  8508 I AconfigPackage: android.media.audiopolicy is mapped to system
07-08 21:28:03.624  8508  8508 I AconfigPackage: com.android.egg.flags is mapped to system
07-08 21:28:03.624  8508  8508 I AconfigPackage: com.android.internal.compat.flags is mapped to system
07-08 21:28:03.624  8508  8508 I AconfigPackage: android.security is mapped to system
07-08 21:28:03.624  8508  8508 I AconfigPackage: android.service.autofill is mapped to system
07-08 21:28:03.624  8508  8508 I AconfigPackage: com.example.android.aconfig.demo.flags is mapped to system
07-08 21:28:03.624  8508  8508 I AconfigPackage: android.view.flags is mapped to system
07-08 21:28:03.624  8508  8508 I AconfigPackage: android.companion.virtual.flags is mapped to system
07-08 21:28:03.624  8508  8508 I AconfigPackage: com.android.aconfig_new_storage is mapped to system
07-08 21:28:03.624  8508  8508 I AconfigPackage: com.android.server.feature.flags is mapped to system
07-08 21:28:03.624  8508  8508 I AconfigPackage: com.android.systemui is mapped to system
07-08 21:28:03.624  8508  8508 I AconfigPackage: com.android.server.power.batterysaver is mapped to system
07-08 21:28:03.624  8508  8508 I AconfigPackage: android.widget.flags is mapped to system
07-08 21:28:03.624  8508  8508 I AconfigPackage: com.android.media.editing.flags is mapped to system
07-08 21:28:03.624  8508  8508 I AconfigPackage: com.android.media.codec.flags is mapped to system
07-08 21:28:03.624  8508  8508 I AconfigPackage: com.android.server.powerstats is mapped to system
07-08 21:28:03.624  8508  8508 I AconfigPackage: com.android.graphics.egl.flags is mapped to system
07-08 21:28:03.624  8508  8508 I AconfigPackage: com.android.media.audioserver is mapped to system
07-08 21:28:03.624  8508  8508 I AconfigPackage: com.android.server.deviceidle is mapped to system
07-08 21:28:03.624  8508  8508 I AconfigPackage: android.nfc is mapped to system
07-08 21:28:03.624  8508  8508 I AconfigPackage: android.permission.flags is mapped to system
07-08 21:28:03.624  8508  8508 I AconfigPackage: android.service.voice.flags is mapped to system
07-08 21:28:03.624  8508  8508 I AconfigPackage: android.content.pm is mapped to system
07-08 21:28:03.624  8508  8508 I AconfigPackage: com.android.server.power.hint is mapped to system
07-08 21:28:03.624  8508  8508 I AconfigPackage: android.os is mapped to system
07-08 21:28:03.624  8508  8508 I AconfigPackage: android.service.dreams is mapped to system
07-08 21:28:03.624  8508  8508 I AconfigPackage: com.android.graphics.libgui.flags is mapped to system
07-08 21:28:03.624  8508  8508 I AconfigPackage: android.hardware.usb.flags is mapped to system
07-08 21:28:03.624  8508  8508 I AconfigPackage: android.provider is mapped to system
07-08 21:28:03.624  8508  8508 I AconfigPackage: com.android.server.job is mapped to system
07-08 21:28:03.624  8508  8508 I AconfigPackage: com.android.internal.foldables.flags is mapped to system
07-08 21:28:03.624  8508  8508 I AconfigPackage: com.android.internal.telephony.flags is mapped to system
07-08 21:28:03.625  8508  8508 I AconfigPackage: android.webkit is mapped to system
07-08 21:28:03.625  8508  8508 I AconfigPackage: android.credentials.flags is mapped to system
07-08 21:28:03.625  8508  8508 I AconfigPackage: com.android.server.display.feature.flags is mapped to system
07-08 21:28:03.625  8508  8508 I AconfigPackage: com.android.server.notification is mapped to system
07-08 21:28:03.625  8508  8508 I AconfigPackage: android.appwidget.flags is mapped to system
07-08 21:28:03.625  8508  8508 I AconfigPackage: com.android.frameworks.sensorservice.flags is mapped to system
07-08 21:28:03.625  8508  8508 I AconfigPackage: com.android.printspooler.flags is mapped to system
07-08 21:28:03.625  8508  8508 I AconfigPackage: com.android.window.flags is mapped to system
07-08 21:28:03.625  8508  8508 I AconfigPackage: android.adaptiveauth is mapped to system
07-08 21:28:03.625  8508  8508 I AconfigPackage: android.net.wifi.flags is mapped to system
07-08 21:28:03.625  8508  8508 I AconfigPackage: android.media.tv.flags is mapped to system
07-08 21:28:03.625  8508  8508 I AconfigPackage: com.android.server.usb.flags is mapped to system
07-08 21:28:03.625  8508  8508 I AconfigPackage: android.os.vibrator is mapped to system
07-08 21:28:03.625  8508  8508 I AconfigPackage: android.hardware.devicestate.feature.flags is mapped to system
07-08 21:28:03.625  8508  8508 I AconfigPackage: com.android.server.usage is mapped to system
07-08 21:28:03.625  8508  8508 I AconfigPackage: android.server is mapped to system
07-08 21:28:03.625  8508  8508 I AconfigPackage: com.android.wm.shell is mapped to system
07-08 21:28:03.625  8508  8508 I AconfigPackage: android.view.inputmethod is mapped to system
07-08 21:28:03.625  8508  8508 I AconfigPackage: com.android.graphics.hwui.flags is mapped to system
07-08 21:28:03.625  8508  8508 I AconfigPackage: com.android.server.backup is mapped to system
07-08 21:28:03.625  8508  8508 I AconfigPackage: com.android.internal.pm.pkg.component.flags is mapped to system
07-08 21:28:03.625  8508  8508 I AconfigPackage: android.view.accessibility is mapped to system
07-08 21:28:03.625  8508  8508 I AconfigPackage: com.google.wear.sdk is mapped to system
07-08 21:28:03.625  8508  8508 I AconfigPackage: android.media.audio is mapped to system
07-08 21:28:03.625  8508  8508 I AconfigPackage: com.android.server.am is mapped to system
07-08 21:28:03.625  8508  8508 I AconfigPackage: com.android.media.playback.flags is mapped to system
07-08 21:28:03.625  8508  8508 I AconfigPackage: com.android.art.flags is mapped to com.android.art
07-08 21:28:03.625  8508  8508 I AconfigPackage: com.android.libcore is mapped to com.android.art
