07-08 21:28:03.625  8508  8508 I AconfigPackage: com.android.media.extractor.flags is mapped to com.android.media
07-08 21:28:03.625  8508  8508 I AconfigPackage: com.android.media.mainline.flags is mapped to com.android.media
07-08 21:28:03.625  8508  8508 I AconfigPackage: com.android.wifi.flags is mapped to com.android.wifi
07-08 21:28:03.625  8508  8508 I AconfigPackage: com.android.org.conscrypt.flags is mapped to com.android.conscrypt
07-08 21:28:03.625  8508  8508 I AconfigPackage: com.android.healthfitness.flags is mapped to com.android.healthfitness
07-08 21:28:03.626  8508  8508 I AconfigPackage: com.google.android.input.twoshay.flags is mapped to vendor
07-08 21:28:03.626  8508  8508 I AconfigPackage: libgooglecamerahal.flags is mapped to vendor
07-08 21:28:03.626  8508  8508 I AconfigPackage: com.android.ipsec.flags is mapped to com.android.ipsec
07-08 21:28:03.626  8508  8508 I AconfigPackage: com.android.nfc.module.flags is mapped to com.android.nfcservices
07-08 21:28:03.626  8508  8508 I AconfigPackage: com.android.adservices.ondevicepersonalization.flags is mapped to com.android.ondevicepersonalization
07-08 21:28:03.626  8508  8508 I AconfigPackage: com.android.bluetooth.flags is mapped to com.android.bt
07-08 21:28:03.626  8508  8508 I AconfigPackage: com.android.devicelock.flags is mapped to com.android.devicelock
07-08 21:28:03.626  8508  8508 I AconfigPackage: android.os.profiling is mapped to com.android.profiling
07-08 21:28:03.627  8508  8508 I AconfigPackage: com.android.os.statsd.flags is mapped to com.android.os.statsd
07-08 21:28:03.627  8508  8508 I AconfigPackage: com.android.cellbroadcastreceiver.flags is mapped to com.android.cellbroadcast
07-08 21:28:03.627  8508  8508 I AconfigPackage: com.android.adservices.flags is mapped to com.android.adservices
07-08 21:28:03.627  8508  8508 I AconfigPackage: com.android.sdksandbox.flags is mapped to com.android.adservices
07-08 21:28:03.627  8508  8508 I AconfigPackage: com.android.uwb.flags is mapped to com.android.uwb
07-08 21:28:03.627  8508  8508 I AconfigPackage: com.android.ranging.flags is mapped to com.android.uwb
07-08 21:28:03.627  8508  8508 I AconfigPackage: android.graphics.pdf.flags is mapped to com.android.mediaprovider
07-08 21:28:03.627  8508  8508 I AconfigPackage: com.android.providers.media.flags is mapped to com.android.mediaprovider
07-08 21:28:03.627  8508  8508 I AconfigPackage: android.graphics.pdf.flags.readonly is mapped to com.android.mediaprovider
07-08 21:28:03.627  8508  8508 I AconfigPackage: com.android.net.ct.flags is mapped to com.android.tethering
07-08 21:28:03.627  8508  8508 I AconfigPackage: com.android.net.flags is mapped to com.android.tethering
07-08 21:28:03.627  8508  8508 I AconfigPackage: android.net.vcn is mapped to com.android.tethering
07-08 21:28:03.627  8508  8508 I AconfigPackage: com.android.nearby.flags is mapped to com.android.tethering
07-08 21:28:03.627  8508  8508 I AconfigPackage: android.net.http is mapped to com.android.tethering
07-08 21:28:03.627  8508  8508 I AconfigPackage: com.android.net.thread.flags is mapped to com.android.tethering
07-08 21:28:03.627  8508  8508 I AconfigPackage: com.android.system.virtualmachine.flags is mapped to com.android.virt
07-08 21:28:03.628  8508  8508 E FeatureFlagsImplExport: android.os.flagging.AconfigStorageReadException: ERROR_PACKAGE_NOT_FOUND: package android.xr cannot be found on the device
07-08 21:28:03.635  8508  8508 W Monkey  :  arg: "-p"
07-08 21:28:03.635  8508  8508 W Monkey  :  arg: "app.quickiefix"
07-08 21:28:03.635  8508  8508 W Monkey  :  arg: "-c"
07-08 21:28:03.636   654   778 D EventHub: No input device configuration file found for device 'Monkey touch'.
07-08 21:28:03.639   654   778 I EventHub: usingClockIoctl=true
07-08 21:28:03.639   654   778 I EventHub: New device: id=17, fd=718, path='/dev/input/event14', name='Monkey touch', classes=TOUCH | TOUCH_MT, configuration='', keyLayout='', keyCharacterMap='', builtinKeyboard=false, 
07-08 21:28:03.641   654   778 I InputReader: Device reconfigured: id=17, name='Monkey touch', size 1080x2160, orientation Rotation0, mode DIRECT, display id 0
07-08 21:28:03.641   654   778 I InputReader: Device added: id=17, eventHubId=17, name='Monkey touch', descriptor='e1fe28b90f915c7d1febbd52c1ef84b3c4cbed9f',sources=TOUCHSCREEN
07-08 21:28:03.667   654   778 E WindowManager: Display reconfigured outside of a transition: Display{#0 state=ON size=1080x2160 ROTATION_0}
07-08 21:28:03.668   654   689 W IPCThreadState: Sending oneway calls to frozen process.
07-08 21:28:03.671  8508  8508 W Monkey  :  arg: "android.intent.category.LAUNCHER"
07-08 21:28:03.671  8508  8508 W Monkey  :  arg: "1"
07-08 21:28:03.671  8508  8508 W Monkey  : data="app.quickiefix"
07-08 21:28:03.671  8508  8508 W Monkey  : data="android.intent.category.LAUNCHER"
07-08 21:28:03.679   654   689 W IPCThreadState: Sending oneway calls to frozen process.
07-08 21:28:03.697   654   675 I system_server: Background concurrent mark compact GC freed 15MB AllocSpace bytes, 40(928KB) LOS objects, 42% free, 32MB/56MB, paused 1.545ms,16.193ms total 1.271s
07-08 21:28:03.701   654  1911 W ActivityManager: registerReceiverWithFeature: no app for null
07-08 21:28:03.707  7417  8484 I Icing   : Indexing done com.google.android.gms-apps
07-08 21:28:03.712   654   677 W System  : A resource failed to call close. 
07-08 21:28:03.716  7417  8485 I gle.android.gms: AssetManager2(0x7df5cfe999d8) locale list changing from [] to [en-US]
07-08 21:28:03.723   654  1755 W ActivityTaskManager: callingPackage for (uid=2000, pid=8508) has no WPC
07-08 21:28:03.729   654  1755 I system_server: AssetManager2(0x7df5cff01538) locale list changing from [] to [en-US]
07-08 21:28:03.731   654  1755 V GrammaticalInflectionUtils: AttributionSource: android.content.AttributionSource@c1dcfb2c does not have READ_SYSTEM_GRAMMATICAL_GENDER permission.
07-08 21:28:03.732   654  1755 W OptProp : Cannot read opt property android.window.PROPERTY_COMPAT_ALLOW_USER_ASPECT_RATIO_OVERRIDE
07-08 21:28:03.732   654  1755 W OptProp : Cannot read opt property android.window.PROPERTY_COMPAT_ALLOW_USER_ASPECT_RATIO_FULLSCREEN_OVERRIDE
07-08 21:28:03.732   654  1755 W OptProp : Cannot read opt property android.window.PROPERTY_COMPAT_ALLOW_RESIZEABLE_ACTIVITY_OVERRIDES
07-08 21:28:03.733   654  1755 W OptProp : Cannot read opt property android.window.PROPERTY_COMPAT_ALLOW_MIN_ASPECT_RATIO_OVERRIDE
07-08 21:28:03.739   654  1755 W OptProp : Cannot read opt property android.window.PROPERTY_COMPAT_ALLOW_ORIENTATION_OVERRIDE
07-08 21:28:03.751   654  1755 I ActivityTaskManager: START u0 {act=android.intent.action.MAIN cat=[android.intent.category.LAUNCHER] flg=0x10200000 cmp=app.quickiefix/.MainActivity} with LAUNCH_SINGLE_TASK from uid 2000 (BAL_ALLOW_PERMISSION) result code=0
07-08 21:28:03.751  8508  8508 I Monkey  : Events injected: 1
07-08 21:28:03.755  1310  1310 W SplitSelectStateCtor: Missing session instanceIds
07-08 21:28:03.756  1310  1310 D StatsLog: LAUNCHER_SPLIT_SELECTION_EXIT_INTERRUPTED
07-08 21:28:03.776  1017  1017 W DSRotLockSettingsMngr: Setting is ignored, but no fallback was specified.
07-08 21:28:03.779  1017  1120 V WindowManagerShell: Transition requested (#17): android.os.BinderProxy@8187a7a TransitionRequestInfo { type = OPEN, triggerTask = TaskInfo{userId=0 taskId=9 effectiveUid=10219 displayId=0 isRunning=true baseIntent=Intent { act=android.intent.action.MAIN cat=[android.intent.category.LAUNCHER] flg=0x10200000 cmp=app.quickiefix/.MainActivity } baseActivity=ComponentInfo{app.quickiefix/app.quickiefix.MainActivity} topActivity=ComponentInfo{app.quickiefix/app.quickiefix.MainActivity} origActivity=null realActivity=ComponentInfo{app.quickiefix/app.quickiefix.MainActivity} numActivities=1 lastActiveTime=7689731 supportsMultiWindow=true resizeMode=1 isResizeable=true minWidth=-1 minHeight=-1 defaultMinSize=220 token=WCT{android.window.IWindowContainerToken$Stub$Proxy@c19822b} topActivityType=1 pictureInPictureParams=null shouldDockBigOverlays=false launchIntoPipHostTaskId=-1 lastParentTaskIdBeforePip=-1 displayCutoutSafeInsets=Rect(0, 0 - 0, 0) topActivityInfo=ActivityInfo{4c7b688 app.quickiefix.MainActivity} launchCookies=[] positionInParent=Point(0, 0) parentTaskId=-1 isFocused=false isVisible=false isVisibleRequested=false isTopActivityNoDisplay=false isSleeping=false locusId=null displayAreaFeatureId=1 isTopActivityTransparent=false isActivityStackTransparent=false lastNonFullscreenBounds=Rect(254, 540 - 827, 1620) capturedLink=null capturedLinkTimestamp=0 requestedVisibleTypes=-9 topActivityRequestOpenInBrowserEducationTimestamp=0 appCompatTaskInfo=AppCompatTaskInfo { topActivityInSizeCompat=false eligibleForLetterboxEducation= false isLetterboxEducationEnabled= true isLetterboxDoubleTapEnabled= false eligibleForUserAspectRatioButton= false topActivityBoundsLetterboxed= false isFromLetterboxDoubleTap= false topActivityLetterboxVerticalPosition= -1 topActivityLetterboxHorizontalPosition= -1 topActivityLetterboxWidth=-1 topActivityLetterboxHeight=-1 topActivityAppBounds=Rect(0, 0 - 1080, 2160) isUserFullscreenOverrideEnabled=false isSystemFullscreenOverrideEnabled=false hasMinAspectRatioOverride=false topActivityLetterboxBounds=null cameraCompatTaskInfo=CameraCompatTaskInfo { freeformCameraCompatMode=inactive}} topActivityMainWindowFrame=null}, pipChange = null, remoteTransition = null, displayChange = null, flags = 0, debugId = 17 }
07-08 21:28:03.791   654  3711 I AppsFilter: interaction: PackageSetting{dcc9e25 com.android.microdroid.empty_payload/10196} -> PackageSetting{1237cd6 app.quickiefix/10219} BLOCKED
07-08 21:28:03.797  1017  1120 D ShellSplitScreen: logExit: no-op, mLoggerSessionId is null
07-08 21:28:03.797   654   689 V GrammaticalInflectionUtils: AttributionSource: android.content.AttributionSource@c1dcfb2c does not have READ_SYSTEM_GRAMMATICAL_GENDER permission.
07-08 21:28:03.800  1017  1151 I ndroid.systemui: AssetManager2(0x7df5cfe9bf58) locale list changing from [] to [en-US]
07-08 21:28:03.821   654  1701 D CompatChangeReporter: Compat change id reported: 377864165; UID 10219; state: ENABLED
07-08 21:28:03.825  1017  1120 D WindowManagerShell: setLauncherKeepClearAreaHeight: visible=false, height=459
07-08 21:28:03.831   524   524 I BpBinder: onLastStrongRef automatically unlinking death recipients: 
07-08 21:28:03.841  1017  1017 W DSRotLockSettingsMngr: Setting is ignored, but no fallback was specified.
07-08 21:28:03.877   654   978 D BackgroundInstallControlService: Package event received: 0
07-08 21:28:03.884   450   450 D Zygote  : Forked child process 8539
07-08 21:28:03.895   654   785 I system_server: AssetManager2(0x7df5cff0e9b8) locale list changing from [] to [en-US]
07-08 21:28:03.905  1017  1152 W HWUI    : Image decoding logging dropped!
07-08 21:28:03.910  1017  1152 W HWUI    : Image decoding logging dropped!
07-08 21:28:03.913   654   696 W ActivityManager: Slow operation: 115ms so far, now at startProcess: returned from zygote!
07-08 21:28:03.914   654   696 W ActivityManager: Slow operation: 116ms so far, now at startProcess: done updating battery stats
07-08 21:28:03.914   654   696 W ActivityManager: Slow operation: 117ms so far, now at startProcess: building log message
07-08 21:28:03.914   654   696 I ActivityManager: Start proc 8539:app.quickiefix/u0a219 for next-top-activity {app.quickiefix/app.quickiefix.MainActivity}
07-08 21:28:03.914   654   696 W ActivityManager: Slow operation: 117ms so far, now at startProcess: starting to update pids map
07-08 21:28:03.914   654   696 I ActivityManager: ProcessObserver broadcast disabled
07-08 21:28:03.918   654   696 W ActivityManager: Slow operation: 121ms so far, now at startProcess: done updating pids map
07-08 21:28:03.918   654  1701 D CoreBackPreview: Window{a43fae5 u0 Splash Screen app.quickiefix}: Setting back callback OnBackInvokedCallbackInfo{mCallback=android.window.IOnBackInvokedCallback$Stub$Proxy@44df847, mPriority=0, mIsAnimationCallback=false, mOverrideBehavior=0}
07-08 21:28:03.922  8508  8508 I Monkey  : ## Network stats: elapsed time=33ms (0ms mobile, 0ms wifi, 33ms not connected)
07-08 21:28:03.923  8508  8508 I app_process: System.exit called, status: 0
07-08 21:28:03.923  8508  8508 I AndroidRuntime: VM exiting with result code 0.
07-08 21:28:03.937  8539  8539 I app.quickiefix: Using CollectorTypeCMC GC.
07-08 21:28:03.946  8539  8539 W app.quickiefix: Unexpected CPU variant for x86: x86_64.
07-08 21:28:03.946  8539  8539 W app.quickiefix: Known variants: atom, sandybridge, silvermont, goldmont, goldmont-plus, goldmont-without-sha-xsaves, tremont, kabylake, alderlake, default
07-08 21:28:03.949   654   785 I system_server: AssetManager2(0x7df5cff03ab8) locale list changing from [] to [en-US]
07-08 21:28:03.952  8539  8539 E app.quickiefix: Not starting debugger since process cannot load the jdwp agent.
07-08 21:28:03.959  8539  8539 D nativeloader: Load libframework-connectivity-tiramisu-jni.so using APEX ns com_android_tethering for caller /apex/com.android.tethering/javalib/framework-connectivity-t.jar: ok
07-08 21:28:03.964   654   778 I EventHub: Removing device Monkey touch due to epoll hang-up event.
07-08 21:28:03.965   654   778 I EventHub: Removed device: path=/dev/input/event14 name=Monkey touch id=17 fd=718 classes=TOUCH | TOUCH_MT
07-08 21:28:03.975   654   785 I system_server: AssetManager2(0x7df5cff07c58) locale list changing from [] to [en-US]
07-08 21:28:03.986   654   778 I InputReader: Device removed: id=17, eventHubId=17, name='Monkey touch', descriptor='e1fe28b90f915c7d1febbd52c1ef84b3c4cbed9f', sources=TOUCHSCREEN
07-08 21:28:04.006   654   778 I EventHub: Removing device '/dev/input/event14' due to inotify event
07-08 21:28:04.013   654   689 W IPCThreadState: Sending oneway calls to frozen process.
07-08 21:28:04.014   654   689 W IPCThreadState: Sending oneway calls to frozen process.
07-08 21:28:04.052  1310  1310 D TouchInteractionService: disposeEventHandlers: Reason: Initializing input monitor due to: onTrackpadConnected() instance=251075676
07-08 21:28:04.052  1310  1310 D InputMonitorCompat: Input event receiver for monitor (swipe-up-disp0) disposed
07-08 21:28:04.053  1310  1310 D InputMonitorCompat: Input monitor (swipe-up-disp0) disposed
07-08 21:28:04.087  1310  1310 D InputMonitorCompat: Input monitor (swipe-up-disp0) created
07-08 21:28:04.087  1310  1310 D InputMonitorCompat: Input event receiver for monitor (swipe-up-disp0) created
07-08 21:28:04.096   654   689 W PermissionService: getPermissionFlags: Unknown user -1
07-08 21:28:04.096   654   689 W PermissionService: getPermissionFlags: Unknown user -1
07-08 21:28:04.102  1017  2608 V WindowManagerShell: onTransitionReady(transaction=2808908612197)
07-08 21:28:04.103  1017  1120 V WindowManagerShell: onTransitionReady (#17) android.os.BinderProxy@8187a7a: {id=17 t=OPEN f=0x0 trk=0 r=[0@Point(0, 0)] c=[
07-08 21:28:04.103  1017  1120 V WindowManagerShell:         {m=OPEN f=NONE leash=Surface(name=Task=9)/@0xc56c63d sb=Rect(0, 0 - 1080, 2160) eb=Rect(0, 0 - 1080, 2160) epz=Point(1080, 2160) d=0 taskParent=-1},
07-08 21:28:04.103  1017  1120 V WindowManagerShell:         {m=TO_BACK f=SHOW_WALLPAPER leash=Surface(name=Task=1)/@0x1872e32 sb=Rect(0, 0 - 1080, 2160) eb=Rect(0, 0 - 1080, 2160) epz=Point(1080, 2160) d=0 taskParent=-1},
07-08 21:28:04.103  1017  1120 V WindowManagerShell:         {m=TO_BACK f=IS_WALLPAPER leash=Surface(name=WallpaperWindowToken{996bf62 showWhenLocked=false})/@0x34e1783 sb=Rect(0, 0 - 1080, 2160) eb=Rect(0, 0 - 1080, 2160) epz=Point(1080, 2160) d=0}
07-08 21:28:04.103  1017  1120 V WindowManagerShell:     ]}
07-08 21:28:04.104   654   978 D BackgroundInstallControlService: Package event received: 0
07-08 21:28:04.104  1017  1120 V WindowManagerShell: Playing animation for (#17) android.os.BinderProxy@8187a7a@0
07-08 21:28:04.104  1017  1120 V ShellRecents: RecentsTransitionHandler.startAnimation: no controller found
07-08 21:28:04.105  1017  1120 V WindowManagerShell: Transition doesn't have explicit remote, search filters for match for {id=17 t=OPEN f=0x0 trk=0 r=[0@Point(0, 0)] c=[{m=OPEN f=NONE leash=Surface(name=Task=9)/@0xc56c63d sb=Rect(0, 0 - 1080, 2160) eb=Rect(0, 0 - 1080, 2160) epz=Point(1080, 2160) d=0 taskParent=-1},{m=TO_BACK f=SHOW_WALLPAPER leash=Surface(name=Task=1)/@0x1872e32 sb=Rect(0, 0 - 1080, 2160) eb=Rect(0, 0 - 1080, 2160) epz=Point(1080, 2160) d=0 taskParent=-1},{m=TO_BACK f=IS_WALLPAPER leash=Surface(name=WallpaperWindowToken{996bf62 showWhenLocked=false})/@0x34e1783 sb=Rect(0, 0 - 1080, 2160) eb=Rect(0, 0 - 1080, 2160) epz=Point(1080, 2160) d=0}]}
07-08 21:28:04.105  1017  1120 V WindowManagerShell:  Checking filter Pair{{types=[] flags=0x0] notFlags=0x0 checks=[{atype=undefined independent=true modes=[CLOSE,TO_BACK] flags=IN_TASK_WITH_EMBEDDED_ACTIVITY mustBeTask=false order=ANY topActivity=null launchCookie=null taskFragmentToken=android.os.BinderProxy@735aae2 windowingMode=undefined}]} RemoteTransition { remoteTransition = android.window.IRemoteTransition$Stub$Proxy@8b6ce73, appThread = android.app.IApplicationThread$Stub$Proxy@8af2130, debugName = overlayBackTransition }}
07-08 21:28:04.105  1017  1120 V WindowManagerShell:  Checking filter Pair{{types=[] flags=0x0] notFlags=0x0 checks=[{atype=dream independent=true modes=[OPEN,TO_FRONT] flags=NONE mustBeTask=false order=ANY topActivity=null launchCookie=null windowingMode=undefined},{atype=home independent=true modes=[CLOSE,TO_BACK] flags=NONE mustBeTask=false order=ANY topActivity=null launchCookie=null windowingMode=undefined}]} RemoteTransition { remoteTransition = android.window.IRemoteTransition$Stub$Proxy@9cdf1a9, appThread = android.app.IApplicationThread$Stub$Proxy@e07932e, debugName = LauncherToDream }}
07-08 21:28:04.106  1017  1120 V WindowManagerShell:  Checking filter Pair{{types=[] flags=0x0] notFlags=0x100 checks=[{atype=home independent=true modes=[OPEN,TO_FRONT] flags=NONE mustBeTask=false order=TOP topActivity=ComponentInfo{com.google.android.apps.nexuslauncher/com.google.android.apps.nexuslauncher.NexusLauncherActivity} launchCookie=null windowingMode=undefined},{atype=standard independent=true modes=[CLOSE,TO_BACK] flags=NONE mustBeTask=false order=ANY topActivity=null launchCookie=null windowingMode=undefined},{NOT atype=undefined independent=true modes=[] flags=NONE mustBeTask=true order=ANY topActivity=null launchCookie=null customAnim=true windowingMode=undefined}]} RemoteTransition { remoteTransition = android.window.IRemoteTransition$Stub$Proxy@ba5decf, appThread = android.app.IApplicationThread$Stub$Proxy@29d205c, debugName = QuickstepLaunchHome }}
07-08 21:28:04.106  1017  1120 V WindowManagerShell:  Delegate animation for (#17) to null
07-08 21:28:04.106  1017  1120 V WindowManagerShell: start default transition animation, info = {id=17 t=OPEN f=0x0 trk=0 r=[0@Point(0, 0)] c=[{m=OPEN f=NONE leash=Surface(name=Task=9)/@0xc56c63d sb=Rect(0, 0 - 1080, 2160) eb=Rect(0, 0 - 1080, 2160) epz=Point(1080, 2160) d=0 taskParent=-1},{m=TO_BACK f=SHOW_WALLPAPER leash=Surface(name=Task=1)/@0x1872e32 sb=Rect(0, 0 - 1080, 2160) eb=Rect(0, 0 - 1080, 2160) epz=Point(1080, 2160) d=0 taskParent=-1},{m=TO_BACK f=IS_WALLPAPER leash=Surface(name=WallpaperWindowToken{996bf62 showWhenLocked=false})/@0x34e1783 sb=Rect(0, 0 - 1080, 2160) eb=Rect(0, 0 - 1080, 2160) epz=Point(1080, 2160) d=0}]}
07-08 21:28:04.106   654   978 D BackgroundInstallControlService: Package event received: 0
07-08 21:28:04.106  1017  1120 V WindowManagerShell: loadAnimation: anim=android.view.animation.AnimationSet@fee8939 animAttr=0x13 type=OPEN isEntrance=false
07-08 21:28:04.107  1017  1120 V WindowManagerShell: loadAnimation: anim=android.view.animation.AnimationSet@175fb7e animAttr=0x12 type=OPEN isEntrance=true
07-08 21:28:04.108  1017  1120 V WindowManagerShell:  animated by com.android.wm.shell.transition.DefaultTransitionHandler@16a4bdd
07-08 21:28:04.112   654   686 V WindowManager: Sent Transition (#17) createdAt=07-08 21:28:03.733 via request=TransitionRequestInfo { type = OPEN, triggerTask = TaskInfo{userId=0 taskId=9 effectiveUid=10219 displayId=0 isRunning=true baseIntent=Intent { act=android.intent.action.MAIN cat=[android.intent.category.LAUNCHER] flg=0x10200000 cmp=app.quickiefix/.MainActivity } baseActivity=ComponentInfo{app.quickiefix/app.quickiefix.MainActivity} topActivity=ComponentInfo{app.quickiefix/app.quickiefix.MainActivity} origActivity=null realActivity=ComponentInfo{app.quickiefix/app.quickiefix.MainActivity} numActivities=1 lastActiveTime=7689731 supportsMultiWindow=true resizeMode=1 isResizeable=true minWidth=-1 minHeight=-1 defaultMinSize=220 token=WCT{RemoteToken{3f17c09 Task{8f93e26 #9 type=standard A=10219:app.quickiefix}}} topActivityType=1 pictureInPictureParams=null shouldDockBigOverlays=false launchIntoPipHostTaskId=-1 lastParentTaskIdBeforePip=-1 displayCutoutSafeInsets=Rect(0, 0 - 0, 0) topActivityInfo=ActivityInfo{992be0e app.quickiefix.MainActivity} launchCookies=[] positionInParent=Point(0, 0) parentTaskId=-1 isFocused=false isVisible=false isVisibleRequested=false isTopActivityNoDisplay=false isSleeping=false locusId=null displayAreaFeatureId=1 isTopActivityTransparent=false isActivityStackTransparent=false lastNonFullscreenBounds=Rect(254, 540 - 827, 1620) capturedLink=null capturedLinkTimestamp=0 requestedVisibleTypes=-9 topActivityRequestOpenInBrowserEducationTimestamp=0 appCompatTaskInfo=AppCompatTaskInfo { topActivityInSizeCompat=false eligibleForLetterboxEducation= false isLetterboxEducationEnabled= true isLetterboxDoubleTapEnabled= false eligibleForUserAspectRatioButton= false topActivityBoundsLetterboxed= false isFromLetterboxDoubleTap= false topActivityLetterboxVerticalPosition= -1 topActivityLetterboxHorizontalPosition= -1 topActivityLetterboxWidth=-1 topActivityLetterboxHeight=-1 topActivityAppBounds=Rect(0, 0 - 1080, 2160) isUserFullscreenOverrideEnabled=false isSystemFullscreenOverrideEnabled=false hasMinAspectRatioOverride=false topActivityLetterboxBounds=null cameraCompatTaskInfo=CameraCompatTaskInfo { freeformCameraCompatMode=inactive}} topActivityMainWindowFrame=null}, pipChange = null, remoteTransition = null, displayChange = null, flags = 0, debugId = 17 }
07-08 21:28:04.126   654   686 V WindowManager:     startWCT=WindowContainerTransaction { changes= {} hops= [] errorCallbackToken=null taskFragmentOrganizer=null }
07-08 21:28:04.126   654   686 V WindowManager:     info={id=17 t=OPEN f=0x0 trk=0 r=[0@Point(0, 0)] c=[
07-08 21:28:04.126   654   686 V WindowManager:         {WCT{RemoteToken{3f17c09 Task{8f93e26 #9 type=standard A=10219:app.quickiefix}}} m=OPEN f=NONE leash=Surface(name=Task=9)/@0xe09e7c2 sb=Rect(0, 0 - 1080, 2160) eb=Rect(0, 0 - 1080, 2160) epz=Point(1080, 2160) d=0 taskParent=-1},
07-08 21:28:04.126   654   686 V WindowManager:         {WCT{RemoteToken{5f7a6c8 Task{d77b222 #1 type=home}}} m=TO_BACK f=SHOW_WALLPAPER leash=Surface(name=Task=1)/@0xb1f5545 sb=Rect(0, 0 - 1080, 2160) eb=Rect(0, 0 - 1080, 2160) epz=Point(1080, 2160) d=0 taskParent=-1},
07-08 21:28:04.126   654   686 V WindowManager:         {m=TO_BACK f=IS_WALLPAPER leash=Surface(name=WallpaperWindowToken{996bf62 showWhenLocked=false})/@0xb7e09af sb=Rect(0, 0 - 1080, 2160) eb=Rect(0, 0 - 1080, 2160) epz=Point(1080, 2160) d=0}
07-08 21:28:04.126   654   686 V WindowManager:     ]}
07-08 21:28:04.150  7417  8484 I Icing   : Indexing com.google.android.gms-apps from com.google.android.gms
07-08 21:28:04.154  7417  8484 I Icing   : Indexing done com.google.android.gms-apps
07-08 21:28:04.154  7417  8484 I Icing   : Indexing com.google.android.gms-apps from com.google.android.gms
07-08 21:28:04.155  7417  8484 I Icing   : Indexing done com.google.android.gms-apps
07-08 21:28:04.221  8539  8539 D nativeloader: Configuring clns-9 for other apk /data/app/~~h8nFzwGp63kF81jg5r-gxw==/app.quickiefix-8ESu0i24nIFqFePcENy1Jg==/base.apk. target_sdk_version=36, uses_libraries=, library_path=/data/app/~~h8nFzwGp63kF81jg5r-gxw==/app.quickiefix-8ESu0i24nIFqFePcENy1Jg==/lib/x86_64:/data/app/~~h8nFzwGp63kF81jg5r-gxw==/app.quickiefix-8ESu0i24nIFqFePcENy1Jg==/base.apk!/lib/x86_64, permitted_path=/data:/mnt/expand:/data/user/0/app.quickiefix
07-08 21:28:04.227  8539  8539 I app.quickiefix: AssetManager2(0x7df5cfe932b8) locale list changing from [] to [en-US]
07-08 21:28:04.366  1530  2241 W AiAiEcho: LyftNotificationParser Ridesharing ETA not enabled
07-08 21:28:04.367  1530  2241 I AiAiEcho: SmartspaceNotificationPredictor no parser can handle this notification or notification is invalid
07-08 21:28:04.397  1310  1310 I NotificationListener: received notification removed event - android#UserHandle{-1},category=-1
07-08 21:28:04.402  8539  8539 V GraphicsEnvironment: Currently set values for:
07-08 21:28:04.405  8539  8539 V GraphicsEnvironment:   angle_gl_driver_selection_pkgs=[]
07-08 21:28:04.405  8539  8539 V GraphicsEnvironment:   angle_gl_driver_selection_values=[]
07-08 21:28:04.405  8539  8539 V GraphicsEnvironment: app.quickiefix is not listed in per-application setting
07-08 21:28:04.405  8539  8539 V GraphicsEnvironment: ANGLE allowlist from config: com.dreamgames.royalmatch com.dts.freefiremax com.dxx.firenow com.gramgames.mergedragons com.ludo.king com.mojang.minecraftpe com.my.defense com.nintendo.zaka com.os.airforce com.playrix.fishdomdd.gplay io.teslatech.callbreak jp.konami.prospia net.peakgames.toonblast
07-08 21:28:04.405  8539  8539 V GraphicsEnvironment: app.quickiefix is not listed in ANGLE allowlist or settings, returning default
07-08 21:28:04.405  8539  8539 V GraphicsEnvironment: Neither updatable production driver nor prerelease driver is supported.
07-08 21:28:04.408  1017  1120 V WindowManagerShell: Transition animation finished (aborted=false), notifying core (#17) android.os.BinderProxy@8187a7a@0
07-08 21:28:04.414   654   686 V WindowManager: Finish Transition (#17): created at 07-08 21:28:03.733 collect-started=0.203ms request-sent=12.045ms started=91.188ms ready=365.515ms sent=368.035ms commit=63.469ms finished=678.125ms
07-08 21:28:04.434  1017  1120 V WindowManagerShell: Track 0 became idle
07-08 21:28:04.434  1017  1120 V WindowManagerShell: All active transition animations finished
07-08 21:28:04.437  1310  1310 D VRI[NexusLauncherActivity]: visibilityChanged oldVisibility=true newVisibility=false
07-08 21:28:04.448  1310  1310 D NexusLauncherModelDelegate: notifySmartspaceEvent: SmartspaceTargetEvent{mSmartspaceTarget=null, mSmartspaceActionId='null', mEventType=7}
07-08 21:28:04.485   654   934 D InetDiagMessage: Destroyed 0 sockets, proto=IPPROTO_TCP, family=AF_INET, states=14
07-08 21:28:04.489   654   934 D InetDiagMessage: Destroyed 0 sockets, proto=IPPROTO_TCP, family=AF_INET6, states=14
07-08 21:28:04.489   654   934 D InetDiagMessage: Destroyed live tcp sockets for uids={10150} in 5ms
07-08 21:28:04.491   654   934 D InetDiagMessage: Destroyed 0 sockets, proto=IPPROTO_TCP, family=AF_INET, states=14
07-08 21:28:04.493   654   934 D InetDiagMessage: Destroyed 0 sockets, proto=IPPROTO_TCP, family=AF_INET6, states=14
07-08 21:28:04.493   654   934 D InetDiagMessage: Destroyed live tcp sockets for uids={20150} in 2ms
07-08 21:28:04.537  8539  8539 W SoLoader: Initializing SoLoader: 0
07-08 21:28:04.537  8539  8539 W SoLoader: Recording new base apk path: /data/app/~~h8nFzwGp63kF81jg5r-gxw==/app.quickiefix-8ESu0i24nIFqFePcENy1Jg==/base.apk
07-08 21:28:04.537  8539  8539 W SoLoader: Previously recorded 0 base apk paths.
07-08 21:28:04.539  1017  3031 W HWUI    : Failed to initialize 101010-2 format, error = EGL_SUCCESS
07-08 21:28:04.539  8539  8539 I SoLoader: Preparing SO source: DirectorySoSource[root = /vendor/lib64 flags = 2]
07-08 21:28:04.540  8539  8539 I SoLoader: Preparing SO source: DirectorySoSource[root = /system/lib64 flags = 2]
07-08 21:28:04.540  8539  8539 I SoLoader: Preparing SO source: DirectApkSoSource[root = [/data/app/~~h8nFzwGp63kF81jg5r-gxw==/app.quickiefix-8ESu0i24nIFqFePcENy1Jg==/base.apk!/lib/x86_64]]
07-08 21:28:04.541  8539  8539 I SoLoader: Preparing SO source: ApplicationSoSource[DirectorySoSource[root = /data/app/~~h8nFzwGp63kF81jg5r-gxw==/app.quickiefix-8ESu0i24nIFqFePcENy1Jg==/lib/x86_64 flags = 0]]
07-08 21:28:04.541  8539  8539 I SoLoader: init finish: 4 SO sources prepared
07-08 21:28:04.542  8539  8539 W SoLoader: SoLoader initialized: 8
07-08 21:28:04.550   654  1911 W OptProp : Cannot read opt property android.window.PROPERTY_COMPAT_ENABLE_FAKE_FOCUS
07-08 21:28:04.557   654   978 D BackgroundInstallControlService: Package event received: 0
07-08 21:28:04.562   654   978 D BackgroundInstallControlService: Package event received: 0
07-08 21:28:04.565  8539  8539 I app.quickiefix: AssetManager2(0x7df5cfe8b8d8) locale list changing from [] to [en-US]
07-08 21:28:04.567  8539  8555 I DisplayManager: Choreographer implicitly registered for the refresh rate.
07-08 21:28:04.572  1017  1403 W HWUI    : Image decoding logging dropped!
07-08 21:28:04.591  8539  8539 D AppCompatDelegate: Checking for metadata for AppLocalesMetadataHolderService : Service not found
07-08 21:28:04.595  8539  8539 I app.quickiefix: AssetManager2(0x7df5cfe967d8) locale list changing from [] to [en-US]
07-08 21:28:04.605  8539  8539 E ashmem  : Pinning is deprecated since Android Q. Please use trim or other methods.
07-08 21:28:04.622  1017  1403 W HWUI    : Image decoding logging dropped!
07-08 21:28:04.628  8539  8539 D nativeloader: Load /data/app/~~h8nFzwGp63kF81jg5r-gxw==/app.quickiefix-8ESu0i24nIFqFePcENy1Jg==/base.apk!/lib/x86_64/libc++_shared.so using class loader ns clns-9 (caller=/data/app/~~h8nFzwGp63kF81jg5r-gxw==/app.quickiefix-8ESu0i24nIFqFePcENy1Jg==/base.apk): ok
07-08 21:28:04.634  8539  8539 D nativeloader: Load /data/app/~~h8nFzwGp63kF81jg5r-gxw==/app.quickiefix-8ESu0i24nIFqFePcENy1Jg==/base.apk!/lib/x86_64/libjsi.so using class loader ns clns-9 (caller=/data/app/~~h8nFzwGp63kF81jg5r-gxw==/app.quickiefix-8ESu0i24nIFqFePcENy1Jg==/base.apk): ok
07-08 21:28:04.636  7308  7478 I IPCThreadState: oneway function results for code 2 on binder at 0x7df68fed4830 will be dropped but finished with status UNKNOWN_TRANSACTION
07-08 21:28:04.637  8539  8539 D nativeloader: Load /data/app/~~h8nFzwGp63kF81jg5r-gxw==/app.quickiefix-8ESu0i24nIFqFePcENy1Jg==/base.apk!/lib/x86_64/libfbjni.so using class loader ns clns-9 (caller=/data/app/~~h8nFzwGp63kF81jg5r-gxw==/app.quickiefix-8ESu0i24nIFqFePcENy1Jg==/base.apk): ok
07-08 21:28:04.646  8539  8539 D nativeloader: Load /data/app/~~h8nFzwGp63kF81jg5r-gxw==/app.quickiefix-8ESu0i24nIFqFePcENy1Jg==/base.apk!/lib/x86_64/libreactnative.so using class loader ns clns-9 (caller=/data/app/~~h8nFzwGp63kF81jg5r-gxw==/app.quickiefix-8ESu0i24nIFqFePcENy1Jg==/base.apk): ok
07-08 21:28:04.646  8539  8539 D jni_lib_merge: Entering merged library JNI_OnLoad.
07-08 21:28:04.646  8539  8539 D jni_lib_merge: Preparing 12 pre-merged libs (including stub)
07-08 21:28:04.646  8539  8539 D jni_lib_merge: Preparing to register libfabricjni_so.  onload_func: 0x7df4dcab1ba0
07-08 21:28:04.646  8539  8539 D jni_lib_merge: Preparing to register libreact_devsupportjni_so.  onload_func: 0x7df4dcb8d530
07-08 21:28:04.646  8539  8539 D jni_lib_merge: Preparing to register libreact_featureflagsjni_so.  onload_func: 0x7df4dcba00a0
07-08 21:28:04.646  8539  8539 D jni_lib_merge: Preparing to register libreact_newarchdefaults_so.  onload_func: 0x7df4dcbc6fa0
07-08 21:28:04.646  8539  8539 D jni_lib_merge: Preparing to register libreactnativeblob_so.  onload_func: 0x7df4dcc6ea50
07-08 21:28:04.646  8539  8539 D jni_lib_merge: Preparing to register libreactnativejni_so.  onload_func: 0x7df4dcc898c0
07-08 21:28:04.646  8539  8539 D jni_lib_merge: Preparing to register libreactnativejni_common_so.  onload_func: 0x7df4dcc90150
07-08 21:28:04.646  8539  8539 D jni_lib_merge: Preparing to register librninstance_so.  onload_func: 0x7df4dccae450
07-08 21:28:04.646  8539  8539 D jni_lib_merge: Preparing to register libturbomodulejsijni_so.  onload_func: 0x7df4dcd59b80
07-08 21:28:04.646  8539  8539 D jni_lib_merge: Preparing to register libuimanagerjni_so.  onload_func: 0x7df4dcd61ab0
07-08 21:28:04.646  8539  8539 D jni_lib_merge: Preparing to register libyoga_so.  onload_func: 0x7df4dcd69130
07-08 21:28:04.646  8539  8539 D jni_lib_merge: About to register 11 actual methods.
07-08 21:28:04.658  8539  8539 W SoLoader: SoLoader already initialized
07-08 21:28:04.665  8539  8539 D nativeloader: Load /data/app/~~h8nFzwGp63kF81jg5r-gxw==/app.quickiefix-8ESu0i24nIFqFePcENy1Jg==/base.apk!/lib/x86_64/libhermes.so using class loader ns clns-9 (caller=/data/app/~~h8nFzwGp63kF81jg5r-gxw==/app.quickiefix-8ESu0i24nIFqFePcENy1Jg==/base.apk): ok
07-08 21:28:04.669  8539  8539 D nativeloader: Load /data/app/~~h8nFzwGp63kF81jg5r-gxw==/app.quickiefix-8ESu0i24nIFqFePcENy1Jg==/base.apk!/lib/x86_64/libhermestooling.so using class loader ns clns-9 (caller=/data/app/~~h8nFzwGp63kF81jg5r-gxw==/app.quickiefix-8ESu0i24nIFqFePcENy1Jg==/base.apk): ok
07-08 21:28:04.670  8539  8539 D jni_lib_merge: Entering merged library JNI_OnLoad.
07-08 21:28:04.670  8539  8539 D jni_lib_merge: Preparing 4 pre-merged libs (including stub)
07-08 21:28:04.670  8539  8539 D jni_lib_merge: Preparing to register libhermes_executor_so.  onload_func: 0x7df4e11ad730
07-08 21:28:04.670  8539  8539 D jni_lib_merge: Preparing to register libhermesinstancejni_so.  onload_func: 0x7df4e11b4db0
07-08 21:28:04.670  8539  8539 D jni_lib_merge: Preparing to register libjsijniprofiler_so.  onload_func: 0x7df4e11b5540
07-08 21:28:04.670  8539  8539 D jni_lib_merge: About to register 3 actual methods.
07-08 21:28:04.671  8539  8539 W SoLoader: SoLoader already initialized
07-08 21:28:04.674  8539  8539 D CompatChangeReporter: Compat change id reported: 377864165; UID 10219; state: ENABLED
07-08 21:28:04.675  8539  8539 D DesktopModeFlags: Toggle override initialized to: OVERRIDE_UNSET
07-08 21:28:04.677  7054  7076 I .apps.wellbeing: AssetManager2(0x7df5cfeb4c38) locale list changing from [] to [en-US]
07-08 21:28:04.681  7054  7076 I .apps.wellbeing: AssetManager2(0x7df5cfea8438) locale list changing from [] to [en-US]
07-08 21:28:04.682   654  1759 I ActivityManager: Background started FGS: Allowed [callingPackage: com.google.android.apps.wellbeing; callingUid: 10148; uidState: BTOP; uidBFSL: [BFSL]; intent: Intent { xflg=0x4 cmp=com.google.android.apps.wellbeing/com.google.apps.tiktok.concurrent.InternalForegroundService (has extras) }; code:BACKGROUND_ACTIVITY_PERMISSION; tempAllowListReason:<null>; allowWiu:58; targetSdkVersion:35; callerTargetSdkVersion:35; startForegroundCount:0; bindFromPackage:null: isBindService:false]
07-08 21:28:04.685  8539  8539 W WindowOnBackDispatcher: OnBackInvokedCallback is not enabled for the application.
07-08 21:28:04.685  8539  8539 W WindowOnBackDispatcher: Set 'android:enableOnBackInvokedCallback="true"' in the application manifest.
07-08 21:28:04.697   654   978 D BackgroundInstallControlService: Package event received: 0
07-08 21:28:04.701   654  1759 W ForegroundServiceTypeLoggerModule: Foreground service start for UID: 10148 does not have any types
07-08 21:28:04.714   654  1759 W ForegroundServiceTypeLoggerModule: FGS stop call for: 10148 has no types!
07-08 21:28:04.722   654   978 D BackgroundInstallControlService: Package event received: 0
07-08 21:28:04.732  8539  8539 W HWUI    : Unknown dataspace 0
07-08 21:28:04.735  7054  7076 I .apps.wellbeing: AssetManager2(0x7df5cfeb5278) locale list changing from [] to [en-US]
07-08 21:28:04.742  8539  8555 I EGL_emulation: Opening libGLESv1_CM_emulation.so
07-08 21:28:04.742  8539  8555 I EGL_emulation: Opening libGLESv2_emulation.so
07-08 21:28:04.780  8539  8555 W HWUI    : Failed to initialize 101010-2 format, error = EGL_SUCCESS
07-08 21:28:04.786  7054  7076 I .apps.wellbeing: AssetManager2(0x7df5cfeaa058) locale list changing from [] to [en-US]
07-08 21:28:04.796  7054  7076 I .apps.wellbeing: AssetManager2(0x7df5cfeaf198) locale list changing from [] to [en-US]
07-08 21:28:04.800  7054  7076 I .apps.wellbeing: AssetManager2(0x7df5cfeab318) locale list changing from [] to [en-US]
07-08 21:28:04.803  8539  8557 I ExpoModulesCore: ✅ AppContext was initialized
07-08 21:28:04.804  7054  7076 I .apps.wellbeing: AssetManager2(0x7df5cfea96f8) locale list changing from [] to [en-US]
07-08 21:28:04.811  7054  7076 I .apps.wellbeing: AssetManager2(0x7df5cfeb5278) locale list changing from [] to [en-US]
07-08 21:28:04.812  7054  7076 I .apps.wellbeing: AssetManager2(0x7df5cfeabf98) locale list changing from [] to [en-US]
07-08 21:28:04.812  7054  7076 I .apps.wellbeing: AssetManager2(0x7df5cfeb4c38) locale list changing from [] to [en-US]
07-08 21:28:04.814  7054  7076 I .apps.wellbeing: AssetManager2(0x7df5cfeb58b8) locale list changing from [] to [en-US]
07-08 21:28:04.820  7054  7076 I .apps.wellbeing: AssetManager2(0x7df5cfea93d8) locale list changing from [] to [en-US]
07-08 21:28:04.821  7054  7076 I .apps.wellbeing: AssetManager2(0x7df5cfeaee78) locale list changing from [] to [en-US]
07-08 21:28:04.823  7054  7076 I .apps.wellbeing: AssetManager2(0x7df5cfeaf7d8) locale list changing from [] to [en-US]
07-08 21:28:04.825  7054  7076 I .apps.wellbeing: AssetManager2(0x7df5cfead578) locale list changing from [] to [en-US]
07-08 21:28:04.828  7054  7076 I .apps.wellbeing: AssetManager2(0x7df5cfea9a18) locale list changing from [] to [en-US]
07-08 21:28:04.829  7054  7076 I .apps.wellbeing: AssetManager2(0x7df5cfea8438) locale list changing from [] to [en-US]
07-08 21:28:04.834  7054  7076 I .apps.wellbeing: AssetManager2(0x7df5cfeafaf8) locale list changing from [] to [en-US]
07-08 21:28:04.836  7054  7076 I .apps.wellbeing: AssetManager2(0x7df5cfeabc78) locale list changing from [] to [en-US]
07-08 21:28:04.837  7054  7076 I .apps.wellbeing: AssetManager2(0x7df5cfeac8f8) locale list changing from [] to [en-US]
07-08 21:28:04.840  7054  7076 I .apps.wellbeing: AssetManager2(0x7df5cfeac2b8) locale list changing from [] to [en-US]
07-08 21:28:04.841  7054  7076 I .apps.wellbeing: AssetManager2(0x7df5cfea8d98) locale list changing from [] to [en-US]
07-08 21:28:04.844  7054  7076 I .apps.wellbeing: AssetManager2(0x7df5cfeae518) locale list changing from [] to [en-US]
07-08 21:28:04.845  7054  7076 I .apps.wellbeing: AssetManager2(0x7df5cfeaacd8) locale list changing from [] to [en-US]
07-08 21:28:04.846  7054  7076 I .apps.wellbeing: AssetManager2(0x7df5cfeacc18) locale list changing from [] to [en-US]
07-08 21:28:04.847  7054  7076 I .apps.wellbeing: AssetManager2(0x7df5cfea9d38) locale list changing from [] to [en-US]
07-08 21:28:04.847  7054  7076 I .apps.wellbeing: AssetManager2(0x7df5cfeab958) locale list changing from [] to [en-US]
07-08 21:28:04.848  7054  7076 I .apps.wellbeing: AssetManager2(0x7df5cfea8a78) locale list changing from [] to [en-US]
07-08 21:28:04.867   654  1755 D CoreBackPreview: Window{9f57ba5 u0 app.quickiefix/app.quickiefix.MainActivity}: Setting back callback OnBackInvokedCallbackInfo{mCallback=android.window.IOnBackInvokedCallback$Stub$Proxy@7f2bf88, mPriority=0, mIsAnimationCallback=false, mOverrideBehavior=0}
07-08 21:28:04.869  7054  7076 I .apps.wellbeing: AssetManager2(0x7df5cfeacf38) locale list changing from [] to [en-US]
07-08 21:28:04.871  7054  7076 I .apps.wellbeing: AssetManager2(0x7df5cfea7ad8) locale list changing from [] to [en-US]
07-08 21:28:04.872  7054  7076 I .apps.wellbeing: AssetManager2(0x7df5cfea5558) locale list changing from [] to [en-US]
07-08 21:28:04.874  8539  8539 W unknown:ViewManagerPropertyUpdater: Could not find generated setter for class com.facebook.react.views.drawer.ReactDrawerLayoutManager
07-08 21:28:04.875  7054  7076 I .apps.wellbeing: AssetManager2(0x7df5cfea7df8) locale list changing from [] to [en-US]
07-08 21:28:04.877  7054  7076 I .apps.wellbeing: AssetManager2(0x7df5cfea2358) locale list changing from [] to [en-US]
07-08 21:28:04.877  8539  8539 W unknown:ViewManagerPropertyUpdater: Could not find generated setter for class com.facebook.react.uimanager.LayoutShadowNode
07-08 21:28:04.879  8539  8539 W unknown:ViewManagerPropertyUpdater: Could not find generated setter for class com.facebook.react.views.scroll.ReactHorizontalScrollViewManager
07-08 21:28:04.879  7054  7076 I .apps.wellbeing: AssetManager2(0x7df5cfea7178) locale list changing from [] to [en-US]
07-08 21:28:04.882  7054  7076 I .apps.wellbeing: AssetManager2(0x7df5cfea45b8) locale list changing from [] to [en-US]
07-08 21:28:04.883  8539  8539 W unknown:ViewManagerPropertyUpdater: Could not find generated setter for class com.facebook.react.views.scroll.ReactHorizontalScrollContainerViewManager
07-08 21:28:04.884  7054  7076 I .apps.wellbeing: AssetManager2(0x7df5cfea2cb8) locale list changing from [] to [en-US]
07-08 21:28:04.885  7054  7076 I .apps.wellbeing: AssetManager2(0x7df5cfea16d8) locale list changing from [] to [en-US]
07-08 21:28:04.885  8539  8539 W unknown:ViewManagerPropertyUpdater: Could not find generated setter for class com.facebook.react.views.progressbar.ReactProgressBarViewManager
07-08 21:28:04.886  8539  8539 W unknown:ViewManagerPropertyUpdater: Could not find generated setter for class com.facebook.react.views.progressbar.ProgressBarShadowNode
07-08 21:28:04.887  7054  7076 I .apps.wellbeing: AssetManager2(0x7df5cfe9afb8) locale list changing from [] to [en-US]
07-08 21:28:04.887  8539  8539 W unknown:ViewManagerPropertyUpdater: Could not find generated setter for class com.facebook.react.views.scroll.ReactScrollViewManager
07-08 21:28:04.889  7054  7076 I .apps.wellbeing: AssetManager2(0x7df5cfe9fab8) locale list changing from [] to [en-US]
07-08 21:28:04.892  7054  7076 I .apps.wellbeing: AssetManager2(0x7df5cfe999d8) locale list changing from [] to [en-US]
07-08 21:28:04.893  7054  7076 I .apps.wellbeing: AssetManager2(0x7df5cfe91378) locale list changing from [] to [en-US]
07-08 21:28:04.894  8539  8539 W unknown:ViewManagerPropertyUpdater: Could not find generated setter for class com.facebook.react.views.switchview.ReactSwitchManager
07-08 21:28:04.894  7054  7076 I .apps.wellbeing: AssetManager2(0x7df5cfeb3018) locale list changing from [] to [en-US]
07-08 21:28:04.895  7054  7076 I .apps.wellbeing: AssetManager2(0x7df5cfe935d8) locale list changing from [] to [en-US]
07-08 21:28:04.895  8539  8539 W unknown:ViewManagerPropertyUpdater: Could not find generated setter for class com.facebook.react.views.switchview.ReactSwitchShadowNode
07-08 21:28:04.895  7054  7076 I .apps.wellbeing: AssetManager2(0x7df5cfeb1718) locale list changing from [] to [en-US]
07-08 21:28:04.896  8539  8539 W unknown:ViewManagerPropertyUpdater: Could not find generated setter for class com.facebook.react.views.safeareaview.ReactSafeAreaViewManager
07-08 21:28:04.896  7054  7076 I .apps.wellbeing: AssetManager2(0x7df5cfeb29d8) locale list changing from [] to [en-US]
07-08 21:28:04.897  7054  7076 I .apps.wellbeing: AssetManager2(0x7df5cfeb1d58) locale list changing from [] to [en-US]
07-08 21:28:04.897  8539  8539 W unknown:ViewManagerPropertyUpdater: Could not find generated setter for class com.facebook.react.views.safeareaview.ReactSafeAreaViewShadowNode
07-08 21:28:04.897  8539  8539 W unknown:ViewManagerPropertyUpdater: Could not find generated setter for class com.facebook.react.views.swiperefresh.SwipeRefreshLayoutManager
07-08 21:28:04.898  7054  7076 I .apps.wellbeing: AssetManager2(0x7df5cfebdf18) locale list changing from [] to [en-US]
07-08 21:28:04.899  8539  8539 W unknown:ViewManagerPropertyUpdater: Could not find generated setter for class com.facebook.react.views.text.frescosupport.FrescoBasedReactTextInlineImageViewManager
07-08 21:28:04.899  8539  8539 W unknown:ViewManagerPropertyUpdater: Could not find generated setter for class com.facebook.react.views.text.frescosupport.FrescoBasedReactTextInlineImageShadowNode
07-08 21:28:04.900  7054  7076 I .apps.wellbeing: AssetManager2(0x7df5cfebb678) locale list changing from [] to [en-US]
07-08 21:28:04.900  8539  8539 W unknown:ViewManagerPropertyUpdater: Could not find generated setter for class com.facebook.react.views.image.ReactImageManager
07-08 21:28:04.901  7054  7076 I .apps.wellbeing: AssetManager2(0x7df5cfeb10d8) locale list changing from [] to [en-US]
07-08 21:28:04.901  8539  8539 W unknown:ViewManagerPropertyUpdater: Could not find generated setter for class com.facebook.react.views.modal.ReactModalHostManager
07-08 21:28:04.902  7054  7076 I .apps.wellbeing: AssetManager2(0x7df5cfe9f478) locale list changing from [] to [en-US]
07-08 21:28:04.903  8539  8539 W unknown:ViewManagerPropertyUpdater: Could not find generated setter for class com.facebook.react.views.text.ReactRawTextManager
07-08 21:28:04.903  7054  7076 I .apps.wellbeing: AssetManager2(0x7df5cfebc938) locale list changing from [] to [en-US]
07-08 21:28:04.904  7054  7076 I .apps.wellbeing: AssetManager2(0x7df5cfe9d858) locale list changing from [] to [en-US]
07-08 21:28:04.905  8539  8539 W unknown:ViewManagerPropertyUpdater: Could not find generated setter for class com.facebook.react.views.text.ReactRawTextShadowNode
07-08 21:28:04.905  7054  7076 I .apps.wellbeing: AssetManager2(0x7df5cfe9ac98) locale list changing from [] to [en-US]
07-08 21:28:04.905  7054  7076 I .apps.wellbeing: AssetManager2(0x7df5cfe9a018) locale list changing from [] to [en-US]
07-08 21:28:04.905  8539  8539 W unknown:ViewManagerPropertyUpdater: Could not find generated setter for class com.facebook.react.views.textinput.ReactTextInputManager
07-08 21:28:04.906  7054  7076 I .apps.wellbeing: AssetManager2(0x7df5cfe99cf8) locale list changing from [] to [en-US]
07-08 21:28:04.907  7054  7076 I .apps.wellbeing: AssetManager2(0x7df5cfe9c278) locale list changing from [] to [en-US]
07-08 21:28:04.907  7054  7076 I .apps.wellbeing: AssetManager2(0x7df5cfe9bc38) locale list changing from [] to [en-US]
07-08 21:28:04.908  7054  7076 I .apps.wellbeing: AssetManager2(0x7df5cfe9a978) locale list changing from [] to [en-US]
07-08 21:28:04.908  8539  8539 W unknown:ViewManagerPropertyUpdater: Could not find generated setter for class com.facebook.react.views.textinput.ReactTextInputShadowNode
07-08 21:28:04.909  7054  7076 I .apps.wellbeing: AssetManager2(0x7df5cfe9b5f8) locale list changing from [] to [en-US]
07-08 21:28:04.909  7054  7076 I .apps.wellbeing: AssetManager2(0x7df5cfe9a658) locale list changing from [] to [en-US]
07-08 21:28:04.910  8539  8539 W unknown:ViewManagerPropertyUpdater: Could not find generated setter for class com.facebook.react.views.text.ReactTextViewManager
07-08 21:28:04.910  7054  7076 I .apps.wellbeing: AssetManager2(0x7df5cfe996b8) locale list changing from [] to [en-US]
07-08 21:28:04.911  8539  8539 W unknown:ViewManagerPropertyUpdater: Could not find generated setter for class com.facebook.react.views.text.ReactTextShadowNode
07-08 21:28:04.911  8539  8539 W unknown:ViewManagerPropertyUpdater: Could not find generated setter for class com.facebook.react.views.view.ReactViewManager
07-08 21:28:04.911  8539  8539 W unknown:ViewManagerPropertyUpdater: Could not find generated setter for class com.facebook.react.views.text.ReactVirtualTextViewManager
07-08 21:28:04.911  8539  8539 W unknown:ViewManagerPropertyUpdater: Could not find generated setter for class com.facebook.react.views.text.ReactVirtualTextShadowNode
07-08 21:28:04.912  8539  8539 W unknown:ViewManagerPropertyUpdater: Could not find generated setter for class com.facebook.react.views.unimplementedview.ReactUnimplementedViewManager
07-08 21:28:04.912  7054  7076 I .apps.wellbeing: AssetManager2(0x7df5cfe9ee38) locale list changing from [] to [en-US]
07-08 21:28:04.912  8539  8539 W unknown:ViewManagerPropertyUpdater: Could not find generated setter for class com.th3rdwave.safeareacontext.SafeAreaProviderManager
07-08 21:28:04.913  8539  8539 W unknown:ViewManagerPropertyUpdater: Could not find generated setter for class com.th3rdwave.safeareacontext.SafeAreaViewManager
07-08 21:28:04.913  8539  8539 W unknown:ViewManagerPropertyUpdater: Could not find generated setter for class com.th3rdwave.safeareacontext.SafeAreaViewShadowNode
07-08 21:28:04.913  8539  8539 W unknown:ViewManagerPropertyUpdater: Could not find generated setter for class com.swmansion.rnscreens.ScreenContainerViewManager
07-08 21:28:04.914  7054  7076 I .apps.wellbeing: AssetManager2(0x7df5cfea0418) locale list changing from [] to [en-US]
07-08 21:28:04.914  8539  8539 W unknown:ViewManagerPropertyUpdater: Could not find generated setter for class com.swmansion.rnscreens.ScreenViewManager
07-08 21:28:04.915  7054  7076 I .apps.wellbeing: AssetManager2(0x7df5cfe99398) locale list changing from [] to [en-US]
07-08 21:28:04.915  8539  8539 W unknown:ViewManagerPropertyUpdater: Could not find generated setter for class com.swmansion.rnscreens.ModalScreenViewManager
07-08 21:28:04.916  8539  8539 W unknown:ViewManagerPropertyUpdater: Could not find generated setter for class com.swmansion.rnscreens.ScreenStackViewManager
07-08 21:28:04.916  8539  8539 W unknown:ViewManagerPropertyUpdater: Could not find generated setter for class com.swmansion.rnscreens.ScreenStackHeaderConfigViewManager
07-08 21:28:04.916  8539  8539 W unknown:ViewManagerPropertyUpdater: Could not find generated setter for class com.swmansion.rnscreens.ScreenStackHeaderSubviewManager
07-08 21:28:04.916  7054  7076 I .apps.wellbeing: AssetManager2(0x7df5cfe9e4d8) locale list changing from [] to [en-US]
07-08 21:28:04.917  8539  8539 W unknown:ViewManagerPropertyUpdater: Could not find generated setter for class com.swmansion.rnscreens.SearchBarManager
07-08 21:28:04.917  8539  8539 W unknown:ViewManagerPropertyUpdater: Could not find generated setter for class com.swmansion.rnscreens.ScreenFooterManager
