07-08 21:28:06.521  1017  1120 V WindowManagerShell: Track 0 became idle
07-08 21:28:06.521  1017  1120 V WindowManagerShell: All active transition animations finished
07-08 21:28:06.523  1310  1310 D ActivityAllAppsContainerView: rebindAdapters: Not needed.
07-08 21:28:06.526  1017  1120 V WindowManagerShell: Transition requested (#20): android.os.BinderProxy@aeaa1c7 TransitionRequestInfo { type = CHANGE, triggerTask = null, pipChange = null, remoteTransition = RemoteTransition { remoteTransition = android.window.IRemoteTransition$Stub$Proxy@a1bb3f4, appThread = null, debugName = TaskFragmentComponent }, displayChange = null, flags = 0, debugId = 20 }
07-08 21:28:06.527  1017  1120 V WindowManagerShell: RemoteTransition directly requested for (#20) android.os.BinderProxy@aeaa1c7: RemoteTransition { remoteTransition = android.window.IRemoteTransition$Stub$Proxy@a1bb3f4, appThread = null, debugName = TaskFragmentComponent }
07-08 21:28:06.527  1017  1120 V WindowManagerShell: Transition (#20): request handled by RemoteTransitionHandler
07-08 21:28:06.531  1310  1310 D TaskFragmentComponent: release and clear taskSurface
07-08 21:28:06.532   524   524 I BpBinder: onLastStrongRef automatically unlinking death recipients: 
07-08 21:28:06.543  1310  1310 D TaskFragmentComponent: Setting valid task fragment surface control in TYPE_TASK_FRAGMENT_APPEARED
07-08 21:28:06.545   654   686 V WindowManager:     info={id=19 t=CLOSE f=0x0 trk=0 r=[] c=[]}
07-08 21:28:06.546   654   686 V WindowManager: Finish Transition (#19): created at 07-08 21:28:05.427 collect-started=0.023ms request-sent=1.377ms started=30.552ms ready=1068.717ms sent=1069.728ms commit=24.776ms finished=1076.277ms
07-08 21:28:06.546   654  1755 I ActivityTaskManager: Activity reported stop, but no longer stopping: ActivityRecord{77691292 u0 com.google.android.apps.nexuslauncher/.NexusLauncherActivity t6} STOPPED
07-08 21:28:06.552   654  1911 V WindowManager: Queueing transition: TransitionRecord{d976d56 id=-1 type=CLOSE flags=0x0}
07-08 21:28:06.554  1017  5486 V WindowManagerShell: onTransitionReady(transaction=2808908612251)
07-08 21:28:06.554  1017  1120 V WindowManagerShell: onTransitionReady (#20) android.os.BinderProxy@aeaa1c7: {id=20 t=CHANGE f=0x0 trk=1 r=[] c=[]}
07-08 21:28:06.554  1017  1120 V WindowManagerShell: No transition roots in (#20) android.os.BinderProxy@aeaa1c7@1 so abort
07-08 21:28:06.555  1017  1120 V WindowManagerShell: Transition animation finished (aborted=true), notifying core (#20) android.os.BinderProxy@aeaa1c7@1
07-08 21:28:06.557  1017  1120 V WindowManagerShell: Track 1 became idle
07-08 21:28:06.557  1017  1120 V WindowManagerShell: All active transition animations finished
07-08 21:28:06.558   654   686 V WindowManager: Sent Transition (#20) createdAt=07-08 21:28:06.412 via request=TransitionRequestInfo { type = CHANGE, triggerTask = null, pipChange = null, remoteTransition = RemoteTransition { remoteTransition = android.window.IRemoteTransition$Stub$Proxy@34df1d7, appThread = null, debugName = TaskFragmentComponent }, displayChange = null, flags = 0, debugId = 20 }
07-08 21:28:06.559   654   686 V WindowManager:     startWCT=WindowContainerTransaction { changes= {} hops= [] errorCallbackToken=null taskFragmentOrganizer=null }
07-08 21:28:06.559   654   686 V WindowManager:     info={id=20 t=CHANGE f=0x0 trk=1 r=[] c=[]}
07-08 21:28:06.560   654   686 V WindowManager: Finish Transition (#20): created at 07-08 21:28:06.412 collect-started=84.778ms request-sent=111.339ms started=114.579ms ready=140.524ms sent=140.882ms finished=143.273ms
07-08 21:28:06.564  1017  1120 V WindowManagerShell: Transition requested (#21): android.os.BinderProxy@158271d TransitionRequestInfo { type = CLOSE, triggerTask = null, pipChange = null, remoteTransition = RemoteTransition { remoteTransition = android.window.IRemoteTransition$Stub$Proxy@be1ad92, appThread = null, debugName = TaskFragmentComponent }, displayChange = null, flags = 0, debugId = 21 }
07-08 21:28:06.564  1017  1120 V WindowManagerShell: RemoteTransition directly requested for (#21) android.os.BinderProxy@158271d: RemoteTransition { remoteTransition = android.window.IRemoteTransition$Stub$Proxy@be1ad92, appThread = null, debugName = TaskFragmentComponent }
07-08 21:28:06.565  1017  1120 V WindowManagerShell: Transition (#21): request handled by RemoteTransitionHandler
07-08 21:28:06.578  1017  5486 V WindowManagerShell: onTransitionReady(transaction=2808908612260)
07-08 21:28:06.581   524   524 I BpBinder: onLastStrongRef automatically unlinking death recipients: 
07-08 21:28:06.587   654   686 V WindowManager: Sent Transition (#21) createdAt=07-08 21:28:06.552 via request=TransitionRequestInfo { type = CLOSE, triggerTask = null, pipChange = null, remoteTransition = RemoteTransition { remoteTransition = android.window.IRemoteTransition$Stub$Proxy@b29aac4, appThread = null, debugName = TaskFragmentComponent }, displayChange = null, flags = 0, debugId = 21 }
07-08 21:28:06.587   654   686 V WindowManager:     startWCT=WindowContainerTransaction { changes= {} hops= [] errorCallbackToken=null taskFragmentOrganizer=null }
07-08 21:28:06.587   654   686 V WindowManager:     info={id=21 t=CLOSE f=0x0 trk=2 r=[] c=[]}
07-08 21:28:06.587  1017  1120 V WindowManagerShell: onTransitionReady (#21) android.os.BinderProxy@158271d: {id=21 t=CLOSE f=0x0 trk=2 r=[] c=[]}
07-08 21:28:06.587  1017  1120 V WindowManagerShell: No transition roots in (#21) android.os.BinderProxy@158271d@2 so abort
07-08 21:28:06.588  1017  1120 V WindowManagerShell: Transition animation finished (aborted=true), notifying core (#21) android.os.BinderProxy@158271d@2
07-08 21:28:06.589   654   686 V WindowManager: Finish Transition (#21): created at 07-08 21:28:06.552 collect-started=1.847ms request-sent=11.948ms started=13.171ms ready=13.152ms sent=25.638ms finished=36.655ms
07-08 21:28:06.589  1017  1120 V WindowManagerShell: Track 2 became idle
07-08 21:28:06.589  1017  1120 V WindowManagerShell: All active transition animations finished
07-08 21:28:06.596  8539  8582 D nativeloader: Load /data/app/~~h8nFzwGp63kF81jg5r-gxw==/app.quickiefix-8ESu0i24nIFqFePcENy1Jg==/base.apk!/lib/x86_64/libimagepipeline.so using class loader ns clns-9 (caller=/data/app/~~h8nFzwGp63kF81jg5r-gxw==/app.quickiefix-8ESu0i24nIFqFePcENy1Jg==/base.apk): ok
07-08 21:28:06.693  8539  8583 W HWUI    : Image decoding logging dropped!
07-08 21:28:06.756   654  3100 E TaskPersister: File error accessing recents directory (directory doesn't exist?).
07-08 21:28:08.633  8494  8496 I AidlLazyServiceRegistrar: Process has 0 (of 2 available) client(s) in use after notification android.system.virtualizationmaintenance has clients: 0
07-08 21:28:08.633  8494  8496 I AidlLazyServiceRegistrar: Trying to shut down the service. No clients in use for any service in process.
07-08 21:28:08.638  8494  8496 I AidlLazyServiceRegistrar: Unregistered all clients and exiting
07-08 21:28:08.674   654   766 D ActivityManager: freezing 3011 com.google.android.documentsui
07-08 21:28:08.675   654   934 D InetDiagMessage: Destroyed 0 sockets, proto=IPPROTO_TCP, family=AF_INET, states=14
07-08 21:28:08.675   654   934 D InetDiagMessage: Destroyed 0 sockets, proto=IPPROTO_TCP, family=AF_INET6, states=14
07-08 21:28:08.675   654   934 D InetDiagMessage: Destroyed live tcp sockets for uids={10102} in 1ms
07-08 21:28:09.043   654  1006 W FileUtils: Failed to chmod(AtomicFile[/data/system_de/0/system/game-manager-service.xml]): android.system.ErrnoException: chmod failed: ENOENT (No such file or directory)
07-08 21:28:09.487   654   766 D ActivityManager: freezing 3880 com.android.chrome
07-08 21:28:09.488   654   934 D InetDiagMessage: Destroyed 0 sockets, proto=IPPROTO_TCP, family=AF_INET, states=14
07-08 21:28:09.489   654   934 D InetDiagMessage: Destroyed 0 sockets, proto=IPPROTO_TCP, family=AF_INET6, states=14
07-08 21:28:09.489   654   934 D InetDiagMessage: Destroyed live tcp sockets for uids={10150} in 1ms
07-08 21:28:09.589   654   766 D ActivityManager: freezing 1688 android.process.media
07-08 21:28:09.590   654   934 D InetDiagMessage: Destroyed 0 sockets, proto=IPPROTO_TCP, family=AF_INET, states=14
07-08 21:28:09.591   654   934 D InetDiagMessage: Destroyed 0 sockets, proto=IPPROTO_TCP, family=AF_INET6, states=14
07-08 21:28:09.591   654   934 D InetDiagMessage: Destroyed live tcp sockets for uids={10100} in 1ms
07-08 21:28:10.121  8539  8585 D ProfileInstaller: Installing profile for app.quickiefix
07-08 21:28:12.564   654   766 D ActivityManager: freezing 3778 com.google.android.packageinstaller
07-08 21:28:12.566   654   934 D InetDiagMessage: Destroyed 0 sockets, proto=IPPROTO_TCP, family=AF_INET, states=14
07-08 21:28:12.566   654   934 D InetDiagMessage: Destroyed 0 sockets, proto=IPPROTO_TCP, family=AF_INET6, states=14
07-08 21:28:12.566   654   934 D InetDiagMessage: Destroyed live tcp sockets for uids={10105} in 1ms
07-08 21:28:12.955   235  8414 I keystore2: system/security/keystore2/watchdog/src/lib.rs:377 - Watchdog thread idle -> terminating. Have a great day.
07-08 21:28:13.078   654   766 D ActivityManager: freezing 6037 com.android.vending:background
07-08 21:28:13.079   654   766 D ActivityManager: freezing 6743 com.android.vending
07-08 21:28:13.140   654   934 D InetDiagMessage: Destroyed 0 sockets, proto=IPPROTO_TCP, family=AF_INET, states=14
07-08 21:28:13.142   654   934 D InetDiagMessage: Destroyed 1 sockets, proto=IPPROTO_TCP, family=AF_INET6, states=14
07-08 21:28:13.143   654   934 D InetDiagMessage: Destroyed live tcp sockets for uids={10146} in 3ms
07-08 21:28:13.218   654   766 D ActivityManager: freezing 7308 com.google.android.googlequicksearchbox:search
07-08 21:28:14.886  6600  6600 D BoundBrokerSvc: onUnbind: Intent { act=com.google.android.gms.auth.aang.events.services.START dat=chimera-action:/... xflg=0x4 cmp=com.google.android.gms/.chimera.PersistentApiService }
07-08 21:28:15.083  1654  2327 D SatelliteController: iisInCarrierRoamingNbIotNtn: satellite is disabled
07-08 21:28:15.450  7417  7417 D BoundBrokerSvc: onUnbind: Intent { act=com.google.android.gms.feedback.internal.IFeedbackService dat=chimera-action:/... xflg=0x4 cmp=com.google.android.gms/.chimera.GmsBoundBrokerService }
07-08 21:28:16.028   654   695 D ActivityManager: sync unfroze 3670 com.google.android.configupdater for 3
07-08 21:28:16.032  3670  3670 D ConfigUpdater: UpdateRequestReceiver constructed with Config: com.google.android.configupdater.LangId.LangIdConfig@52f47c4, StoredState: com.google.android.configupdater.StoredState@29776ad, DownloadManagerHelper: com.google.android.configupdater.DownloadManagerHelper@7746de2, FlagHelper: com.google.android.configupdater.PhenotypeHelper@4d9d573
07-08 21:28:16.032  3670  3670 D ConfigUpdater: Setting up preferences for StoredState, Downloader, and FlagHelper
07-08 21:28:16.032  3670  3670 D ConfigUpdater: Setting up DownloadManagerHelper
07-08 21:28:16.032  3670  3670 D ConfigUpdater: Loaded SharedPreferences: LangIdDownload
07-08 21:28:16.032  3670  3670 D ConfigUpdater: Using Lollipop+ download directory: /data/user/0/com.google.android.configupdater/files/downloads
07-08 21:28:16.033  3670  3670 D ConfigUpdater: Got DownloadManager service
07-08 21:28:16.033  3670  3670 D ConfigUpdater: Is wearable device: false
07-08 21:28:16.033  3670  3670 D ConfigUpdater: Received intent with action: com.google.android.configupdater.LangId.UPDATE_LANG_ID
07-08 21:28:16.033  3670  3670 D ConfigUpdater: handleUpdateRequestIntent
07-08 21:28:16.033  3670  3670 D ConfigUpdater: Falling back to flag content location
07-08 21:28:16.033  3670  3670 D ConfigUpdater: Received metadata location from intent
07-08 21:28:16.033  3670  3670 D ConfigUpdater: Falling back to flag metadata location
07-08 21:28:16.033  3670  3670 D ConfigUpdater: Starting update from request intent.
07-08 21:28:16.035  3670  3969 D ConfigUpdater: UpdateFetcher constructor with context
07-08 21:28:16.035  3670  3969 D ConfigUpdater: Setting up UpdateFetcher
07-08 21:28:16.035  3670  3969 D ConfigUpdater: Setting up DownloadManagerHelper
07-08 21:28:16.035  3670  3969 D ConfigUpdater: Loaded SharedPreferences: LangIdDownload
07-08 21:28:16.035  3670  3969 D ConfigUpdater: Using Lollipop+ download directory: /data/user/0/com.google.android.configupdater/files/downloads
07-08 21:28:16.035  3670  3969 D ConfigUpdater: Got DownloadManager service
07-08 21:28:16.035  3670  3969 D ConfigUpdater: Is wearable device: false
07-08 21:28:16.035  3670  3969 D ConfigUpdater: startUpdate
07-08 21:28:16.035  3670  3969 I ConfigUpdater: Update started, contentUri.path=/android/text_classifier/langid/q/v1/model.smfb, metadataUri=https://www.gstatic.com/android/text_classifier/langid/q/v1/model.smfb.metadata
07-08 21:28:16.036  3670  3969 D ConfigUpdater: deleteLocalDownloads
07-08 21:28:16.036  3670  3969 D ConfigUpdater: cleanup called
07-08 21:28:16.037   654   760 D ActivityManager: sync unfroze 6743 com.android.vending for 6
07-08 21:28:16.055   654  1911 D ActivityManager: sync unfroze 1688 android.process.media for 7
07-08 21:28:16.058   654   928 D WifiConfigStore: Writing to stores completed in 24 ms.
07-08 21:28:16.069   654  1701 W ProcessStats: Tracking association SourceState{3702c44 system/1000 ImpBg #11043} whose proc state 6 is better than process ProcessState{805da4e com.android.vending/10146 pkg=com.android.vending (sub)} proc state 14 (0 skipped)
07-08 21:28:16.071  6743  6743 I Finsky  : [2] SCH: job service start with id 9261.
07-08 21:28:16.074  1688  8589 V DownloadManager: Deleting /data/data/com.android.providers.downloads/cache/model.smfb.metadata via provider delete
07-08 21:28:16.096  1539  3680 W ModernMediaScanner: Failed to visit /data/data/com.android.providers.downloads/cache/model.smfb.metadata: java.nio.file.NoSuchFileException: /data/data/com.android.providers.downloads/cache/model.smfb.metadata
07-08 21:28:16.100  6743  8454 I Finsky  : [181] SCH: Satisfied jobs for 9261 are: 12-1
07-08 21:28:16.101  6743  8590 I Finsky  : [188] SCH: Job 12-1 starting
07-08 21:28:16.101  1539  3680 I MediaProvider: Scanned internal due to REASON_DEMAND, found 0 items in 11ms, 0 inserts 0 updates 0 deletes
07-08 21:28:16.103  6743  6743 I Finsky  : [2] WM::SCH: Logging work start for 12-1
07-08 21:28:16.105  6743  6743 I Finsky  : [2] [ContentSync] job started
07-08 21:28:16.161  3670  3969 D ConfigUpdater: Removed key from SharedPreferences: CONTENT_DOWNLOAD_ID
07-08 21:28:16.161  3670  3969 D ConfigUpdater: Removed key from SharedPreferences: METADATA_DOWNLOAD_ID
07-08 21:28:16.161  3670  3969 D ConfigUpdater: SharedPreferences cleared.
07-08 21:28:16.169  3670  3969 D ConfigUpdater: startMetadataDownload called
07-08 21:28:16.173  3670  3969 D ConfigUpdater: URL is not local: https
07-08 21:28:16.173  3670  3969 D ConfigUpdater: Metadata URL is remote: https://www.gstatic.com/android/text_classifier/langid/q/v1/model.smfb.metadata
07-08 21:28:16.173  3670  3969 D ConfigUpdater: Enqueueing metadata from URI: https://www.gstatic.com/android/text_classifier/langid/q/v1/model.smfb.metadata
07-08 21:28:16.173  3670  3969 D ConfigUpdater: Enqueueing download for URI: https://www.gstatic.com/android/text_classifier/langid/q/v1/model.smfb.metadata
07-08 21:28:16.173  3670  3674 W d.configupdater: Reducing the number of considered missed Gc histogram windows from 372 to 100
07-08 21:28:16.249  3670  3969 D ConfigUpdater: Metadata download ID set to: 18
07-08 21:28:16.261  1688  8593 D DownloadManager: [18] Starting
07-08 21:28:16.272  3670  3670 D ConfigUpdater: UpdateRequestReceiver constructed with Config: com.google.android.configupdater.ConversationActions.ConversationActionsConfig@7edcb5c, StoredState: com.google.android.configupdater.StoredState@95dce65, DownloadManagerHelper: com.google.android.configupdater.DownloadManagerHelper@8f1d73a, FlagHelper: com.google.android.configupdater.PhenotypeHelper@f687feb
07-08 21:28:16.273  3670  3670 D ConfigUpdater: Setting up preferences for StoredState, Downloader, and FlagHelper
07-08 21:28:16.273  3670  3670 D ConfigUpdater: Setting up DownloadManagerHelper
07-08 21:28:16.273  3670  3670 D ConfigUpdater: Loaded SharedPreferences: ConversationActionsDownload
07-08 21:28:16.273  3670  3670 D ConfigUpdater: Using Lollipop+ download directory: /data/user/0/com.google.android.configupdater/files/downloads
07-08 21:28:16.273  3670  3670 D ConfigUpdater: Got DownloadManager service
07-08 21:28:16.273  3670  3670 D ConfigUpdater: Is wearable device: false
07-08 21:28:16.273  3670  3670 D ConfigUpdater: Received intent with action: com.google.android.configupdater.ConversationActions.UPDATE_CONVERSATION_ACTIONS
07-08 21:28:16.273  3670  3670 D ConfigUpdater: handleUpdateRequestIntent
07-08 21:28:16.273  3670  3670 D ConfigUpdater: Falling back to flag content location
07-08 21:28:16.273  3670  3670 D ConfigUpdater: Received metadata location from intent
07-08 21:28:16.273  3670  3670 D ConfigUpdater: Falling back to flag metadata location
07-08 21:28:16.273  3670  3670 D ConfigUpdater: Starting update from request intent.
07-08 21:28:16.273  3670  3969 D ConfigUpdater: UpdateFetcher constructor with context
07-08 21:28:16.273  3670  3969 D ConfigUpdater: Setting up UpdateFetcher
07-08 21:28:16.273  3670  3969 D ConfigUpdater: Setting up DownloadManagerHelper
07-08 21:28:16.273  3670  3969 D ConfigUpdater: Loaded SharedPreferences: ConversationActionsDownload
07-08 21:28:16.273  3670  3969 D ConfigUpdater: Using Lollipop+ download directory: /data/user/0/com.google.android.configupdater/files/downloads
07-08 21:28:16.273  3670  3969 D ConfigUpdater: Got DownloadManager service
07-08 21:28:16.273  3670  3969 D ConfigUpdater: Is wearable device: false
07-08 21:28:16.273  3670  3969 D ConfigUpdater: startUpdate
07-08 21:28:16.273  3670  3969 I ConfigUpdater: Update started, contentUri.path=/android/text_classifier/actions/q/v104/en.model, metadataUri=https://www.gstatic.com/android/text_classifier/actions/q/v104/en.model.metadata
07-08 21:28:16.275  3670  3969 D ConfigUpdater: deleteLocalDownloads
07-08 21:28:16.275  3670  3969 D ConfigUpdater: cleanup called
07-08 21:28:16.292  1688  8589 V DownloadManager: Deleting /data/data/com.android.providers.downloads/cache/en.model.metadata via provider delete
07-08 21:28:16.295  1539  3680 W ModernMediaScanner: Failed to visit /data/data/com.android.providers.downloads/cache/en.model.metadata: java.nio.file.NoSuchFileException: /data/data/com.android.providers.downloads/cache/en.model.metadata
07-08 21:28:16.296  1539  3680 I MediaProvider: Scanned internal due to REASON_DEMAND, found 0 items in 1ms, 0 inserts 0 updates 0 deletes
07-08 21:28:16.297  1688  8593 I d.process.media: AssetManager2(0x7df5cfe91378) locale list changing from [] to [en-US]
07-08 21:28:16.307  6743  8591 I Finsky  : [189] App states replicator found 5 unowned apps
07-08 21:28:16.321  6743  6806 I Finsky  : [64] Completed 0 account content syncs with 0 successful.
07-08 21:28:16.324  6743  6743 I Finsky  : [2] [ContentSync] Installation state replication succeeded.
07-08 21:28:16.325  6743  6743 I Finsky  : [2] SCH: jobFinished: 12-1. TimeElapsed: 224ms.
07-08 21:28:16.326  6743  6743 I Finsky  : [2] WM::SCH: Logging work end for 12-1
07-08 21:28:16.335  3670  3969 D ConfigUpdater: Removed key from SharedPreferences: CONTENT_DOWNLOAD_ID
07-08 21:28:16.335  3670  3969 D ConfigUpdater: Removed key from SharedPreferences: METADATA_DOWNLOAD_ID
07-08 21:28:16.335  3670  3969 D ConfigUpdater: SharedPreferences cleared.
07-08 21:28:16.335  3670  3969 D ConfigUpdater: startMetadataDownload called
07-08 21:28:16.336  3670  3969 D ConfigUpdater: URL is not local: https
07-08 21:28:16.336  3670  3969 D ConfigUpdater: Metadata URL is remote: https://www.gstatic.com/android/text_classifier/actions/q/v104/en.model.metadata
07-08 21:28:16.336  3670  3969 D ConfigUpdater: Enqueueing metadata from URI: https://www.gstatic.com/android/text_classifier/actions/q/v104/en.model.metadata
07-08 21:28:16.336  3670  3969 D ConfigUpdater: Enqueueing download for URI: https://www.gstatic.com/android/text_classifier/actions/q/v104/en.model.metadata
07-08 21:28:16.371  6743  6794 I Finsky  : [57] SCH: Scheduling phonesky job Id: 1-1337, CT: 1783495963530, Constraints: [{ L: 35442224, D: 78642224, C: CHARGING_NONE, I: IDLE_NONE, N: NET_ANY, B: BATTERY_ANY }]
07-08 21:28:16.377  3670  3969 D ConfigUpdater: Metadata download ID set to: 19
07-08 21:28:16.380  6743  6798 I Finsky  : [61] SCH: Scheduling 1 system job(s)
07-08 21:28:16.382  6743  6798 I Finsky  : [61] SCH: Scheduling system job Id: 9263, L: 28509373, D: 71709373, C: false, I: false, N: 1
07-08 21:28:16.402  1688  1694 W d.process.media: Reducing the number of considered missed Gc histogram windows from 259 to 100
07-08 21:28:16.403  6743  8590 I Finsky  : [188] SCH: job service finished with id 9261.
07-08 21:28:16.404  1688  8598 D DownloadManager: [19] Starting
07-08 21:28:16.406  3670  3670 D ConfigUpdater: UpdateRequestReceiver constructed with Config: com.google.android.configupdater.SmartSelection.SmartSelectionConfig@95629f4, StoredState: com.google.android.configupdater.StoredState@130651d, DownloadManagerHelper: com.google.android.configupdater.DownloadManagerHelper@1d81392, FlagHelper: com.google.android.configupdater.PhenotypeHelper@3e30163
07-08 21:28:16.406  3670  3670 D ConfigUpdater: Setting up preferences for StoredState, Downloader, and FlagHelper
07-08 21:28:16.406  3670  3670 D ConfigUpdater: Setting up DownloadManagerHelper
07-08 21:28:16.406  3670  3670 D ConfigUpdater: Loaded SharedPreferences: SmartSelectionDownload
07-08 21:28:16.406  3670  3670 D ConfigUpdater: Using Lollipop+ download directory: /data/user/0/com.google.android.configupdater/files/downloads
07-08 21:28:16.406  3670  3670 D ConfigUpdater: Got DownloadManager service
07-08 21:28:16.406  3670  3670 D ConfigUpdater: Is wearable device: false
07-08 21:28:16.406  3670  3670 D ConfigUpdater: Received intent with action: com.google.android.configupdater.SmartSelection.UPDATE_SMART_SELECTION
07-08 21:28:16.406  3670  3670 D ConfigUpdater: handleUpdateRequestIntent
07-08 21:28:16.406  3670  3670 D ConfigUpdater: Falling back to flag content location
07-08 21:28:16.406  3670  3670 D ConfigUpdater: Received metadata location from intent
07-08 21:28:16.406  3670  3670 D ConfigUpdater: Falling back to flag metadata location
07-08 21:28:16.406  3670  3670 D ConfigUpdater: Starting update from request intent.
07-08 21:28:16.406  3670  3969 D ConfigUpdater: UpdateFetcher constructor with context
07-08 21:28:16.406  3670  3969 D ConfigUpdater: Setting up UpdateFetcher
07-08 21:28:16.410  3670  3969 D ConfigUpdater: Setting up DownloadManagerHelper
07-08 21:28:16.410  3670  3969 D ConfigUpdater: Loaded SharedPreferences: SmartSelectionDownload
07-08 21:28:16.410  3670  3969 D ConfigUpdater: Using Lollipop+ download directory: /data/user/0/com.google.android.configupdater/files/downloads
07-08 21:28:16.410  3670  3969 D ConfigUpdater: Got DownloadManager service
07-08 21:28:16.410  3670  3969 D ConfigUpdater: Is wearable device: false
07-08 21:28:16.410  3670  3969 D ConfigUpdater: startUpdate
07-08 21:28:16.410  3670  3969 I ConfigUpdater: Update started, contentUri.path=/android/text_classifier/s/v902/en.fb, metadataUri=https://www.gstatic.com/android/text_classifier/s/v902/en.fb.metadata
07-08 21:28:16.410  3670  3969 D ConfigUpdater: deleteLocalDownloads
07-08 21:28:16.410  3670  3969 D ConfigUpdater: cleanup called
07-08 21:28:16.414  6743  6743 I Finsky  : [2] Memory trim requested to level 40
07-08 21:28:16.418  6743  6743 I Finsky  : [2] Flushing in-memory image cache
07-08 21:28:16.427  1688  8598 I d.process.media: AssetManager2(0x7df5cfe999d8) locale list changing from [] to [en-US]
07-08 21:28:16.429  1688  1699 V DownloadManager: Deleting /data/data/com.android.providers.downloads/cache/en.fb.metadata via provider delete
07-08 21:28:16.430  1539  3680 W ModernMediaScanner: Failed to visit /data/data/com.android.providers.downloads/cache/en.fb.metadata: java.nio.file.NoSuchFileException: /data/data/com.android.providers.downloads/cache/en.fb.metadata
07-08 21:28:16.430  1539  3680 I MediaProvider: Scanned internal due to REASON_DEMAND, found 0 items in 1ms, 0 inserts 0 updates 0 deletes
07-08 21:28:16.452  3670  3969 D ConfigUpdater: Removed key from SharedPreferences: CONTENT_DOWNLOAD_ID
07-08 21:28:16.452  3670  3969 D ConfigUpdater: Removed key from SharedPreferences: METADATA_DOWNLOAD_ID
07-08 21:28:16.452  3670  3969 D ConfigUpdater: SharedPreferences cleared.
07-08 21:28:16.452  3670  3969 D ConfigUpdater: startMetadataDownload called
07-08 21:28:16.452  3670  3969 D ConfigUpdater: URL is not local: https
07-08 21:28:16.452  3670  3969 D ConfigUpdater: Metadata URL is remote: https://www.gstatic.com/android/text_classifier/s/v902/en.fb.metadata
07-08 21:28:16.452  3670  3969 D ConfigUpdater: Enqueueing metadata from URI: https://www.gstatic.com/android/text_classifier/s/v902/en.fb.metadata
07-08 21:28:16.452  3670  3969 D ConfigUpdater: Enqueueing download for URI: https://www.gstatic.com/android/text_classifier/s/v902/en.fb.metadata
07-08 21:28:16.477  3670  3969 D ConfigUpdater: Metadata download ID set to: 20
07-08 21:28:16.487  1688  8600 D DownloadManager: [20] Starting
07-08 21:28:16.516  1688  8600 I d.process.media: AssetManager2(0x7df5cfe983f8) locale list changing from [] to [en-US]
07-08 21:28:16.669  1688  8593 D DownloadManager: [18] Finished with status SUCCESS
07-08 21:28:16.704  3670  3670 D ConfigUpdater: UpdateRequestReceiver constructed with Config: com.google.android.configupdater.CertPin.CertPinConfig@87a50bf, StoredState: com.google.android.configupdater.StoredState@368c38c, DownloadManagerHelper: com.google.android.configupdater.DownloadManagerHelper@9781ad5, FlagHelper: com.google.android.configupdater.GservicesHelper@60e82ea
07-08 21:28:16.704  3670  3670 D ConfigUpdater: Setting up preferences for StoredState, Downloader, and FlagHelper
07-08 21:28:16.704  3670  3670 D ConfigUpdater: Setting up DownloadManagerHelper
07-08 21:28:16.704  3670  3670 D ConfigUpdater: Loaded SharedPreferences: CertPinDownloads
07-08 21:28:16.704  3670  3670 D ConfigUpdater: Using Lollipop+ download directory: /data/user/0/com.google.android.configupdater/files/downloads
07-08 21:28:16.704  3670  3670 D ConfigUpdater: Got DownloadManager service
07-08 21:28:16.704  3670  3670 D ConfigUpdater: Is wearable device: false
07-08 21:28:16.704  3670  3670 D ConfigUpdater: Received intent with action: android.intent.action.DOWNLOAD_COMPLETE
07-08 21:28:16.704  3670  3670 D ConfigUpdater: Handling download completed intent
07-08 21:28:16.704  3670  3670 D ConfigUpdater: Checking content download complete: downloadId=18
07-08 21:28:16.704  3670  3670 D ConfigUpdater: Checking metadata download complete: downloadId= 18
07-08 21:28:16.706  3670  3670 D ConfigUpdater: UpdateRequestReceiver constructed with Config: com.google.android.configupdater.IntentFirewall.IntentFirewallConfig@6a48c78, StoredState: com.google.android.configupdater.StoredState@3ac8f51, DownloadManagerHelper: com.google.android.configupdater.DownloadManagerHelper@dc9e3b6, FlagHelper: com.google.android.configupdater.GservicesHelper@71b98b7
07-08 21:28:16.706  3670  3670 D ConfigUpdater: Setting up preferences for StoredState, Downloader, and FlagHelper
07-08 21:28:16.706  3670  3670 D ConfigUpdater: Setting up DownloadManagerHelper
07-08 21:28:16.706  3670  3670 D ConfigUpdater: Loaded SharedPreferences: IntentFirewallDownload
07-08 21:28:16.706  3670  3670 D ConfigUpdater: Using Lollipop+ download directory: /data/user/0/com.google.android.configupdater/files/downloads
07-08 21:28:16.706  3670  3670 D ConfigUpdater: Got DownloadManager service
07-08 21:28:16.706  3670  3670 D ConfigUpdater: Is wearable device: false
07-08 21:28:16.706  3670  3670 D ConfigUpdater: Received intent with action: android.intent.action.DOWNLOAD_COMPLETE
07-08 21:28:16.706  3670  3670 D ConfigUpdater: Handling download completed intent
07-08 21:28:16.706  3670  3670 D ConfigUpdater: Checking content download complete: downloadId=18
07-08 21:28:16.706  3670  3670 D ConfigUpdater: Checking metadata download complete: downloadId= 18
07-08 21:28:16.707  3670  3670 D ConfigUpdater: UpdateRequestReceiver constructed with Config: com.google.android.configupdater.SmsShortCodes.SmsShortCodesConfig@9d9cf8d, StoredState: com.google.android.configupdater.StoredState@3088542, DownloadManagerHelper: com.google.android.configupdater.DownloadManagerHelper@6470953, FlagHelper: com.google.android.configupdater.GservicesHelper@a487290
07-08 21:28:16.707  3670  3670 D ConfigUpdater: Setting up preferences for StoredState, Downloader, and FlagHelper
07-08 21:28:16.707  3670  3670 D ConfigUpdater: Setting up DownloadManagerHelper
07-08 21:28:16.707  3670  3670 D ConfigUpdater: Loaded SharedPreferences: SmsShortCodesDownload
07-08 21:28:16.707  3670  3670 D ConfigUpdater: Using Lollipop+ download directory: /data/user/0/com.google.android.configupdater/files/downloads
07-08 21:28:16.707  3670  3670 D ConfigUpdater: Got DownloadManager service
07-08 21:28:16.707  3670  3670 D ConfigUpdater: Is wearable device: false
07-08 21:28:16.707  3670  3670 D ConfigUpdater: Received intent with action: android.intent.action.DOWNLOAD_COMPLETE
07-08 21:28:16.707  3670  3670 D ConfigUpdater: Handling download completed intent
07-08 21:28:16.707  3670  3670 D ConfigUpdater: Checking content download complete: downloadId=18
07-08 21:28:16.707  3670  3670 D ConfigUpdater: Checking metadata download complete: downloadId= 18
07-08 21:28:16.708  3670  3670 D ConfigUpdater: UpdateRequestReceiver constructed with Config: com.google.android.configupdater.NetworkWatchlist.NetworkWatchlistConfig@f9db38e, StoredState: com.google.android.configupdater.StoredState@aee7af, DownloadManagerHelper: com.google.android.configupdater.DownloadManagerHelper@56a27bc, FlagHelper: com.google.android.configupdater.PhenotypeHelper@db66345
07-08 21:28:16.708  3670  3670 D ConfigUpdater: Setting up preferences for StoredState, Downloader, and FlagHelper
07-08 21:28:16.708  3670  3670 D ConfigUpdater: Setting up DownloadManagerHelper
07-08 21:28:16.708  3670  3670 D ConfigUpdater: Loaded SharedPreferences: NetworkWatchlistDownload
07-08 21:28:16.708  3670  3670 D ConfigUpdater: Using Lollipop+ download directory: /data/user/0/com.google.android.configupdater/files/downloads
07-08 21:28:16.708  3670  3670 D ConfigUpdater: Got DownloadManager service
07-08 21:28:16.708  3670  3670 D ConfigUpdater: Is wearable device: false
07-08 21:28:16.708  3670  3670 D ConfigUpdater: Received intent with action: android.intent.action.DOWNLOAD_COMPLETE
07-08 21:28:16.708  3670  3670 D ConfigUpdater: Handling download completed intent
07-08 21:28:16.708  3670  3670 D ConfigUpdater: Checking content download complete: downloadId=18
07-08 21:28:16.708  3670  3670 D ConfigUpdater: Checking metadata download complete: downloadId= 18
07-08 21:28:16.708  3670  3670 D ConfigUpdater: UpdateRequestReceiver constructed with Config: com.google.android.configupdater.ApnDb.ApnDbConfig@70c4fcb, StoredState: com.google.android.configupdater.StoredState@29003a8, DownloadManagerHelper: com.google.android.configupdater.DownloadManagerHelper@45eeec1, FlagHelper: com.google.android.configupdater.GservicesHelper@370a666
07-08 21:28:16.708  3670  3670 D ConfigUpdater: Setting up preferences for StoredState, Downloader, and FlagHelper
07-08 21:28:16.708  3670  3670 D ConfigUpdater: Setting up DownloadManagerHelper
07-08 21:28:16.708  3670  3670 D ConfigUpdater: Loaded SharedPreferences: ApnDbDownload
07-08 21:28:16.708  3670  3670 D ConfigUpdater: Using Lollipop+ download directory: /data/user/0/com.google.android.configupdater/files/downloads
07-08 21:28:16.708  3670  3670 D ConfigUpdater: Got DownloadManager service
07-08 21:28:16.708  3670  3670 D ConfigUpdater: Is wearable device: false
07-08 21:28:16.708  3670  3670 D ConfigUpdater: Received intent with action: android.intent.action.DOWNLOAD_COMPLETE
07-08 21:28:16.708  3670  3670 D ConfigUpdater: Handling download completed intent
07-08 21:28:16.708  3670  3670 D ConfigUpdater: Checking content download complete: downloadId=18
07-08 21:28:16.708  3670  3670 D ConfigUpdater: Checking metadata download complete: downloadId= 18
07-08 21:28:16.709  3670  3670 D ConfigUpdater: UpdateRequestReceiver constructed with Config: com.google.android.configupdater.CarrierProvisioningUrls.CarrierProvisioningUrlsConfig@9b5b254, StoredState: com.google.android.configupdater.StoredState@faab5fd, DownloadManagerHelper: com.google.android.configupdater.DownloadManagerHelper@dd0c2f2, FlagHelper: com.google.android.configupdater.GservicesHelper@674ed43
07-08 21:28:16.709  3670  3670 D ConfigUpdater: Setting up preferences for StoredState, Downloader, and FlagHelper
07-08 21:28:16.709  3670  3670 D ConfigUpdater: Setting up DownloadManagerHelper
07-08 21:28:16.709  3670  3670 D ConfigUpdater: Loaded SharedPreferences: CarrierProvisioningUrlsDownload
07-08 21:28:16.709  3670  3670 D ConfigUpdater: Using Lollipop+ download directory: /data/user/0/com.google.android.configupdater/files/downloads
07-08 21:28:16.709  3670  3670 D ConfigUpdater: Got DownloadManager service
07-08 21:28:16.709  3670  3670 D ConfigUpdater: Is wearable device: false
07-08 21:28:16.709  3670  3670 D ConfigUpdater: Received intent with action: android.intent.action.DOWNLOAD_COMPLETE
07-08 21:28:16.709  3670  3670 D ConfigUpdater: Handling download completed intent
07-08 21:28:16.709  3670  3670 D ConfigUpdater: Checking content download complete: downloadId=18
07-08 21:28:16.709  3670  3670 D ConfigUpdater: Checking metadata download complete: downloadId= 18
07-08 21:28:16.710  3670  3670 D ConfigUpdater: UpdateRequestReceiver constructed with Config: com.google.android.configupdater.LangId.LangIdConfig@af1b4f9, StoredState: com.google.android.configupdater.StoredState@fa41c3e, DownloadManagerHelper: com.google.android.configupdater.DownloadManagerHelper@f6f1a9f, FlagHelper: com.google.android.configupdater.PhenotypeHelper@264f7ec
07-08 21:28:16.710  3670  3670 D ConfigUpdater: Setting up preferences for StoredState, Downloader, and FlagHelper
07-08 21:28:16.710  3670  3670 D ConfigUpdater: Setting up DownloadManagerHelper
07-08 21:28:16.710  3670  3670 D ConfigUpdater: Loaded SharedPreferences: LangIdDownload
07-08 21:28:16.710  3670  3670 D ConfigUpdater: Using Lollipop+ download directory: /data/user/0/com.google.android.configupdater/files/downloads
07-08 21:28:16.710  3670  3670 D ConfigUpdater: Got DownloadManager service
07-08 21:28:16.710  3670  3670 D ConfigUpdater: Is wearable device: false
07-08 21:28:16.710  3670  3670 D ConfigUpdater: Received intent with action: android.intent.action.DOWNLOAD_COMPLETE
07-08 21:28:16.710  3670  3670 D ConfigUpdater: Handling download completed intent
07-08 21:28:16.710  3670  3670 D ConfigUpdater: Checking content download complete: downloadId=18
07-08 21:28:16.710  3670  3670 D ConfigUpdater: Checking metadata download complete: downloadId= 18
07-08 21:28:16.710  3670  3670 D ConfigUpdater: Checking if download was successful for ID: 18
07-08 21:28:16.712  3670  3670 D ConfigUpdater: Download 18 successful: true
07-08 21:28:16.712  3670  3670 D ConfigUpdater: Local path for download ID 18
07-08 21:28:16.714  3670  3670 D ConfigUpdater: Metadata download complete, path: content://downloads/all_downloads/18
07-08 21:28:16.714  3670  3670 D ConfigUpdater: Preparing to handle completed metadata download: content://downloads/all_downloads/18
07-08 21:28:16.715  3670  3969 D ConfigUpdater: Calling UpdateFetcher.handleCompletedMetadataDownload
07-08 21:28:16.715  3670  3969 D ConfigUpdater: UpdateFetcher constructor with context
07-08 21:28:16.715  3670  3969 D ConfigUpdater: Setting up UpdateFetcher
07-08 21:28:16.715  3670  3969 D ConfigUpdater: Setting up DownloadManagerHelper
07-08 21:28:16.715  3670  3969 D ConfigUpdater: Loaded SharedPreferences: LangIdDownload
07-08 21:28:16.715  3670  3969 D ConfigUpdater: Using Lollipop+ download directory: /data/user/0/com.google.android.configupdater/files/downloads
07-08 21:28:16.715  3670  3969 D ConfigUpdater: Got DownloadManager service
07-08 21:28:16.715  3670  3969 D ConfigUpdater: Is wearable device: false
07-08 21:28:16.715  3670  3969 D ConfigUpdater: parseUpdate called with uri: content://downloads/all_downloads/18
07-08 21:28:16.717  3670  3969 D ConfigUpdater: Successfully read metadata
07-08 21:28:16.717  3670  3969 D ConfigUpdater: parseSignature
07-08 21:28:16.717  3670  3969 D ConfigUpdater: parseVersion called with: VERSION:1
07-08 21:28:16.717  3670  3969 D ConfigUpdater: validateVersion called with: 1
07-08 21:28:16.717  3670  3969 D ConfigUpdater: Parsed version: 1
07-08 21:28:16.717  3670  3969 D ConfigUpdater: parseRequiredHash
07-08 21:28:16.717  3670  3969 D ConfigUpdater: startContentDownload called
07-08 21:28:16.717  3670  3969 D ConfigUpdater: URL is not local: https
07-08 21:28:16.717  3670  3969 D ConfigUpdater: Content URL is remote: https://www.gstatic.com/android/text_classifier/langid/q/v1/model.smfb
07-08 21:28:16.717  3670  3969 D ConfigUpdater: Enqueueing content from URI: https://www.gstatic.com/android/text_classifier/langid/q/v1/model.smfb
07-08 21:28:16.717  3670  3969 D ConfigUpdater: Enqueueing download for URI: https://www.gstatic.com/android/text_classifier/langid/q/v1/model.smfb
07-08 21:28:16.729  3670  3969 D ConfigUpdater: Content download ID set to: 21
07-08 21:28:16.730  3670  3969 D ConfigUpdater: Finished async task for handleMetadataDownload
07-08 21:28:16.732  1688  8602 D DownloadManager: [21] Starting
07-08 21:28:16.747  3670  3670 D ConfigUpdater: UpdateRequestReceiver constructed with Config: com.google.android.configupdater.SmartSelection.SmartSelectionConfig@4e00a31, StoredState: com.google.android.configupdater.StoredState@9657516, DownloadManagerHelper: com.google.android.configupdater.DownloadManagerHelper@ee3be97, FlagHelper: com.google.android.configupdater.PhenotypeHelper@ad45884
07-08 21:28:16.747  3670  3670 D ConfigUpdater: Setting up preferences for StoredState, Downloader, and FlagHelper
07-08 21:28:16.747  3670  3670 D ConfigUpdater: Setting up DownloadManagerHelper
07-08 21:28:16.747  3670  3670 D ConfigUpdater: Loaded SharedPreferences: SmartSelectionDownload
07-08 21:28:16.747  3670  3670 D ConfigUpdater: Using Lollipop+ download directory: /data/user/0/com.google.android.configupdater/files/downloads
07-08 21:28:16.747  3670  3670 D ConfigUpdater: Got DownloadManager service
07-08 21:28:16.747  3670  3670 D ConfigUpdater: Is wearable device: false
07-08 21:28:16.747  3670  3670 D ConfigUpdater: Received intent with action: android.intent.action.DOWNLOAD_COMPLETE
07-08 21:28:16.747  3670  3670 D ConfigUpdater: Handling download completed intent
07-08 21:28:16.747  3670  3670 D ConfigUpdater: Checking content download complete: downloadId=18
07-08 21:28:16.747  3670  3670 D ConfigUpdater: Checking metadata download complete: downloadId= 18
07-08 21:28:16.749  3670  3670 D ConfigUpdater: UpdateRequestReceiver constructed with Config: com.google.android.configupdater.ConversationActions.ConversationActionsConfig@dbbcca2, StoredState: com.google.android.configupdater.StoredState@89bad33, DownloadManagerHelper: com.google.android.configupdater.DownloadManagerHelper@18078f0, FlagHelper: com.google.android.configupdater.PhenotypeHelper@22cce69
07-08 21:28:16.750  3670  3670 D ConfigUpdater: Setting up preferences for StoredState, Downloader, and FlagHelper
07-08 21:28:16.750  3670  3670 D ConfigUpdater: Setting up DownloadManagerHelper
07-08 21:28:16.750  3670  3670 D ConfigUpdater: Loaded SharedPreferences: ConversationActionsDownload
07-08 21:28:16.750  3670  3670 D ConfigUpdater: Using Lollipop+ download directory: /data/user/0/com.google.android.configupdater/files/downloads
07-08 21:28:16.750  3670  3670 D ConfigUpdater: Got DownloadManager service
07-08 21:28:16.750  3670  3670 D ConfigUpdater: Is wearable device: false
07-08 21:28:16.750  3670  3670 D ConfigUpdater: Received intent with action: android.intent.action.DOWNLOAD_COMPLETE
07-08 21:28:16.750  3670  3670 D ConfigUpdater: Handling download completed intent
07-08 21:28:16.751  3670  3670 D ConfigUpdater: Checking content download complete: downloadId=18
07-08 21:28:16.751  3670  3670 D ConfigUpdater: Checking metadata download complete: downloadId= 18
07-08 21:28:16.753  3670  3670 D ConfigUpdater: UpdateRequestReceiver constructed with Config: com.google.android.configupdater.CarrierId.CarrierIdConfig@cd9e98f, StoredState: com.google.android.configupdater.StoredState@18c341c, DownloadManagerHelper: com.google.android.configupdater.DownloadManagerHelper@a3ae825, FlagHelper: com.google.android.configupdater.PhenotypeHelper@f6e4dfa
07-08 21:28:16.753  3670  3670 D ConfigUpdater: Setting up preferences for StoredState, Downloader, and FlagHelper
07-08 21:28:16.753  3670  3670 D ConfigUpdater: Setting up DownloadManagerHelper
07-08 21:28:16.753  3670  3670 D ConfigUpdater: Loaded SharedPreferences: CarrierIdDownload
07-08 21:28:16.754  3670  3670 D ConfigUpdater: Using Lollipop+ download directory: /data/user/0/com.google.android.configupdater/files/downloads
07-08 21:28:16.754  3670  3670 D ConfigUpdater: Got DownloadManager service
07-08 21:28:16.754  3670  3670 D ConfigUpdater: Is wearable device: false
07-08 21:28:16.754  3670  3670 D ConfigUpdater: Received intent with action: android.intent.action.DOWNLOAD_COMPLETE
07-08 21:28:16.754  3670  3670 D ConfigUpdater: Handling download completed intent
07-08 21:28:16.754  3670  3670 D ConfigUpdater: Checking content download complete: downloadId=18
07-08 21:28:16.754  3670  3670 D ConfigUpdater: Checking metadata download complete: downloadId= 18
07-08 21:28:16.756  3670  3670 D ConfigUpdater: UpdateRequestReceiver constructed with Config: com.google.android.configupdater.EmergencyNumberDb.EmergencyNumberDbConfig@f367608, StoredState: com.google.android.configupdater.StoredState@456e1a1, DownloadManagerHelper: com.google.android.configupdater.DownloadManagerHelper@5434fc6, FlagHelper: com.google.android.configupdater.PhenotypeHelper@91b7b87
07-08 21:28:16.756  3670  3670 D ConfigUpdater: Setting up preferences for StoredState, Downloader, and FlagHelper
07-08 21:28:16.756  3670  3670 D ConfigUpdater: Setting up DownloadManagerHelper
07-08 21:28:16.756  3670  3670 D ConfigUpdater: Loaded SharedPreferences: EmergencyNumberDbDownload
07-08 21:28:16.756  3670  3670 D ConfigUpdater: Using Lollipop+ download directory: /data/user/0/com.google.android.configupdater/files/downloads
07-08 21:28:16.756  3670  3670 D ConfigUpdater: Got DownloadManager service
07-08 21:28:16.756  3670  3670 D ConfigUpdater: Is wearable device: false
07-08 21:28:16.756  3670  3670 D ConfigUpdater: Received intent with action: android.intent.action.DOWNLOAD_COMPLETE
07-08 21:28:16.756  3670  3670 D ConfigUpdater: Handling download completed intent
07-08 21:28:16.756  3670  3670 D ConfigUpdater: Checking content download complete: downloadId=18
07-08 21:28:16.756  3670  3670 D ConfigUpdater: Checking metadata download complete: downloadId= 18
07-08 21:28:16.756  1688  8602 I d.process.media: AssetManager2(0x7df5cfe8a938) locale list changing from [] to [en-US]
07-08 21:28:16.762  3670  3670 D ConfigUpdater: UpdateRequestReceiver constructed with Config: com.google.android.configupdater.TelephonyConfigUpdate.TelephonyConfigUpdateConfig@1def6dd, StoredState: com.google.android.configupdater.StoredState@714a252, DownloadManagerHelper: com.google.android.configupdater.DownloadManagerHelper@aaa4923, FlagHelper: com.google.android.configupdater.PhenotypeHelper@dbfe20
07-08 21:28:16.762  3670  3670 D ConfigUpdater: Setting up preferences for StoredState, Downloader, and FlagHelper
07-08 21:28:16.762  3670  3670 D ConfigUpdater: Setting up DownloadManagerHelper
07-08 21:28:16.762  3670  3670 D ConfigUpdater: Loaded SharedPreferences: TelephonyConfigUpdateDownload
07-08 21:28:16.762  3670  3670 D ConfigUpdater: Using Lollipop+ download directory: /data/user/0/com.google.android.configupdater/files/downloads
07-08 21:28:16.762  3670  3670 D ConfigUpdater: Got DownloadManager service
07-08 21:28:16.762  3670  3670 D ConfigUpdater: Is wearable device: false
07-08 21:28:16.762  3670  3670 D ConfigUpdater: Received intent with action: android.intent.action.DOWNLOAD_COMPLETE
07-08 21:28:16.762  3670  3670 D ConfigUpdater: Handling download completed intent
07-08 21:28:16.762  3670  3670 D ConfigUpdater: Checking content download complete: downloadId=18
07-08 21:28:16.762  3670  3670 D ConfigUpdater: Checking metadata download complete: downloadId= 18
07-08 21:28:16.785  1688  8598 D DownloadManager: [19] Finished with status SUCCESS
07-08 21:28:16.808  3670  3670 D ConfigUpdater: UpdateRequestReceiver constructed with Config: com.google.android.configupdater.CertPin.CertPinConfig@536919e, StoredState: com.google.android.configupdater.StoredState@6ce547f, DownloadManagerHelper: com.google.android.configupdater.DownloadManagerHelper@cd2dc4c, FlagHelper: com.google.android.configupdater.GservicesHelper@3af2495
07-08 21:28:16.808  3670  3670 D ConfigUpdater: Setting up preferences for StoredState, Downloader, and FlagHelper
07-08 21:28:16.808  3670  3670 D ConfigUpdater: Setting up DownloadManagerHelper
07-08 21:28:16.808  3670  3670 D ConfigUpdater: Loaded SharedPreferences: CertPinDownloads
07-08 21:28:16.808  3670  3670 D ConfigUpdater: Using Lollipop+ download directory: /data/user/0/com.google.android.configupdater/files/downloads
07-08 21:28:16.808  3670  3670 D ConfigUpdater: Got DownloadManager service
07-08 21:28:16.808  3670  3670 D ConfigUpdater: Is wearable device: false
07-08 21:28:16.808  3670  3670 D ConfigUpdater: Received intent with action: android.intent.action.DOWNLOAD_COMPLETE
07-08 21:28:16.808  3670  3670 D ConfigUpdater: Handling download completed intent
07-08 21:28:16.808  3670  3670 D ConfigUpdater: Checking content download complete: downloadId=19
07-08 21:28:16.808  3670  3670 D ConfigUpdater: Checking metadata download complete: downloadId= 19
07-08 21:28:16.809  3670  3670 D ConfigUpdater: UpdateRequestReceiver constructed with Config: com.google.android.configupdater.IntentFirewall.IntentFirewallConfig@2fdb99b, StoredState: com.google.android.configupdater.StoredState@d777138, DownloadManagerHelper: com.google.android.configupdater.DownloadManagerHelper@9aa7511, FlagHelper: com.google.android.configupdater.GservicesHelper@9653676
07-08 21:28:16.809  3670  3670 D ConfigUpdater: Setting up preferences for StoredState, Downloader, and FlagHelper
07-08 21:28:16.809  3670  3670 D ConfigUpdater: Setting up DownloadManagerHelper
07-08 21:28:16.809  3670  3670 D ConfigUpdater: Loaded SharedPreferences: IntentFirewallDownload
07-08 21:28:16.809  3670  3670 D ConfigUpdater: Using Lollipop+ download directory: /data/user/0/com.google.android.configupdater/files/downloads
07-08 21:28:16.809  3670  3670 D ConfigUpdater: Got DownloadManager service
07-08 21:28:16.809  3670  3670 D ConfigUpdater: Is wearable device: false
07-08 21:28:16.809  3670  3670 D ConfigUpdater: Received intent with action: android.intent.action.DOWNLOAD_COMPLETE
07-08 21:28:16.809  3670  3670 D ConfigUpdater: Handling download completed intent
07-08 21:28:16.809  3670  3670 D ConfigUpdater: Checking content download complete: downloadId=19
07-08 21:28:16.809  3670  3670 D ConfigUpdater: Checking metadata download complete: downloadId= 19
07-08 21:28:16.811  3670  3670 D ConfigUpdater: UpdateRequestReceiver constructed with Config: com.google.android.configupdater.SmsShortCodes.SmsShortCodesConfig@3ce68e4, StoredState: com.google.android.configupdater.StoredState@730514d, DownloadManagerHelper: com.google.android.configupdater.DownloadManagerHelper@6e64402, FlagHelper: com.google.android.configupdater.GservicesHelper@44fc113
07-08 21:28:16.811  3670  3670 D ConfigUpdater: Setting up preferences for StoredState, Downloader, and FlagHelper
07-08 21:28:16.811  3670  3670 D ConfigUpdater: Setting up DownloadManagerHelper
07-08 21:28:16.811  3670  3670 D ConfigUpdater: Loaded SharedPreferences: SmsShortCodesDownload
07-08 21:28:16.811  3670  3670 D ConfigUpdater: Using Lollipop+ download directory: /data/user/0/com.google.android.configupdater/files/downloads
07-08 21:28:16.811  3670  3670 D ConfigUpdater: Got DownloadManager service
07-08 21:28:16.811  3670  3670 D ConfigUpdater: Is wearable device: false
07-08 21:28:16.811  3670  3670 D ConfigUpdater: Received intent with action: android.intent.action.DOWNLOAD_COMPLETE
07-08 21:28:16.811  3670  3670 D ConfigUpdater: Handling download completed intent
07-08 21:28:16.811  3670  3670 D ConfigUpdater: Checking content download complete: downloadId=19
07-08 21:28:16.811  3670  3670 D ConfigUpdater: Checking metadata download complete: downloadId= 19
07-08 21:28:16.812  3670  3670 D ConfigUpdater: UpdateRequestReceiver constructed with Config: com.google.android.configupdater.NetworkWatchlist.NetworkWatchlistConfig@6bdb549, StoredState: com.google.android.configupdater.StoredState@b789e4e, DownloadManagerHelper: com.google.android.configupdater.DownloadManagerHelper@eb5b6f, FlagHelper: com.google.android.configupdater.PhenotypeHelper@ebf07c
07-08 21:28:16.812  3670  3670 D ConfigUpdater: Setting up preferences for StoredState, Downloader, and FlagHelper
07-08 21:28:16.812  3670  3670 D ConfigUpdater: Setting up DownloadManagerHelper
07-08 21:28:16.812  3670  3670 D ConfigUpdater: Loaded SharedPreferences: NetworkWatchlistDownload
07-08 21:28:16.812  3670  3670 D ConfigUpdater: Using Lollipop+ download directory: /data/user/0/com.google.android.configupdater/files/downloads
