07-08 21:28:04.917  7054  7076 I .apps.wellbeing: AssetManager2(0x7df5cfe9de98) locale list changing from [] to [en-US]
07-08 21:28:04.917  8539  8539 W unknown:ViewManagerPropertyUpdater: Could not find generated setter for class com.swmansion.rnscreens.ScreenContentWrapperManager
07-08 21:28:04.918  7054  7076 I .apps.wellbeing: AssetManager2(0x7df5cfe9f158) locale list changing from [] to [en-US]
07-08 21:28:04.918  8539  8539 W unknown:ViewManagerPropertyUpdater: Could not find generated setter for class com.swmansion.rnscreens.gamma.tabs.TabsHostViewManager
07-08 21:28:04.919  7054  7076 I .apps.wellbeing: AssetManager2(0x7df5cfe9e1b8) locale list changing from [] to [en-US]
07-08 21:28:04.919  8539  8539 W unknown:ViewManagerPropertyUpdater: Could not find generated setter for class com.swmansion.rnscreens.gamma.tabs.TabScreenViewManager
07-08 21:28:04.920  7054  7076 I .apps.wellbeing: AssetManager2(0x7df5cfe98a38) locale list changing from [] to [en-US]
07-08 21:28:04.922  7054  7076 I .apps.wellbeing: AssetManager2(0x7df5cfe9db78) locale list changing from [] to [en-US]
07-08 21:28:04.923  7054  7076 I .apps.wellbeing: AssetManager2(0x7df5cfe98d58) locale list changing from [] to [en-US]
07-08 21:28:04.924  7054  7076 I .apps.wellbeing: AssetManager2(0x7df5cfea2038) locale list changing from [] to [en-US]
07-08 21:28:04.928  7054  7076 I .apps.wellbeing: AssetManager2(0x7df5cfe9f798) locale list changing from [] to [en-US]
07-08 21:28:04.929   524   774 W ServiceManagerCppClient: Permission failure: android.permission.ACCESS_SURFACE_FLINGER from uid=10219 pid=0
07-08 21:28:04.929   524   774 D PermissionCache: checking android.permission.ACCESS_SURFACE_FLINGER for uid=10219 => denied (639 us)
07-08 21:28:04.935   524   774 W ServiceManagerCppClient: Permission failure: android.permission.ROTATE_SURFACE_FLINGER from uid=10219 pid=0
07-08 21:28:04.935   524   774 D PermissionCache: checking android.permission.ROTATE_SURFACE_FLINGER for uid=10219 => denied (5743 us)
07-08 21:28:04.936   524   774 W ServiceManagerCppClient: Permission failure: android.permission.INTERNAL_SYSTEM_WINDOW from uid=10219 pid=0
07-08 21:28:04.936   524   774 D PermissionCache: checking android.permission.INTERNAL_SYSTEM_WINDOW for uid=10219 => denied (422 us)
07-08 21:28:04.936   524   573 W ServiceManagerCppClient: Permission failure: android.permission.ROTATE_SURFACE_FLINGER from uid=10219 pid=8539
07-08 21:28:04.936   524   573 D PermissionCache: checking android.permission.ROTATE_SURFACE_FLINGER for uid=10219 => denied (4899 us)
07-08 21:28:04.938  7054  7076 I .apps.wellbeing: AssetManager2(0x7df5cfea00f8) locale list changing from [] to [en-US]
07-08 21:28:04.941  7054  7076 I .apps.wellbeing: AssetManager2(0x7df5cfea7498) locale list changing from [] to [en-US]
07-08 21:28:04.945  7054  7076 I .apps.wellbeing: AssetManager2(0x7df5cfe9cbd8) locale list changing from [] to [en-US]
07-08 21:28:04.947  7054  7076 I .apps.wellbeing: AssetManager2(0x7df5cfea3618) locale list changing from [] to [en-US]
07-08 21:28:04.951  7054  7076 I .apps.wellbeing: AssetManager2(0x7df5cfea6b38) locale list changing from [] to [en-US]
07-08 21:28:04.953  7054  7076 I .apps.wellbeing: AssetManager2(0x7df5cfea8118) locale list changing from [] to [en-US]
07-08 21:28:04.954  7054  7076 I .apps.wellbeing: AssetManager2(0x7df5cfe9b2d8) locale list changing from [] to [en-US]
07-08 21:28:04.955  7054  7076 I .apps.wellbeing: AssetManager2(0x7df5cfeb74d8) locale list changing from [] to [en-US]
07-08 21:28:04.955  7054  7076 I .apps.wellbeing: AssetManager2(0x7df5cfeb9738) locale list changing from [] to [en-US]
07-08 21:28:04.956  7054  7076 I .apps.wellbeing: AssetManager2(0x7df5cfea5238) locale list changing from [] to [en-US]
07-08 21:28:04.957  7054  7076 I .apps.wellbeing: AssetManager2(0x7df5cfea64f8) locale list changing from [] to [en-US]
07-08 21:28:04.957  7054  7076 I .apps.wellbeing: AssetManager2(0x7df5cfea61d8) locale list changing from [] to [en-US]
07-08 21:28:04.963  7054  7076 I .apps.wellbeing: AssetManager2(0x7df5cfea4298) locale list changing from [] to [en-US]
07-08 21:28:04.979  7054  7076 I .apps.wellbeing: AssetManager2(0x7df5cfea32f8) locale list changing from [] to [en-US]
07-08 21:28:04.992  7054  7076 I .apps.wellbeing: AssetManager2(0x7df5cfea0d78) locale list changing from [] to [en-US]
07-08 21:28:04.996  7054  7076 I .apps.wellbeing: AssetManager2(0x7df5cfea2998) locale list changing from [] to [en-US]
07-08 21:28:05.001  7054  7076 I .apps.wellbeing: AssetManager2(0x7df5cfea4f18) locale list changing from [] to [en-US]
07-08 21:28:05.011  7054  7076 I .apps.wellbeing: AssetManager2(0x7df5cfea19f8) locale list changing from [] to [en-US]
07-08 21:28:05.013  7054  7076 I .apps.wellbeing: AssetManager2(0x7df5cfea1098) locale list changing from [] to [en-US]
07-08 21:28:05.015  7054  7076 I .apps.wellbeing: AssetManager2(0x7df5cfebc2f8) locale list changing from [] to [en-US]
07-08 21:28:05.024  7054  7076 I .apps.wellbeing: AssetManager2(0x7df5cfeba3b8) locale list changing from [] to [en-US]
07-08 21:28:05.027  7054  7076 I .apps.wellbeing: AssetManager2(0x7df5cfebb998) locale list changing from [] to [en-US]
07-08 21:28:05.029  7054  7076 I .apps.wellbeing: AssetManager2(0x7df5cfeb6218) locale list changing from [] to [en-US]
07-08 21:28:05.031  7054  7076 I .apps.wellbeing: AssetManager2(0x7df5cfea1d18) locale list changing from [] to [en-US]
07-08 21:28:05.037  7054  7076 I .apps.wellbeing: AssetManager2(0x7df5cfeb3fb8) locale list changing from [] to [en-US]
07-08 21:28:05.038  7054  7076 I .apps.wellbeing: AssetManager2(0x7df5cfeb2cf8) locale list changing from [] to [en-US]
07-08 21:28:05.041  7054  7076 I .apps.wellbeing: AssetManager2(0x7df5cfeb26b8) locale list changing from [] to [en-US]
07-08 21:28:05.047  7054  7076 I .apps.wellbeing: AssetManager2(0x7df5cfeb4f58) locale list changing from [] to [en-US]
07-08 21:28:05.049  7054  7076 I .apps.wellbeing: AssetManager2(0x7df5cfeb2078) locale list changing from [] to [en-US]
07-08 21:28:05.053  7054  7076 I .apps.wellbeing: AssetManager2(0x7df5cfeb42d8) locale list changing from [] to [en-US]
07-08 21:28:05.054  7054  7076 I .apps.wellbeing: AssetManager2(0x7df5cfeb0778) locale list changing from [] to [en-US]
07-08 21:28:05.057  7054  7076 I .apps.wellbeing: AssetManager2(0x7df5cfeb6b78) locale list changing from [] to [en-US]
07-08 21:28:05.063  7054  7076 I .apps.wellbeing: AssetManager2(0x7df5cfeb0138) locale list changing from [] to [en-US]
07-08 21:28:05.066  7054  7076 I .apps.wellbeing: AssetManager2(0x7df5cfeb0a98) locale list changing from [] to [en-US]
07-08 21:28:05.071  7054  7076 I .apps.wellbeing: AssetManager2(0x7df5cfeb3658) locale list changing from [] to [en-US]
07-08 21:28:05.077  8539  8566 D nativeloader: Load /data/app/~~h8nFzwGp63kF81jg5r-gxw==/app.quickiefix-8ESu0i24nIFqFePcENy1Jg==/base.apk!/lib/x86_64/libexpo-modules-core.so using class loader ns clns-9 (caller=/data/app/~~h8nFzwGp63kF81jg5r-gxw==/app.quickiefix-8ESu0i24nIFqFePcENy1Jg==/base.apk): ok
07-08 21:28:05.079  7054  7076 I .apps.wellbeing: AssetManager2(0x7df5cfe95518) locale list changing from [] to [en-US]
07-08 21:28:05.080  7054  7076 I .apps.wellbeing: AssetManager2(0x7df5cfe90d38) locale list changing from [] to [en-US]
07-08 21:28:05.082  7054  7076 I .apps.wellbeing: AssetManager2(0x7df5cfe983f8) locale list changing from [] to [en-US]
07-08 21:28:05.084  7054  7076 I .apps.wellbeing: AssetManager2(0x7df5cfe97778) locale list changing from [] to [en-US]
07-08 21:28:05.085  7054  7076 I .apps.wellbeing: AssetManager2(0x7df5cfe96af8) locale list changing from [] to [en-US]
07-08 21:28:05.089  7054  7076 I .apps.wellbeing: AssetManager2(0x7df5cfe95838) locale list changing from [] to [en-US]
07-08 21:28:05.095  7054  7076 I .apps.wellbeing: AssetManager2(0x7df5cfe96198) locale list changing from [] to [en-US]
07-08 21:28:05.100  7054  7076 I .apps.wellbeing: AssetManager2(0x7df5cfe8c238) locale list changing from [] to [en-US]
07-08 21:28:05.107  7054  7076 I .apps.wellbeing: AssetManager2(0x7df5cfe94258) locale list changing from [] to [en-US]
07-08 21:28:05.109  7054  7076 I .apps.wellbeing: AssetManager2(0x7df5cfe94bb8) locale list changing from [] to [en-US]
07-08 21:28:05.129  7054  7076 I .apps.wellbeing: AssetManager2(0x7df5cfe8cb98) locale list changing from [] to [en-US]
07-08 21:28:05.132  7054  7076 I .apps.wellbeing: AssetManager2(0x7df5cfe97458) locale list changing from [] to [en-US]
07-08 21:28:05.142  8539  8566 I ExpoModulesCore: ✅ JSI interop was installed
07-08 21:28:05.142  1654  2327 D SatelliteController: iisInCarrierRoamingNbIotNtn: satellite is disabled
07-08 21:28:05.143   654  1701 W ServiceManagerCppClient: Permission failure: android.permission.ACCESS_SURFACE_FLINGER from uid=10219 pid=0
07-08 21:28:05.143   654  1701 D PermissionCache: checking android.permission.ACCESS_SURFACE_FLINGER for uid=10219 => denied (250 us)
07-08 21:28:05.144   654  1701 W ServiceManagerCppClient: Permission failure: android.permission.ROTATE_SURFACE_FLINGER from uid=10219 pid=0
07-08 21:28:05.144   654  1701 D PermissionCache: checking android.permission.ROTATE_SURFACE_FLINGER for uid=10219 => denied (166 us)
07-08 21:28:05.144   654  1701 W ServiceManagerCppClient: Permission failure: android.permission.INTERNAL_SYSTEM_WINDOW from uid=10219 pid=0
07-08 21:28:05.144   654  1701 D PermissionCache: checking android.permission.INTERNAL_SYSTEM_WINDOW for uid=10219 => denied (175 us)
07-08 21:28:05.174  8539  8566 I ExpoModulesCore: ✅ Constants were exported
07-08 21:28:05.181  1310  1310 D BaseDepthController: setSurface:
07-08 21:28:05.181  1310  1310 D BaseDepthController: 	mWaitingOnSurfaceValidity: false
07-08 21:28:05.181  1310  1310 D BaseDepthController: 	mBaseSurface: null
07-08 21:28:05.191  1310  1310 D BaseDepthController: mSurface is null and mCurrentBlur is: 0
07-08 21:28:05.193  1310  1310 I ActivityThread: Schedule relaunch activity: com.google.android.apps.nexuslauncher.NexusLauncherActivity
07-08 21:28:05.193  1310  1310 I ActivityThread: Schedule relaunch activity: com.google.android.apps.nexuslauncher.NexusLauncherActivity
07-08 21:28:05.218  1310  1310 D StateManager: goToState - fromState: Normal, toState: Normal, partial trace:
07-08 21:28:05.218  1310  1310 D StateManager: 	at com.android.launcher3.statemanager.StateManager.moveToRestState(go/retraceme 72a59688580715d19f0e415c69e80376c2f062d1648c80db6730905005a27c20:4)
07-08 21:28:05.218  1310  1310 D StateManager: 	at com.android.launcher3.statemanager.StateManager.moveToRestState(go/retraceme 72a59688580715d19f0e415c69e80376c2f062d1648c80db6730905005a27c20:1)
07-08 21:28:05.218  1310  1310 D StateManager: 	at com.android.launcher3.statemanager.StatefulActivity.onStop(go/retraceme 72a59688580715d19f0e415c69e80376c2f062d1648c80db6730905005a27c20:34)
07-08 21:28:05.271  6600  7487 I FontLog : (REDACTED) Received query %s, URI %s
07-08 21:28:05.278  6600  7487 I FontLog : (REDACTED) Query [%s] resolved to %s
07-08 21:28:05.297  8539  8566 D nativeloader: Load /data/app/~~h8nFzwGp63kF81jg5r-gxw==/app.quickiefix-8ESu0i24nIFqFePcENy1Jg==/base.apk!/lib/x86_64/librnscreens.so using class loader ns clns-9 (caller=/data/app/~~h8nFzwGp63kF81jg5r-gxw==/app.quickiefix-8ESu0i24nIFqFePcENy1Jg==/base.apk!classes2.dex): ok
07-08 21:28:05.301  8539  8566 I ReactNativeJS: Running "main"
07-08 21:28:05.311  6600  7487 I FontLog : (REDACTED) Fetch %s end status %s
07-08 21:28:05.322  1310  1310 D StatsLog: LAUNCHER_ONSTOP
07-08 21:28:05.344  7054  7076 I .apps.wellbeing: AssetManager2(0x7df5cfe91698) locale list changing from [] to [en-US]
07-08 21:28:05.360  6600  7487 I FontLog : (REDACTED) Pulling font file for id = %d, cache size = %d
07-08 21:28:05.362  1310  1310 D StatsLog: LAUNCHER_GOOGLE_SEARCH_RESTORE_LIST_SIZE_AFTER_ACTIVITY_RESTART
07-08 21:28:05.367  1310  1310 D CannedAnimCoordinator: Wrong controller access from H2.w@d061512, actual provider null
07-08 21:28:05.376  1310  1310 D RecentsView: destroy
07-08 21:28:05.382  1310  1310 D TaskbarManager: onActivityDestroyed: displayId=0 isDefaultDisplay=true
07-08 21:28:05.392  1310  1310 D TaskbarManager: onActivityDestroyed: unregistering callbacks displayId=0 isDefaultDisplay=true
07-08 21:28:05.392  1310  1310 D TaskbarManager: onActivityDestroyed: setting taskbarUIController displayId=0 isDefaultDisplay=true
07-08 21:28:05.399  1310  1310 D TaskFragmentComponent: destroy task fragment
07-08 21:28:05.399  1310  1310 D TaskFragmentComponent: java.lang.Exception
07-08 21:28:05.399  1310  1310 D TaskFragmentComponent: 	at com.google.android.apps.nexuslauncher.overlay.TaskFragmentOverlayManager.onActivityDestroyed(go/retraceme 72a59688580715d19f0e415c69e80376c2f062d1648c80db6730905005a27c20:60)
07-08 21:28:05.399  1310  1310 D TaskFragmentComponent: 	at com.android.launcher3.Launcher.onDestroy(go/retraceme 72a59688580715d19f0e415c69e80376c2f062d1648c80db6730905005a27c20:107)
07-08 21:28:05.399  1310  1310 D TaskFragmentComponent: 	at com.android.launcher3.uioverrides.QuickstepLauncher.onDestroy(go/retraceme 72a59688580715d19f0e415c69e80376c2f062d1648c80db6730905005a27c20:77)
07-08 21:28:05.399  1310  1310 D TaskFragmentComponent: 	at com.google.android.apps.nexuslauncher.NexusLauncherActivity.onDestroy(go/retraceme 72a59688580715d19f0e415c69e80376c2f062d1648c80db6730905005a27c20:35)
07-08 21:28:05.399  1310  1310 D TaskFragmentComponent: 	at android.app.Activity.performDestroy(Activity.java:9460)
07-08 21:28:05.399  1310  1310 D TaskFragmentComponent: 	at android.app.Instrumentation.callActivityOnDestroy(Instrumentation.java:1556)
07-08 21:28:05.399  1310  1310 D TaskFragmentComponent: 	at android.app.ActivityThread.performDestroyActivity(ActivityThread.java:6256)
07-08 21:28:05.399  1310  1310 D TaskFragmentComponent: 	at android.app.ActivityThread.handleDestroyActivity(ActivityThread.java:6301)
07-08 21:28:05.399  1310  1310 D TaskFragmentComponent: 	at android.app.ActivityThread.handleRelaunchActivityInner(ActivityThread.java:6586)
07-08 21:28:05.399  1310  1310 D TaskFragmentComponent: 	at android.app.ActivityThread.handleRelaunchActivity(ActivityThread.java:6501)
07-08 21:28:05.399  1310  1310 D TaskFragmentComponent: 	at android.app.servertransaction.ActivityRelaunchItem.execute(ActivityRelaunchItem.java:106)
07-08 21:28:05.399  1310  1310 D TaskFragmentComponent: 	at android.app.servertransaction.ActivityTransactionItem.execute(ActivityTransactionItem.java:63)
07-08 21:28:05.399  1310  1310 D TaskFragmentComponent: 	at android.app.servertransaction.TransactionExecutor.executeNonLifecycleItem(TransactionExecutor.java:133)
07-08 21:28:05.399  1310  1310 D TaskFragmentComponent: 	at android.app.servertransaction.TransactionExecutor.executeTransactionItems(TransactionExecutor.java:103)
07-08 21:28:05.399  1310  1310 D TaskFragmentComponent: 	at android.app.servertransaction.TransactionExecutor.execute(TransactionExecutor.java:80)
07-08 21:28:05.399  1310  1310 D TaskFragmentComponent: 	at android.app.ClientTransactionHandler.executeTransaction(ClientTransactionHandler.java:69)
07-08 21:28:05.399  1310  1310 D TaskFragmentComponent: 	at android.app.ActivityThread.handleRelaunchActivityLocally(ActivityThread.java:6567)
07-08 21:28:05.399  1310  1310 D TaskFragmentComponent: 	at android.app.ActivityThread$H.handleMessage(ActivityThread.java:2829)
07-08 21:28:05.399  1310  1310 D TaskFragmentComponent: 	at android.os.Handler.dispatchMessage(Handler.java:110)
07-08 21:28:05.399  1310  1310 D TaskFragmentComponent: 	at android.os.Looper.loopOnce(Looper.java:248)
07-08 21:28:05.399  1310  1310 D TaskFragmentComponent: 	at android.os.Looper.loop(Looper.java:338)
07-08 21:28:05.399  1310  1310 D TaskFragmentComponent: 	at android.app.ActivityThread.main(ActivityThread.java:9067)
07-08 21:28:05.399  1310  1310 D TaskFragmentComponent: 	at java.lang.reflect.Method.invoke(Native Method)
07-08 21:28:05.399  1310  1310 D TaskFragmentComponent: 	at com.android.internal.os.RuntimeInit$MethodAndArgsCaller.run(RuntimeInit.java:593)
07-08 21:28:05.399  1310  1310 D TaskFragmentComponent: 	at com.android.internal.os.ZygoteInit.main(ZygoteInit.java:932)
07-08 21:28:05.410   654  1755 D SearchUiPerUserService: Removing callback for session Id=com.google.android.apps.nexuslauncher:55d4635f-7d19-45b9-ad71-80bd4f94c30b,0 and callback=android.os.BinderProxy@2ee77f7
07-08 21:28:05.412   654  1755 D SearchUiPerUserService: Removing all callbacks for session Id=com.google.android.apps.nexuslauncher:55d4635f-7d19-45b9-ad71-80bd4f94c30b,0 and 0 callbacks.
07-08 21:28:05.427   654  1755 D ActivityTaskManager: Remove task fragment: deleteTaskFragment
07-08 21:28:05.429  1017  1120 V WindowManagerShell: Transition requested (#19): android.os.BinderProxy@85b87cf TransitionRequestInfo { type = CLOSE, triggerTask = null, pipChange = null, remoteTransition = RemoteTransition { remoteTransition = android.window.IRemoteTransition$Stub$Proxy@b74155c, appThread = null, debugName = TaskFragmentComponent }, displayChange = null, flags = 0, debugId = 19 }
07-08 21:28:05.429  1310  1310 D RecentsView: reset - mEnableDrawingLiveTile: false, mRecentsAnimationController: null
07-08 21:28:05.432  7054  7076 I .apps.wellbeing: AssetManager2(0x7df5cfe92c78) locale list changing from [] to [en-US]
07-08 21:28:05.438  8539  8566 V AsyncStorageExpoMigration: No scoped database found
07-08 21:28:05.451  1017  1120 V WindowManagerShell: RemoteTransition directly requested for (#19) android.os.BinderProxy@85b87cf: RemoteTransition { remoteTransition = android.window.IRemoteTransition$Stub$Proxy@b74155c, appThread = null, debugName = TaskFragmentComponent }
07-08 21:28:05.452  1017  1120 V WindowManagerShell: Transition (#19): request handled by RemoteTransitionHandler
07-08 21:28:05.456  7054  7076 I .apps.wellbeing: AssetManager2(0x7df5cfe8a2f8) locale list changing from [] to [en-US]
07-08 21:28:05.461  6600  7487 I FontLog : (REDACTED) Pulling font file for id = %d, cache size = %d
07-08 21:28:05.463  7054  7076 I .apps.wellbeing: AssetManager2(0x7df5cfe94578) locale list changing from [] to [en-US]
07-08 21:28:05.469   654   686 I ActivityTaskManager: Displayed app.quickiefix/.MainActivity for user 0: +1s434ms
07-08 21:28:05.469   654   686 W Looper  : Slow dispatch took 310ms android.fg app=system_server main=false group=FOREGROUND h=android.os.Handler c=com.android.server.wm.ActivityMetricsLogger$$ExternalSyntheticLambda0@6f59815 m=0
07-08 21:28:05.480   654   686 W Looper  : Slow delivery took 324ms android.fg app=system_server main=false group=FOREGROUND h=android.os.Handler c=com.android.server.wm.ActivityMetricsLogger$$ExternalSyntheticLambda8@26572a m=0
07-08 21:28:05.494  7054  7076 I .apps.wellbeing: AssetManager2(0x7df5cfe92f98) locale list changing from [] to [en-US]
07-08 21:28:05.494  1310  1310 D UnlockComponentFactory: instantiateActivity() com.google.android.apps.nexuslauncher.NexusLauncherActivity isUserLocked: false
07-08 21:28:05.501  1310  1310 W WindowOnBackDispatcher: sendCancelIfRunning: isInProgress=false callback=com.android.launcher3.uioverrides.QuickstepLauncher$3@3648360
07-08 21:28:05.534   654  1755 D CoreBackPreview: Window{6274055 u0 com.google.android.apps.nexuslauncher/com.google.android.apps.nexuslauncher.NexusLauncherActivity}: Setting back callback null
07-08 21:28:05.610  7054  7076 I .apps.wellbeing: AssetManager2(0x7df5cfe96e18) locale list changing from [] to [en-US]
07-08 21:28:05.617   654   686 W Looper  : Drained
07-08 21:28:05.655  8539  8566 W ReactNativeJS: The app is running using the Legacy Architecture. The Legacy Architecture is deprecated and will be removed in a future version of React Native. Please consider migrating to the New Architecture. For more information, please see https://reactnative.dev/blog/2024/10/23/the-new-architecture-is-here
07-08 21:28:05.662  1017  1151 W WindowOnBackDispatcher: sendCancelIfRunning: isInProgress=false callback=android.view.ViewRootImpl$$ExternalSyntheticLambda13@1febdda
07-08 21:28:05.665   654  1755 D CoreBackPreview: Window{a43fae5 u0 Splash Screen app.quickiefix EXITING}: Setting back callback null
07-08 21:28:05.696   654  1755 D CoreBackPreview: Window{6274055 u0 com.google.android.apps.nexuslauncher/com.google.android.apps.nexuslauncher.NexusLauncherActivity}: Setting back callback OnBackInvokedCallbackInfo{mCallback=android.window.IOnBackInvokedCallback$Stub$Proxy@d3ea182, mPriority=-1, mIsAnimationCallback=false, mOverrideBehavior=0}
07-08 21:28:05.721   654  1755 D CoreBackPreview: Window{6274055 u0 com.google.android.apps.nexuslauncher/com.google.android.apps.nexuslauncher.NexusLauncherActivity}: Setting back callback OnBackInvokedCallbackInfo{mCallback=android.window.IOnBackInvokedCallback$Stub$Proxy@7f888d0, mPriority=0, mIsAnimationCallback=true, mOverrideBehavior=0}
07-08 21:28:05.759  8539  8567 W unknown:ReactNative: StatusBarModule: Ignored status bar change, current activity is edge-to-edge.
07-08 21:28:05.763  8539  8567 W unknown:ReactNative: StatusBarModule: Ignored status bar change, current activity is edge-to-edge.
07-08 21:28:05.823  1310  1310 W Resources: Drawable com.google.android.apps.nexuslauncher:drawable/ic_chevron_end has unresolved theme attributes! Consider using Resources.getDrawable(int, Theme) or Context.getDrawable(int).
07-08 21:28:05.823  1310  1310 W Resources: java.lang.RuntimeException
07-08 21:28:05.823  1310  1310 W Resources: 	at android.content.res.Resources.getDrawable(Resources.java:926)
07-08 21:28:05.823  1310  1310 W Resources: 	at com.android.launcher3.pageindicators.PageIndicatorDots.<init>(go/retraceme 72a59688580715d19f0e415c69e80376c2f062d1648c80db6730905005a27c20:16)
07-08 21:28:05.823  1310  1310 W Resources: 	at com.android.launcher3.pageindicators.PageIndicatorDots.<init>(go/retraceme 72a59688580715d19f0e415c69e80376c2f062d1648c80db6730905005a27c20:2)
07-08 21:28:05.823  1310  1310 W Resources: 	at java.lang.reflect.Constructor.newInstance0(Native Method)
07-08 21:28:05.823  1310  1310 W Resources: 	at java.lang.reflect.Constructor.newInstance(Constructor.java:343)
07-08 21:28:05.823  1310  1310 W Resources: 	at android.view.LayoutInflater.createView(LayoutInflater.java:743)
07-08 21:28:05.823  1310  1310 W Resources: 	at android.view.LayoutInflater.createViewFromTag(LayoutInflater.java:895)
07-08 21:28:05.823  1310  1310 W Resources: 	at android.view.LayoutInflater.createViewFromTag(LayoutInflater.java:850)
07-08 21:28:05.823  1310  1310 W Resources: 	at android.view.LayoutInflater.rInflate(LayoutInflater.java:1012)
07-08 21:28:05.823  1310  1310 W Resources: 	at android.view.LayoutInflater.rInflateChildren(LayoutInflater.java:973)
07-08 21:28:05.823  1310  1310 W Resources: 	at android.view.LayoutInflater.rInflate(LayoutInflater.java:1015)
07-08 21:28:05.823  1310  1310 W Resources: 	at android.view.LayoutInflater.rInflateChildren(LayoutInflater.java:973)
07-08 21:28:05.823  1310  1310 W Resources: 	at android.view.LayoutInflater.inflate(LayoutInflater.java:571)
07-08 21:28:05.823  1310  1310 W Resources: 	at android.view.LayoutInflater.inflate(LayoutInflater.java:462)
07-08 21:28:05.823  1310  1310 W Resources: 	at android.view.LayoutInflater.inflate(LayoutInflater.java:413)
07-08 21:28:05.823  1310  1310 W Resources: 	at com.android.launcher3.statemanager.StatefulActivity.inflateRootView(go/retraceme 72a59688580715d19f0e415c69e80376c2f062d1648c80db6730905005a27c20:6)
07-08 21:28:05.823  1310  1310 W Resources: 	at com.android.launcher3.Launcher.setupViews(go/retraceme 72a59688580715d19f0e415c69e80376c2f062d1648c80db6730905005a27c20:10)
07-08 21:28:05.823  1310  1310 W Resources: 	at com.android.launcher3.uioverrides.QuickstepLauncher.setupViews(go/retraceme 72a59688580715d19f0e415c69e80376c2f062d1648c80db6730905005a27c20:13)
07-08 21:28:05.823  1310  1310 W Resources: 	at com.google.android.apps.nexuslauncher.NexusLauncherActivity.setupViews(go/retraceme 72a59688580715d19f0e415c69e80376c2f062d1648c80db6730905005a27c20:19)
07-08 21:28:05.823  1310  1310 W Resources: 	at com.android.launcher3.Launcher.onCreate(go/retraceme 72a59688580715d19f0e415c69e80376c2f062d1648c80db6730905005a27c20:181)
07-08 21:28:05.823  1310  1310 W Resources: 	at com.android.launcher3.uioverrides.QuickstepLauncher.onCreate(go/retraceme 72a59688580715d19f0e415c69e80376c2f062d1648c80db6730905005a27c20:1)
07-08 21:28:05.823  1310  1310 W Resources: 	at com.google.android.apps.nexuslauncher.NexusLauncherActivity.onCreate(go/retraceme 72a59688580715d19f0e415c69e80376c2f062d1648c80db6730905005a27c20:1)
07-08 21:28:05.823  1310  1310 W Resources: 	at android.app.Activity.performCreate(Activity.java:9155)
07-08 21:28:05.823  1310  1310 W Resources: 	at android.app.Activity.performCreate(Activity.java:9133)
07-08 21:28:05.823  1310  1310 W Resources: 	at android.app.Instrumentation.callActivityOnCreate(Instrumentation.java:1521)
07-08 21:28:05.823  1310  1310 W Resources: 	at android.app.ActivityThread.performLaunchActivity(ActivityThread.java:4262)
07-08 21:28:05.823  1310  1310 W Resources: 	at android.app.ActivityThread.handleLaunchActivity(ActivityThread.java:4467)
07-08 21:28:05.823  1310  1310 W Resources: 	at android.app.ActivityThread.handleRelaunchActivityInner(ActivityThread.java:6610)
07-08 21:28:05.823  1310  1310 W Resources: 	at android.app.ActivityThread.handleRelaunchActivity(ActivityThread.java:6501)
07-08 21:28:05.823  1310  1310 W Resources: 	at android.app.servertransaction.ActivityRelaunchItem.execute(ActivityRelaunchItem.java:106)
07-08 21:28:05.823  1310  1310 W Resources: 	at android.app.servertransaction.ActivityTransactionItem.execute(ActivityTransactionItem.java:63)
07-08 21:28:05.823  1310  1310 W Resources: 	at android.app.servertransaction.TransactionExecutor.executeNonLifecycleItem(TransactionExecutor.java:133)
07-08 21:28:05.823  1310  1310 W Resources: 	at android.app.servertransaction.TransactionExecutor.executeTransactionItems(TransactionExecutor.java:103)
07-08 21:28:05.823  1310  1310 W Resources: 	at android.app.servertransaction.TransactionExecutor.execute(TransactionExecutor.java:80)
07-08 21:28:05.823  1310  1310 W Resources: 	at android.app.ClientTransactionHandler.executeTransaction(ClientTransactionHandler.java:69)
07-08 21:28:05.823  1310  1310 W Resources: 	at android.app.ActivityThread.handleRelaunchActivityLocally(ActivityThread.java:6567)
07-08 21:28:05.823  1310  1310 W Resources: 	at android.app.ActivityThread$H.handleMessage(ActivityThread.java:2829)
07-08 21:28:05.823  1310  1310 W Resources: 	at android.os.Handler.dispatchMessage(Handler.java:110)
07-08 21:28:05.823  1310  1310 W Resources: 	at android.os.Looper.loopOnce(Looper.java:248)
07-08 21:28:05.823  1310  1310 W Resources: 	at android.os.Looper.loop(Looper.java:338)
07-08 21:28:05.823  1310  1310 W Resources: 	at android.app.ActivityThread.main(ActivityThread.java:9067)
07-08 21:28:05.823  1310  1310 W Resources: 	at java.lang.reflect.Method.invoke(Native Method)
07-08 21:28:05.823  1310  1310 W Resources: 	at com.android.internal.os.RuntimeInit$MethodAndArgsCaller.run(RuntimeInit.java:593)
07-08 21:28:05.823  1310  1310 W Resources: 	at com.android.internal.os.ZygoteInit.main(ZygoteInit.java:932)
07-08 21:28:05.824  1310  1310 W Resources: Drawable com.google.android.apps.nexuslauncher:drawable/ic_chevron_start has unresolved theme attributes! Consider using Resources.getDrawable(int, Theme) or Context.getDrawable(int).
07-08 21:28:05.824  1310  1310 W Resources: java.lang.RuntimeException
07-08 21:28:05.824  1310  1310 W Resources: 	at android.content.res.Resources.getDrawable(Resources.java:926)
07-08 21:28:05.824  1310  1310 W Resources: 	at com.android.launcher3.pageindicators.PageIndicatorDots.<init>(go/retraceme 72a59688580715d19f0e415c69e80376c2f062d1648c80db6730905005a27c20:17)
07-08 21:28:05.824  1310  1310 W Resources: 	at com.android.launcher3.pageindicators.PageIndicatorDots.<init>(go/retraceme 72a59688580715d19f0e415c69e80376c2f062d1648c80db6730905005a27c20:2)
07-08 21:28:05.824  1310  1310 W Resources: 	at java.lang.reflect.Constructor.newInstance0(Native Method)
07-08 21:28:05.824  1310  1310 W Resources: 	at java.lang.reflect.Constructor.newInstance(Constructor.java:343)
07-08 21:28:05.824  1310  1310 W Resources: 	at android.view.LayoutInflater.createView(LayoutInflater.java:743)
07-08 21:28:05.824  1310  1310 W Resources: 	at android.view.LayoutInflater.createViewFromTag(LayoutInflater.java:895)
07-08 21:28:05.824  1310  1310 W Resources: 	at android.view.LayoutInflater.createViewFromTag(LayoutInflater.java:850)
07-08 21:28:05.824  1310  1310 W Resources: 	at android.view.LayoutInflater.rInflate(LayoutInflater.java:1012)
07-08 21:28:05.824  1310  1310 W Resources: 	at android.view.LayoutInflater.rInflateChildren(LayoutInflater.java:973)
07-08 21:28:05.824  1310  1310 W Resources: 	at android.view.LayoutInflater.rInflate(LayoutInflater.java:1015)
07-08 21:28:05.824  1310  1310 W Resources: 	at android.view.LayoutInflater.rInflateChildren(LayoutInflater.java:973)
07-08 21:28:05.824  1310  1310 W Resources: 	at android.view.LayoutInflater.inflate(LayoutInflater.java:571)
07-08 21:28:05.824  1310  1310 W Resources: 	at android.view.LayoutInflater.inflate(LayoutInflater.java:462)
07-08 21:28:05.824  1310  1310 W Resources: 	at android.view.LayoutInflater.inflate(LayoutInflater.java:413)
07-08 21:28:05.824  1310  1310 W Resources: 	at com.android.launcher3.statemanager.StatefulActivity.inflateRootView(go/retraceme 72a59688580715d19f0e415c69e80376c2f062d1648c80db6730905005a27c20:6)
07-08 21:28:05.824  1310  1310 W Resources: 	at com.android.launcher3.Launcher.setupViews(go/retraceme 72a59688580715d19f0e415c69e80376c2f062d1648c80db6730905005a27c20:10)
07-08 21:28:05.824  1310  1310 W Resources: 	at com.android.launcher3.uioverrides.QuickstepLauncher.setupViews(go/retraceme 72a59688580715d19f0e415c69e80376c2f062d1648c80db6730905005a27c20:13)
07-08 21:28:05.824  1310  1310 W Resources: 	at com.google.android.apps.nexuslauncher.NexusLauncherActivity.setupViews(go/retraceme 72a59688580715d19f0e415c69e80376c2f062d1648c80db6730905005a27c20:19)
07-08 21:28:05.824  1310  1310 W Resources: 	at com.android.launcher3.Launcher.onCreate(go/retraceme 72a59688580715d19f0e415c69e80376c2f062d1648c80db6730905005a27c20:181)
07-08 21:28:05.824  1310  1310 W Resources: 	at com.android.launcher3.uioverrides.QuickstepLauncher.onCreate(go/retraceme 72a59688580715d19f0e415c69e80376c2f062d1648c80db6730905005a27c20:1)
07-08 21:28:05.824  1310  1310 W Resources: 	at com.google.android.apps.nexuslauncher.NexusLauncherActivity.onCreate(go/retraceme 72a59688580715d19f0e415c69e80376c2f062d1648c80db6730905005a27c20:1)
07-08 21:28:05.824  1310  1310 W Resources: 	at android.app.Activity.performCreate(Activity.java:9155)
07-08 21:28:05.824  1310  1310 W Resources: 	at android.app.Activity.performCreate(Activity.java:9133)
07-08 21:28:05.824  1310  1310 W Resources: 	at android.app.Instrumentation.callActivityOnCreate(Instrumentation.java:1521)
07-08 21:28:05.824  1310  1310 W Resources: 	at android.app.ActivityThread.performLaunchActivity(ActivityThread.java:4262)
07-08 21:28:05.824  1310  1310 W Resources: 	at android.app.ActivityThread.handleLaunchActivity(ActivityThread.java:4467)
07-08 21:28:05.824  1310  1310 W Resources: 	at android.app.ActivityThread.handleRelaunchActivityInner(ActivityThread.java:6610)
07-08 21:28:05.824  1310  1310 W Resources: 	at android.app.ActivityThread.handleRelaunchActivity(ActivityThread.java:6501)
07-08 21:28:05.824  1310  1310 W Resources: 	at android.app.servertransaction.ActivityRelaunchItem.execute(ActivityRelaunchItem.java:106)
07-08 21:28:05.824  1310  1310 W Resources: 	at android.app.servertransaction.ActivityTransactionItem.execute(ActivityTransactionItem.java:63)
07-08 21:28:05.824  1310  1310 W Resources: 	at android.app.servertransaction.TransactionExecutor.executeNonLifecycleItem(TransactionExecutor.java:133)
07-08 21:28:05.824  1310  1310 W Resources: 	at android.app.servertransaction.TransactionExecutor.executeTransactionItems(TransactionExecutor.java:103)
07-08 21:28:05.824  1310  1310 W Resources: 	at android.app.servertransaction.TransactionExecutor.execute(TransactionExecutor.java:80)
07-08 21:28:05.824  1310  1310 W Resources: 	at android.app.ClientTransactionHandler.executeTransaction(ClientTransactionHandler.java:69)
07-08 21:28:05.824  1310  1310 W Resources: 	at android.app.ActivityThread.handleRelaunchActivityLocally(ActivityThread.java:6567)
07-08 21:28:05.824  1310  1310 W Resources: 	at android.app.ActivityThread$H.handleMessage(ActivityThread.java:2829)
07-08 21:28:05.824  1310  1310 W Resources: 	at android.os.Handler.dispatchMessage(Handler.java:110)
07-08 21:28:05.824  1310  1310 W Resources: 	at android.os.Looper.loopOnce(Looper.java:248)
07-08 21:28:05.824  1310  1310 W Resources: 	at android.os.Looper.loop(Looper.java:338)
07-08 21:28:05.824  1310  1310 W Resources: 	at android.app.ActivityThread.main(ActivityThread.java:9067)
07-08 21:28:05.824  1310  1310 W Resources: 	at java.lang.reflect.Method.invoke(Native Method)
07-08 21:28:05.824  1310  1310 W Resources: 	at com.android.internal.os.RuntimeInit$MethodAndArgsCaller.run(RuntimeInit.java:593)
07-08 21:28:05.824  1310  1310 W Resources: 	at com.android.internal.os.ZygoteInit.main(ZygoteInit.java:932)
07-08 21:28:06.168  1310  1310 E RecyclerView: Cannot scroll to position a LayoutManager set. Call setLayoutManager with a non-null argument.
07-08 21:28:06.177  1310  1310 D ActivityAllAppsContainerView: rebindAdapters: force: true
07-08 21:28:06.178  1310  1310 D ActivityAllAppsContainerView: replaceAppsRVContainer: showTabs: false
07-08 21:28:06.180  1310  8580 D ViewPool: initPool complete
07-08 21:28:06.186  1310  1310 D AlphabeticalAppsList: Clearing FastScrollerSections.
07-08 21:28:06.187  1310  1310 D AlphabeticalAppsList: Adding apps with sections. HasPrivateApps: true
07-08 21:28:06.187  1310  1310 E RecyclerView: Cannot scroll to position a LayoutManager set. Call setLayoutManager with a non-null argument.
07-08 21:28:06.187  1310  1310 D DeviceSearchAlg: search timeout = %d200
07-08 21:28:06.193  8539  8567 W unknown:ViewManagerPropertyUpdater: Could not find generated setter for class com.swmansion.rnscreens.ScreenStackHeaderConfigShadowNode
07-08 21:28:06.198  8539  8567 W unknown:ViewManagerPropertyUpdater: Could not find generated setter for class com.swmansion.rnscreens.ScreensShadowNode
07-08 21:28:06.208  1310  1310 W PageIndicator: Total number of pages invalid: 0. Assuming 1 page.
07-08 21:28:06.215  1310  1310 W BcSmartspaceView: Current card is not present in the Adapter; cannot log.
07-08 21:28:06.217  1310  1310 D CellLayout: Adding view to ShortcutsAndWidgetsContainer: com.google.android.apps.nexuslauncher.qsb.SmartspaceViewContainer{f8b3954 V.E...... ......I. 0,0-0,0 #7f0a032d app:id/search_container_workspace}
07-08 21:28:06.219  1310  8579 D ViewPool: initPool complete
07-08 21:28:06.220  1310  1310 D OverviewActionsView: updateActionButtonsVisibility() called: showSingleTaskActions = [true], showGroupActions = [false]
07-08 21:28:06.294  1310  1310 D KeyboardInsetsHandler: setState, toState:Normal StateManager(mLastStableState:Normal, mCurrentStableState:Normal, mState:Normal, mRestState:null, isInTransition:false)
07-08 21:28:06.302  1310  1310 D CellLayout: Adding view to ShortcutsAndWidgetsContainer: com.google.android.apps.nexuslauncher.qsb.SmartspaceViewContainer{f8b3954 V.E...... ......I. 0,0-0,0 #7f0a032d app:id/search_container_workspace}
07-08 21:28:06.303  1310  1310 D ModelCallbacks: startBinding: hotseat layout was vertical: false and is setting to false
07-08 21:28:06.312  1310  1310 D Launcher.Workspace: addInScreenFromBind: hotseat inflation with x = 0 and y = 0
07-08 21:28:06.312  1310  1310 D CellLayout: Adding view to ShortcutsAndWidgetsContainer: com.android.launcher3.views.DoubleShadowBubbleTextView{2b94c8f VFED..C.. ......ID 0,0-0,0 #1}
07-08 21:28:06.312  1310  1310 D Launcher.Workspace: addInScreenFromBind: hotseat inflation with x = 1 and y = 0
07-08 21:28:06.312  1310  1310 D CellLayout: Adding view to ShortcutsAndWidgetsContainer: com.android.launcher3.views.DoubleShadowBubbleTextView{3d35b1c VFED..C.. ......ID 0,0-0,0 #2}
07-08 21:28:06.312  1310  1310 D Launcher.Workspace: addInScreenFromBind: hotseat inflation with x = 2 and y = 0
07-08 21:28:06.312  1310  1310 D CellLayout: Adding view to ShortcutsAndWidgetsContainer: com.android.launcher3.views.DoubleShadowBubbleTextView{a688325 VFED..C.. ......ID 0,0-0,0 #3}
07-08 21:28:06.312  1310  1310 D Launcher.Workspace: addInScreenFromBind: hotseat inflation with x = 3 and y = 0
07-08 21:28:06.312  1310  1310 D CellLayout: Adding view to ShortcutsAndWidgetsContainer: com.android.launcher3.views.DoubleShadowBubbleTextView{a134cfa VFED..C.. ......ID 0,0-0,0 #4}
07-08 21:28:06.312  1310  1310 D Launcher.Workspace: addInScreenFromBind: hotseat inflation with x = 4 and y = 0
07-08 21:28:06.312  1310  1310 D CellLayout: Adding view to ShortcutsAndWidgetsContainer: com.android.launcher3.views.DoubleShadowBubbleTextView{f0822ab VFED..C.. ......ID 0,0-0,0 #5}
07-08 21:28:06.351  1310  1310 D LauncherBinder: Starting async inflation
07-08 21:28:06.355  1310  1310 D AllAppsStore: setApps: apps.length=20
07-08 21:28:06.355  1310  1310 D AllAppsStore: notifyUpdate: notifying listeners
07-08 21:28:06.355  1310  1310 D ActivityAllAppsContainerView: onAppsUpdated; number of apps: 20
07-08 21:28:06.355  1310  1310 D ActivityAllAppsContainerView: rebindAdapters: force: false
07-08 21:28:06.355  1310  1310 D ActivityAllAppsContainerView: rebindAdapters: Not needed.
07-08 21:28:06.355  1310  1310 D StatsLog: LAUNCHER_ALLAPPS_COUNT
07-08 21:28:06.355  1310  1310 D AlphabeticalAppsList: Clearing FastScrollerSections.
07-08 21:28:06.356  1310  1310 D AlphabeticalAppsList: Adding apps with sections. HasPrivateApps: false
07-08 21:28:06.356  1310  1310 D AlphabeticalAppsList: addAppsWithSections: adding sectionName: C with appInfoTitle: Calendar
07-08 21:28:06.356  1310  1310 D AlphabeticalAppsList: addAppsWithSections: adding sectionName: D with appInfoTitle: Drive
07-08 21:28:06.356  1310  1310 D AlphabeticalAppsList: addAppsWithSections: adding sectionName: F with appInfoTitle: Files
07-08 21:28:06.356  1310  1310 D AlphabeticalAppsList: addAppsWithSections: adding sectionName: G with appInfoTitle: Gmail
07-08 21:28:06.356  1310  1310 D AlphabeticalAppsList: addAppsWithSections: adding sectionName: M with appInfoTitle: Maps
07-08 21:28:06.356  1310  1310 D AlphabeticalAppsList: addAppsWithSections: adding sectionName: P with appInfoTitle: Phone
07-08 21:28:06.356  1310  1310 D AlphabeticalAppsList: addAppsWithSections: adding sectionName: Q with appInfoTitle: QuickieFix
07-08 21:28:06.356  1310  1310 D AlphabeticalAppsList: addAppsWithSections: adding sectionName: S with appInfoTitle: Safety
07-08 21:28:06.356  1310  1310 D AlphabeticalAppsList: addAppsWithSections: adding sectionName: T with appInfoTitle: TMoble
07-08 21:28:06.356  1310  1310 D AlphabeticalAppsList: addAppsWithSections: adding sectionName: Y with appInfoTitle: YouTube
07-08 21:28:06.356  1310  1310 D AlphabeticalAppsList: Adding FastScrollSection duplicate to scroll to the bottom.
07-08 21:28:06.356  1310  1310 D AlphabeticalAppsList: Clearing FastScrollerSections.
07-08 21:28:06.356  1310  1310 D AlphabeticalAppsList: Adding apps with sections. HasPrivateApps: false
07-08 21:28:06.356  1310  1310 D AlphabeticalAppsList: addAppsWithSections: adding sectionName: C with appInfoTitle: Calendar
07-08 21:28:06.356  1310  1310 D AlphabeticalAppsList: addAppsWithSections: adding sectionName: D with appInfoTitle: Drive
07-08 21:28:06.356  1310  1310 D AlphabeticalAppsList: addAppsWithSections: adding sectionName: F with appInfoTitle: Files
07-08 21:28:06.356  1310  1310 D AlphabeticalAppsList: addAppsWithSections: adding sectionName: G with appInfoTitle: Gmail
07-08 21:28:06.356  1310  1310 D AlphabeticalAppsList: addAppsWithSections: adding sectionName: M with appInfoTitle: Maps
07-08 21:28:06.356  1310  1310 D AlphabeticalAppsList: addAppsWithSections: adding sectionName: P with appInfoTitle: Phone
07-08 21:28:06.356  1310  1310 D AlphabeticalAppsList: addAppsWithSections: adding sectionName: Q with appInfoTitle: QuickieFix
07-08 21:28:06.356  1310  1310 D AlphabeticalAppsList: addAppsWithSections: adding sectionName: S with appInfoTitle: Safety
07-08 21:28:06.356  1310  1310 D AlphabeticalAppsList: addAppsWithSections: adding sectionName: T with appInfoTitle: TMoble
07-08 21:28:06.356  1310  1310 D AlphabeticalAppsList: addAppsWithSections: adding sectionName: Y with appInfoTitle: YouTube
07-08 21:28:06.356  1310  1310 D AlphabeticalAppsList: Adding FastScrollSection duplicate to scroll to the bottom.
07-08 21:28:06.361  1310  1310 D AlphabeticIndexCompat: computeSectionName: cs: Settings sectionName: S
07-08 21:28:06.366  1310  1310 D AlphabeticIndexCompat: computeSectionName: cs: Photos sectionName: P
07-08 21:28:06.367  1310  1310 D AlphabeticIndexCompat: computeSectionName: cs: Battery sectionName: B
07-08 21:28:06.369  1310  1310 D AlphabeticIndexCompat: computeSectionName: cs: Chrome sectionName: C
07-08 21:28:06.369  1310  1310 D AlphabeticIndexCompat: computeSectionName: cs: Gmail sectionName: G
07-08 21:28:06.369  1310  1310 D AlphabeticIndexCompat: computeSectionName: cs: Drive sectionName: D
07-08 21:28:06.370  1310  1310 D AlphabeticIndexCompat: computeSectionName: cs: Clock sectionName: C
07-08 21:28:06.370  1310  1310 D AlphabeticIndexCompat: computeSectionName: cs: Contacts sectionName: C
07-08 21:28:06.373   654  1759 D SearchUiPerUserService: Creating SearchSessionInfo for session Id=com.google.android.apps.nexuslauncher:fc869a81-b8e1-43bf-9452-7dc483cc5145,0
07-08 21:28:06.374  1530  1530 I AiAiEcho: SearchContextManagerImpl::setSearchContext resultTypes=[139867] extras=[Bundle[{launcher.maxInlineIcons=3, dynamic_ranking_m3_enabled=true, qs_tiles_asi_enabled=true, allowlist_enabled=false, one_search_enabled=true, system_clock=true, version_code=12, gms_play_query_lower_bound=2, gms_play_query_upper_bound=20, recent_search_block_enabled=true, gms_play_feature_supported=true, launcher.gridSize=5, showhiddentargets_enabled=false, ose_info=1}]] sessionId=[com.google.android.apps.nexuslauncher:fc869a81-b8e1-43bf-9452-7dc483cc5145,0]
07-08 21:28:06.379  1310  1310 D AlphabeticIndexCompat: computeSectionName: cs: Calendar sectionName: C
07-08 21:28:06.380  1310  1310 D AlphabeticIndexCompat: computeSectionName: cs: Maps sectionName: M
07-08 21:28:06.381  1310  1310 D AlphabeticIndexCompat: computeSectionName: cs: YouTube Music sectionName: Y
07-08 21:28:06.381  1310  1310 D AlphabeticIndexCompat: computeSectionName: cs: YouTube sectionName: Y
07-08 21:28:06.382  1310  1310 D AlphabeticIndexCompat: computeSectionName: cs: Google sectionName: G
07-08 21:28:06.383  1310  1310 D AlphabeticIndexCompat: computeSectionName: cs: Android System Intelligence sectionName: A
07-08 21:28:06.383  1310  1310 D AlphabeticIndexCompat: computeSectionName: cs: Digital Wellbeing sectionName: D
07-08 21:28:06.383  1310  1310 D AlphabeticIndexCompat: computeSectionName: cs: Conversations sectionName: C
07-08 21:28:06.387   654  1755 D SearchUiPerUserService: Storing callback for session Id=com.google.android.apps.nexuslauncher:fc869a81-b8e1-43bf-9452-7dc483cc5145,0 and callback=android.os.BinderProxy@dd80ea6
07-08 21:28:06.387  1310  1339 D SearchTargetUtil: queryLength=0 size=1
07-08 21:28:06.387  1310  1339 D SearchTargetUtil: layoutType=icon_row resultType=4096 packageName=
07-08 21:28:06.405  1310  1310 D OverviewActionsView: updateActionButtonsVisibility() called: showSingleTaskActions = [true], showGroupActions = [false]
07-08 21:28:06.411  1310  1310 D KeyboardInsetsHandler: setState, toState:Normal StateManager(mLastStableState:Normal, mCurrentStableState:Normal, mState:Normal, mRestState:null, isInTransition:false)
07-08 21:28:06.411  1310  1310 D OverviewActionsView: updateActionButtonsVisibility() called: showSingleTaskActions = [true], showGroupActions = [false]
07-08 21:28:06.412   654  1759 V WindowManager: Queueing transition: TransitionRecord{6aac483 id=-1 type=CHANGE flags=0x0}
07-08 21:28:06.413  1310  1310 D b/380940677: [mStateHandlerRequest=0, mCurrentStateRequest=0, mLastActivityFlags=5, mIgnoreAutoRotateSettings=false, mHomeRotationEnabled=false, mForceAllowRotationForTesting=false, mDestroyed=false, mIsFixedLandscape=false]
07-08 21:28:06.418  1310  1339 D InputMonitorCompat: Input monitor (minus-one-disp0) created
07-08 21:28:06.421  1310  1310 D ActivityAllAppsContainerView: rebindAdapters: force: false
07-08 21:28:06.421  1310  1310 D ActivityAllAppsContainerView: rebindAdapters: Not needed.
07-08 21:28:06.423  1310  1310 D ViewRootImpl: Skipping stats log for color mode
07-08 21:28:06.424  1310  1310 W SplitSelectStateCtor: Missing session instanceIds
07-08 21:28:06.424  1310  1310 D StatsLog: LAUNCHER_SPLIT_SELECTION_EXIT_INTERRUPTED
07-08 21:28:06.424  1310  1310 D ViewRootImpl: Skipping stats log for color mode
07-08 21:28:06.425  1310  1310 D StateManager: goToState - fromState: Normal, toState: Normal, partial trace:
07-08 21:28:06.425  1310  1310 D StateManager: 	at com.android.launcher3.statemanager.StateManager.moveToRestState(go/retraceme 72a59688580715d19f0e415c69e80376c2f062d1648c80db6730905005a27c20:4)
07-08 21:28:06.425  1310  1310 D StateManager: 	at com.android.launcher3.statemanager.StateManager.moveToRestState(go/retraceme 72a59688580715d19f0e415c69e80376c2f062d1648c80db6730905005a27c20:1)
07-08 21:28:06.425  1310  1310 D StateManager: 	at com.android.launcher3.statemanager.StatefulActivity.onStop(go/retraceme 72a59688580715d19f0e415c69e80376c2f062d1648c80db6730905005a27c20:34)
07-08 21:28:06.425  1310  1310 D StatsLog: LAUNCHER_GOOGLE_SEARCH_RESTORE_LIST_SIZE_AFTER_ACTIVITY_RESTART
07-08 21:28:06.426  1310  1310 I Choreographer: Skipped 65 frames!  The application may be doing too much work on its main thread.
07-08 21:28:06.431  1310  1339 D InputMonitorCompat: Input event receiver for monitor (minus-one-disp0) created
07-08 21:28:06.438  1017  1120 D WindowManagerShell: setLauncherKeepClearAreaHeight: visible=true, height=459
07-08 21:28:06.444  1310  1310 I SsCardPagerAdapter: [rmv] Rendering flag - enabled: true rmv: null
07-08 21:28:06.444  1310  1310 I SsCardPagerAdapter: Use UI template for the feature: 1
07-08 21:28:06.454  1310  2673 I HWUI    : Davey! duration=1109ms; Flags=0, FrameTimelineVsyncId=30270, IntendedVsync=7691316554099, Vsync=7692399887389, InputEventId=0, HandleInputStart=7692412958687, AnimationStart=7692412959483, PerformTraversalsStart=7692413801244, DrawStart=7692413867278, FrameDeadline=7691333220765, FrameStartTime=7692412494497, FrameInterval=16666666, WorkloadTarget=16666666, SyncQueued=7692413874561, SyncStart=7692414563595, IssueDrawCommandsStart=7692414581653, SwapBuffers=7692425349426, FrameCompleted=7692426793212, DequeueBufferDuration=5081, QueueBufferDuration=682942, GpuCompleted=7692426643312, SwapBuffersCompleted=7692426793212, DisplayPresentTime=0, CommandSubmissionCompleted=7692425349426, 
07-08 21:28:06.479  1310  1310 D SsBaseTemplateCard: No text view can be set up
07-08 21:28:06.480  1310  1310 D SsBaseTemplateCard: Passed-in item info is null
07-08 21:28:06.480  1310  1310 D SsBaseTemplateCard: Passed-in item info is null
07-08 21:28:06.480  1310  1310 D SsBaseTemplateCard: Passed-in item info is null
07-08 21:28:06.480  1310  1310 I SsBaseTemplateCard: Secondary card pane is null
07-08 21:28:06.492  1310  1310 D InputMonitorCompat: Input event receiver for monitor (minus-one-disp0) disposed
07-08 21:28:06.492  1310  1310 D InputMonitorCompat: Input monitor (minus-one-disp0) disposed
07-08 21:28:06.493  1310  1310 D TISBindHelper: TIS service connected
07-08 21:28:06.493  1310  1310 D TaskbarManager: setActivity: mActivity=null displayId=0 isDefaultDisplay=true
07-08 21:28:06.493  1310  1310 D TaskbarManager: setActivity: registering activity lifecycle callbacks. displayId=0 isDefaultDisplay=true
07-08 21:28:06.493  1310  1310 D TaskbarManager: getUnfoldTransitionProgressProviderForActivity displayId=0 isDefaultDisplay=true
07-08 21:28:06.493  1310  1310 D TaskbarManager: setRecentsViewContainer displayId=0 isDefaultDisplay=true
07-08 21:28:06.493  1310  1310 D TaskbarManager: createTaskbarUIControllerForRecentsViewContainer displayId=0 isDefaultDisplay=true
07-08 21:28:06.497  1310  1310 D LauncherBinder: Calling onCompleteSignal
07-08 21:28:06.497  1310  1310 D ViewOnDrawExecutor: markCompleted: executing tasks
07-08 21:28:06.497   654   978 D BackgroundInstallControlService: Package event received: 0
07-08 21:28:06.500  1017  5486 V WindowManagerShell: onTransitionReady(transaction=2808908612241)
07-08 21:28:06.501  1017  1120 V WindowManagerShell: onTransitionReady (#19) android.os.BinderProxy@85b87cf: {id=19 t=CLOSE f=0x0 trk=0 r=[] c=[]}
07-08 21:28:06.501  1017  1120 V WindowManagerShell: No transition roots in (#19) android.os.BinderProxy@85b87cf@0 so abort
07-08 21:28:06.501  1017  1120 V WindowManagerShell: Transition animation finished (aborted=true), notifying core (#19) android.os.BinderProxy@85b87cf@0
07-08 21:28:06.504   654   686 V WindowManager: Sent Transition (#19) createdAt=07-08 21:28:05.427 via request=TransitionRequestInfo { type = CLOSE, triggerTask = null, pipChange = null, remoteTransition = RemoteTransition { remoteTransition = android.window.IRemoteTransition$Stub$Proxy@dd8b28a, appThread = null, debugName = TaskFragmentComponent }, displayChange = null, flags = 0, debugId = 19 }
07-08 21:28:06.505  1310  1310 D ActivityAllAppsContainerView: rebindAdapters: force: false
07-08 21:28:06.507   654   686 V WindowManager:     startWCT=WindowContainerTransaction { changes= {} hops= [] errorCallbackToken=null taskFragmentOrganizer=null }
